## Rewiring depth

| rewiring | swaps accepted | edges with a new target | novel (PN, KC) pairs | per-KC inputs relocated (mean +- SD) |
|---|---|---|---|---|
| rw1 | 314,207 | 94.6% | 88.2% | 86.4% +- 19.0% |
| rw2 | 314,505 | 95.1% | 88.6% | 87.2% +- 18.4% |
| rw3 | 314,595 | 95.0% | 88.8% | 87.3% +- 18.5% |

## Per-KC homeostasis

| condition | iterations | converged | KC active frac | active/state | r>0.5 | r>0.3 | silent | offset mean / SD / min / max (mV) |
|---|---|---|---|---|---|---|---|---|
| real | 10 | True | 0.0446 | 181.3 | 0.0126 | 0.0194 | 1949 | -2.16 / 2.99 / -6.7 / 20.6 |
| rw1 | 12 | True | 0.0403 | 163.7 | 0.0042 | 0.0062 | 1738 | -2.16 / 3.08 / -6.7 / 23.0 |
| rw2 | 10 | True | 0.0448 | 182.2 | 0.0158 | 0.0197 | 1990 | -2.12 / 3.01 / -6.7 / 20.7 |
| rw3 | 10 | True | 0.0435 | 176.7 | 0.0106 | 0.0175 | 2006 | -2.13 / 3.04 / -6.7 / 19.3 |

## Activity matching (raw)

| condition | ALPN Hz | KC Hz | MBON Hz | DN Hz | KC active frac | KC active/state | KC always-on (r>0.5) | KC r>0.3 | KC silent | non-constant ALPN+KC+DN |
|---|---|---|---|---|---|---|---|---|---|---|
| real | 69.47 | 1.33 | 8.16 | 6.26 | 0.0458 | 186.0 | 0.0403 (164) | 0.0522 (212) | 3347 | 1893 |
| rw1 | 69.45 | 1.39 | 8.17 | 6.26 | 0.0478 | 194.2 | 0.0406 (165) | 0.0522 (212) | 3353 | 1889 |
| rw2 | 69.50 | 1.36 | 8.13 | 6.25 | 0.0475 | 193.0 | 0.0386 (157) | 0.0546 (222) | 3356 | 1882 |
| rw3 | 69.47 | 1.35 | 8.07 | 6.26 | 0.0468 | 190.2 | 0.0386 (157) | 0.0549 (223) | 3359 | 1882 |

## Populations (raw)

| condition | population | mean Hz | active/state | non-constant | ever active |
|---|---|---|---|---|---|
| real | ALPN (686) | 69.47 | 474.2 | 572 | 592 |
| real | KC (4064) | 1.33 | 186.0 | 717 | 717 |
| real | MBON (97) | 8.16 | 20.1 | 48 | 48 |
| real | DN (1314) | 6.26 | 247.3 | 604 | 606 |
| rw1 | ALPN (686) | 69.45 | 474.1 | 570 | 592 |
| rw1 | KC (4064) | 1.39 | 194.2 | 711 | 711 |
| rw1 | MBON (97) | 8.17 | 20.3 | 42 | 42 |
| rw1 | DN (1314) | 6.26 | 247.3 | 608 | 610 |
| rw2 | ALPN (686) | 69.50 | 474.2 | 570 | 591 |
| rw2 | KC (4064) | 1.36 | 193.0 | 706 | 708 |
| rw2 | MBON (97) | 8.13 | 20.0 | 45 | 45 |
| rw2 | DN (1314) | 6.25 | 247.1 | 606 | 608 |
| rw3 | ALPN (686) | 69.47 | 474.2 | 572 | 592 |
| rw3 | KC (4064) | 1.35 | 190.2 | 704 | 705 |
| rw3 | MBON (97) | 8.07 | 19.8 | 45 | 45 |
| rw3 | DN (1314) | 6.26 | 247.3 | 606 | 608 |

## KC active-set Jaccard (raw)

| condition | J within hand type | J between hand types | ratio | mean KC active-set size |
|---|---|---|---|---|
| real | 0.6130 | 0.5584 | 0.9111 | 186.0 |
| rw1 | 0.6306 | 0.5736 | 0.9097 | 194.2 |
| rw2 | 0.5953 | 0.5393 | 0.9060 | 193.0 |
| rw3 | 0.5983 | 0.5469 | 0.9141 | 190.2 |

## 9-way hand-type decoding, acc / grouped-CV (permuted) (raw)

| condition | KC | KCBIN | DN | ALPN | MBON |
|---|---|---|---|---|---|
| real | 0.984 / 0.990 (0.200) | 0.982 / 0.984 (0.198) | 0.646 / 0.620 (0.152) | 1.000 / 1.000 (0.148) | 0.316 / 0.298 (0.206) |
| rw1 | 0.994 / 0.992 (0.178) | 0.988 / 0.992 (0.200) | 0.602 / 0.600 (0.170) | 1.000 / 1.000 (0.180) | 0.322 / 0.316 (0.146) |
| rw2 | 0.986 / 0.992 (0.194) | 0.984 / 0.990 (0.186) | 0.626 / 0.598 (0.164) | 1.000 / 1.000 (0.178) | 0.302 / 0.296 (0.192) |
| rw3 | 0.990 / 0.992 (0.178) | 0.986 / 0.986 (0.176) | 0.634 / 0.602 (0.160) | 1.000 / 1.000 (0.160) | 0.340 / 0.332 (0.198) |

Baselines on the same 500 held-out patterns: majority 0.2380, permuted labels on the 32 relay bits 0.2080, the 32 relay bits 1.0000, bits-on count only 0.6640, **driven-ORN count only 0.4020** (`outputs/mb2/REPORT.md` measured 0.267 for that confound on its own 2,000-state sample).

## Imitation (raw)

| condition | readout | held-out imitation top-1 | effective dims |
|---|---|---|---|
| real | kc | 0.7085 | 993 / 4064 |
| real | dn | 0.6606 | 654 / 1314 |
| rw1 | kc | 0.7159 | 965 / 4064 |
| rw1 | dn | 0.6573 | 660 / 1314 |
| rw2 | kc | 0.7246 | 992 / 4064 |
| rw2 | dn | 0.6616 | 659 / 1314 |
| rw3 | kc | 0.7147 | 967 / 4064 |
| rw3 | dn | 0.6620 | 654 / 1314 |

## Live play, 400 episodes (raw)

| condition | readout | clear ante 1 | mean chips | plays that were the best subset | plays |
|---|---|---|---|---|---|
| real | kc | 26.5% | 843 | 0.678 | 3376 |
| real | dn | 3.2% | 514 | 0.393 | 2798 |
| rw1 | kc | 24.8% | 851 | 0.705 | 3352 |
| rw1 | dn | 3.8% | 494 | 0.381 | 2689 |
| rw2 | kc | 25.0% | 845 | 0.724 | 3268 |
| rw2 | dn | 3.2% | 489 | 0.363 | 2752 |
| rw3 | kc | 27.5% | 830 | 0.702 | 3278 |
| rw3 | dn | 4.0% | 512 | 0.394 | 2709 |

## Paired comparisons (raw)

| readout | rewiring | imitation real - rw (95% CI) | clear real - rw | McNemar p (discordant) | chips real - rw (95% CI) |
|---|---|---|---|---|---|
| kc | rw1 | -0.0074 [-0.0113, -0.0035] | +1.8 pp (26.5% vs 24.8%) | 0.6322 (82/75) | -8.0 [-53.6, 38.1] |
| kc | rw2 | -0.0161 [-0.0200, -0.0122] | +1.5 pp (26.5% vs 25.0%) | 0.6946 (84/78) | -1.6 [-47.6, 44.9] |
| kc | rw3 | -0.0062 [-0.0099, -0.0025] | -1.0 pp (26.5% vs 27.5%) | 0.8066 (73/77) | 12.9 [-30.9, 57.2] |
| dn | rw1 | 0.0032 [-0.0006, 0.0072] | -0.5 pp (3.2% vs 3.8%) | 0.8506 (13/15) | 20.2 [-20.1, 60.1] |
| dn | rw2 | -0.0010 [-0.0048, 0.0028] | +0.0 pp (3.2% vs 3.2%) | 1.0000 (13/13) | 25.5 [-9.6, 60.2] |
| dn | rw3 | -0.0015 [-0.0055, 0.0027] | -0.8 pp (3.2% vs 4.0%) | 0.7011 (12/15) | 2.3 [-36.4, 39.9] |

wrote /Users/abhipoluri/fly-balatro/outputs/calyx/tables_raw.md
