## Rewiring depth

| rewiring | swaps accepted | edges with a new target | novel (PN, KC) pairs | per-KC inputs relocated (mean +- SD) |
|---|---|---|---|---|
| rw1 | 314,207 | 94.6% | 88.2% | 86.4% +- 19.0% |
| rw2 | 314,505 | 95.1% | 88.6% | 87.2% +- 18.4% |
| rw3 | 314,595 | 95.0% | 88.8% | 87.3% +- 18.5% |

## Per-KC homeostasis

| condition | iterations | converged | KC active frac | active/state | r>0.5 | r>0.3 | silent | offset mean / SD / min / max (mV) |
|---|---|---|---|---|---|---|---|---|
| real | 10 | True | 0.0446 | 181.3 | 0.0126 | 0.0194 | 1949 | -2.16 / 2.99 / -6.7 / 20.6 |
| rw1 | 12 | True | 0.0403 | 163.7 | 0.0042 | 0.0062 | 1738 | -2.16 / 3.08 / -6.7 / 23.0 |
| rw2 | 10 | True | 0.0448 | 182.2 | 0.0158 | 0.0197 | 1990 | -2.12 / 3.01 / -6.7 / 20.7 |
| rw3 | 10 | True | 0.0435 | 176.7 | 0.0106 | 0.0175 | 2006 | -2.13 / 3.04 / -6.7 / 19.3 |

## Activity matching (homeo)

| condition | ALPN Hz | KC Hz | MBON Hz | DN Hz | KC active frac | KC active/state | KC always-on (r>0.5) | KC r>0.3 | KC silent | non-constant ALPN+KC+DN |
|---|---|---|---|---|---|---|---|---|---|---|
| real | 69.54 | 1.04 | 9.91 | 6.16 | 0.0436 | 177.3 | 0.0116 (47) | 0.0197 (80) | 1930 | 3303 |
| rw1 | 69.63 | 0.85 | 8.97 | 6.22 | 0.0396 | 161.1 | 0.0020 (8) | 0.0062 (25) | 1770 | 3473 |
| rw2 | 69.54 | 1.00 | 9.77 | 6.18 | 0.0429 | 174.5 | 0.0111 (45) | 0.0204 (83) | 2013 | 3235 |
| rw3 | 69.55 | 1.01 | 9.89 | 6.16 | 0.0426 | 173.2 | 0.0113 (46) | 0.0170 (69) | 2043 | 3196 |

## Populations (homeo)

| condition | population | mean Hz | active/state | non-constant | ever active |
|---|---|---|---|---|---|
| real | ALPN (686) | 69.54 | 474.2 | 568 | 591 |
| real | KC (4064) | 1.04 | 177.3 | 2134 | 2134 |
| real | MBON (97) | 9.91 | 29.0 | 68 | 68 |
| real | DN (1314) | 6.16 | 240.8 | 601 | 603 |
| rw1 | ALPN (686) | 69.63 | 474.4 | 568 | 590 |
| rw1 | KC (4064) | 0.85 | 161.1 | 2294 | 2294 |
| rw1 | MBON (97) | 8.97 | 24.6 | 66 | 66 |
| rw1 | DN (1314) | 6.22 | 245.1 | 611 | 613 |
| rw2 | ALPN (686) | 69.54 | 474.1 | 569 | 590 |
| rw2 | KC (4064) | 1.00 | 174.5 | 2051 | 2051 |
| rw2 | MBON (97) | 9.77 | 28.7 | 69 | 69 |
| rw2 | DN (1314) | 6.18 | 242.3 | 615 | 616 |
| rw3 | ALPN (686) | 69.55 | 474.1 | 571 | 592 |
| rw3 | KC (4064) | 1.01 | 173.2 | 2020 | 2021 |
| rw3 | MBON (97) | 9.89 | 29.2 | 64 | 64 |
| rw3 | DN (1314) | 6.16 | 241.4 | 605 | 606 |

## KC active-set Jaccard (homeo)

| condition | J within hand type | J between hand types | ratio | mean KC active-set size |
|---|---|---|---|---|
| real | 0.2450 | 0.1143 | 0.4665 | 177.3 |
| rw1 | 0.1864 | 0.0552 | 0.2964 | 161.1 |
| rw2 | 0.2668 | 0.1184 | 0.4437 | 174.5 |
| rw3 | 0.2402 | 0.1144 | 0.4762 | 173.2 |

## 9-way hand-type decoding, acc / grouped-CV (permuted) (homeo)

| condition | KC | KCBIN | DN | ALPN | MBON |
|---|---|---|---|---|---|
| real | 1.000 / 1.000 (0.138) | 1.000 / 1.000 (0.144) | 0.652 / 0.676 (0.202) | 1.000 / 1.000 (0.154) | 0.602 / 0.600 (0.188) |
| rw1 | 1.000 / 0.998 (0.178) | 1.000 / 0.998 (0.176) | 0.650 / 0.616 (0.164) | 1.000 / 1.000 (0.174) | 0.668 / 0.662 (0.194) |
| rw2 | 1.000 / 1.000 (0.146) | 1.000 / 1.000 (0.148) | 0.642 / 0.638 (0.166) | 1.000 / 1.000 (0.180) | 0.678 / 0.668 (0.234) |
| rw3 | 1.000 / 1.000 (0.174) | 1.000 / 1.000 (0.168) | 0.630 / 0.620 (0.178) | 1.000 / 1.000 (0.200) | 0.662 / 0.632 (0.208) |

Baselines on the same 500 held-out patterns: majority 0.2380, permuted labels on the 32 relay bits 0.2080, the 32 relay bits 1.0000, bits-on count only 0.6640, **driven-ORN count only 0.4020** (`outputs/mb2/REPORT.md` measured 0.267 for that confound on its own 2,000-state sample).

## Imitation (homeo)

| condition | readout | held-out imitation top-1 | effective dims |
|---|---|---|---|
| real | kc | 0.7498 | 2790 / 4064 |
| real | dn | 0.6587 | 645 / 1314 |
| rw1 | kc | 0.7491 | 2896 / 4064 |
| rw1 | dn | 0.6645 | 651 / 1314 |
| rw2 | kc | 0.7493 | 2742 / 4064 |
| rw2 | dn | 0.6660 | 642 / 1314 |
| rw3 | kc | 0.7478 | 2755 / 4064 |
| rw3 | dn | 0.6632 | 645 / 1314 |

## Live play, 400 episodes (homeo)

| condition | readout | clear ante 1 | mean chips | plays that were the best subset | plays |
|---|---|---|---|---|---|
| real | kc | 38.0% | 936 | 0.799 | 3397 |
| real | dn | 1.8% | 495 | 0.362 | 2727 |
| rw1 | kc | 38.2% | 930 | 0.816 | 3388 |
| rw1 | dn | 3.2% | 511 | 0.367 | 2794 |
| rw2 | kc | 35.8% | 923 | 0.799 | 3356 |
| rw2 | dn | 3.2% | 501 | 0.353 | 2775 |
| rw3 | kc | 33.8% | 916 | 0.817 | 3364 |
| rw3 | dn | 2.5% | 502 | 0.356 | 2744 |

## Paired comparisons (homeo)

| readout | rewiring | imitation real - rw (95% CI) | clear real - rw | McNemar p (discordant) | chips real - rw (95% CI) |
|---|---|---|---|---|---|
| kc | rw1 | 0.0007 [-0.0017, 0.0032] | -0.2 pp (38.0% vs 38.2%) | 1.0000 (60/61) | 6.3 [-26.9, 39.4] |
| kc | rw2 | 0.0006 [-0.0016, 0.0027] | +2.2 pp (38.0% vs 35.8%) | 0.4672 (65/56) | 13.8 [-16.0, 44.3] |
| kc | rw3 | 0.0020 [-0.0002, 0.0043] | +4.2 pp (38.0% vs 33.8%) | 0.1285 (64/47) | 20.3 [-10.6, 51.3] |
| dn | rw1 | -0.0058 [-0.0105, -0.0011] | -1.5 pp (1.8% vs 3.2%) | 0.2632 (7/13) | -16.1 [-52.5, 20.0] |
| dn | rw2 | -0.0073 [-0.0118, -0.0027] | -1.5 pp (1.8% vs 3.2%) | 0.2632 (7/13) | -6.5 [-42.6, 29.3] |
| dn | rw3 | -0.0045 [-0.0088, -0.0001] | -0.8 pp (1.8% vs 2.5%) | 0.6072 (6/9) | -6.8 [-45.1, 32.5] |

wrote /Users/abhipoluri/fly-balatro/outputs/calyx/tables_homeo.md
