=== apl1_tonic_vth0  {'label': 'apl1_tonic_vth0', 'apl_scale': 1.0, 'drive': 'tonic', 'kc_vth_offset_mv': 0.0, 'kc_input_norm': 0.0}
    [apl1_tonic_vth0] 250/2000  27s
    [apl1_tonic_vth0] 500/2000  55s
    [apl1_tonic_vth0] 750/2000  83s
    [apl1_tonic_vth0] 1000/2000  110s
    [apl1_tonic_vth0] 1250/2000  138s
    [apl1_tonic_vth0] 1500/2000  166s
    [apl1_tonic_vth0] 1750/2000  194s
    [apl1_tonic_vth0] 2000/2000  222s
  KC active 0.3421 always-on 0.3337 (a/a 0.975) J between/within 0.9424  MBON 48.54 Hz vary 71  ALPN CV 0.0274  222s
=== apl1_tonic_vth4  {'label': 'apl1_tonic_vth4', 'apl_scale': 1.0, 'drive': 'tonic', 'kc_vth_offset_mv': 4.0, 'kc_input_norm': 0.0}
    [apl1_tonic_vth4] 250/2000  29s
    [apl1_tonic_vth4] 500/2000  57s
    [apl1_tonic_vth4] 750/2000  84s
    [apl1_tonic_vth4] 1000/2000  111s
    [apl1_tonic_vth4] 1250/2000  137s
    [apl1_tonic_vth4] 1500/2000  169s
    [apl1_tonic_vth4] 1750/2000  210s
    [apl1_tonic_vth4] 2000/2000  253s
  KC active 0.2034 always-on 0.1922 (a/a 0.945) J between/within 0.9282  MBON 25.50 Hz vary 64  ALPN CV 0.0274  253s
=== apl1_poisson_vth0  {'label': 'apl1_poisson_vth0', 'apl_scale': 1.0, 'drive': 'poisson', 'kc_vth_offset_mv': 0.0, 'kc_input_norm': 0.0}
    [apl1_poisson_vth0] 250/2000  48s
    [apl1_poisson_vth0] 500/2000  83s
    [apl1_poisson_vth0] 750/2000  118s
    [apl1_poisson_vth0] 1000/2000  159s
    [apl1_poisson_vth0] 1250/2000  206s
    [apl1_poisson_vth0] 1500/2000  254s
    [apl1_poisson_vth0] 1750/2000  291s
    [apl1_poisson_vth0] 2000/2000  326s
  KC active 0.3313 always-on 0.3233 (a/a 0.976) J between/within 0.9517  MBON 46.80 Hz vary 71  ALPN CV 0.0246  326s
=== apl1_poisson_vth4  {'label': 'apl1_poisson_vth4', 'apl_scale': 1.0, 'drive': 'poisson', 'kc_vth_offset_mv': 4.0, 'kc_input_norm': 0.0}
    [apl1_poisson_vth4] 250/2000  42s
    [apl1_poisson_vth4] 500/2000  90s
    [apl1_poisson_vth4] 750/2000  131s
    [apl1_poisson_vth4] 1000/2000  167s
    [apl1_poisson_vth4] 1250/2000  199s
    [apl1_poisson_vth4] 1500/2000  229s
    [apl1_poisson_vth4] 1750/2000  260s
    [apl1_poisson_vth4] 2000/2000  290s
  KC active 0.1920 always-on 0.1843 (a/a 0.96) J between/within 0.9436  MBON 23.71 Hz vary 63  ALPN CV 0.0243  290s
=== apl2_tonic_vth0  {'label': 'apl2_tonic_vth0', 'apl_scale': 2.0, 'drive': 'tonic', 'kc_vth_offset_mv': 0.0, 'kc_input_norm': 0.0}
    [apl2_tonic_vth0] 250/2000  27s
    [apl2_tonic_vth0] 500/2000  60s
    [apl2_tonic_vth0] 750/2000  98s
    [apl2_tonic_vth0] 1000/2000  131s
    [apl2_tonic_vth0] 1250/2000  163s
    [apl2_tonic_vth0] 1500/2000  190s
    [apl2_tonic_vth0] 1750/2000  217s
    [apl2_tonic_vth0] 2000/2000  243s
  KC active 0.0482 always-on 0.0406 (a/a 0.842) J between/within 0.8792  MBON 8.61 Hz vary 45  ALPN CV 0.0284  243s
=== apl2_tonic_vth4  {'label': 'apl2_tonic_vth4', 'apl_scale': 2.0, 'drive': 'tonic', 'kc_vth_offset_mv': 4.0, 'kc_input_norm': 0.0}
    [apl2_tonic_vth4] 250/2000  29s
    [apl2_tonic_vth4] 500/2000  62s
    [apl2_tonic_vth4] 750/2000  92s
    [apl2_tonic_vth4] 1000/2000  124s
    [apl2_tonic_vth4] 1250/2000  151s
    [apl2_tonic_vth4] 1500/2000  177s
    [apl2_tonic_vth4] 1750/2000  204s
    [apl2_tonic_vth4] 2000/2000  230s
  KC active 0.0227 always-on 0.0202 (a/a 0.89) J between/within 0.8929  MBON 8.06 Hz vary 29  ALPN CV 0.0283  230s
=== apl2_poisson_vth0  {'label': 'apl2_poisson_vth0', 'apl_scale': 2.0, 'drive': 'poisson', 'kc_vth_offset_mv': 0.0, 'kc_input_norm': 0.0}
    [apl2_poisson_vth0] 250/2000  32s
    [apl2_poisson_vth0] 500/2000  65s
    [apl2_poisson_vth0] 750/2000  102s
    [apl2_poisson_vth0] 1000/2000  134s
    [apl2_poisson_vth0] 1250/2000  163s
    [apl2_poisson_vth0] 1500/2000  193s
    [apl2_poisson_vth0] 1750/2000  222s
    [apl2_poisson_vth0] 2000/2000  253s
  KC active 0.0450 always-on 0.0384 (a/a 0.853) J between/within 0.9108  MBON 8.19 Hz vary 45  ALPN CV 0.0252  253s
=== apl2_poisson_vth4  {'label': 'apl2_poisson_vth4', 'apl_scale': 2.0, 'drive': 'poisson', 'kc_vth_offset_mv': 4.0, 'kc_input_norm': 0.0}
    [apl2_poisson_vth4] 250/2000  34s
    [apl2_poisson_vth4] 500/2000  71s
    [apl2_poisson_vth4] 750/2000  106s
    [apl2_poisson_vth4] 1000/2000  140s
    [apl2_poisson_vth4] 1250/2000  170s
    [apl2_poisson_vth4] 1500/2000  200s
    [apl2_poisson_vth4] 1750/2000  230s
    [apl2_poisson_vth4] 2000/2000  261s
  KC active 0.0212 always-on 0.0189 (a/a 0.892) J between/within 0.9214  MBON 7.78 Hz vary 28  ALPN CV 0.0251  261s
=== apl5_tonic_vth0  {'label': 'apl5_tonic_vth0', 'apl_scale': 5.0, 'drive': 'tonic', 'kc_vth_offset_mv': 0.0, 'kc_input_norm': 0.0}
    [apl5_tonic_vth0] 250/2000  28s
    [apl5_tonic_vth0] 500/2000  55s
    [apl5_tonic_vth0] 750/2000  84s
    [apl5_tonic_vth0] 1000/2000  116s
    [apl5_tonic_vth0] 1250/2000  142s
    [apl5_tonic_vth0] 1500/2000  168s
    [apl5_tonic_vth0] 1750/2000  194s
    [apl5_tonic_vth0] 2000/2000  220s
  KC active 0.0059 always-on 0.0020 (a/a 0.339) J between/within 0.5881  MBON 5.91 Hz vary 35  ALPN CV 0.0314  220s
=== apl5_tonic_vth4  {'label': 'apl5_tonic_vth4', 'apl_scale': 5.0, 'drive': 'tonic', 'kc_vth_offset_mv': 4.0, 'kc_input_norm': 0.0}
    [apl5_tonic_vth4] 250/2000  27s
    [apl5_tonic_vth4] 500/2000  54s
    [apl5_tonic_vth4] 750/2000  86s
    [apl5_tonic_vth4] 1000/2000  115s
    [apl5_tonic_vth4] 1250/2000  140s
    [apl5_tonic_vth4] 1500/2000  165s
    [apl5_tonic_vth4] 1750/2000  191s
    [apl5_tonic_vth4] 2000/2000  216s
  KC active 0.0002 always-on 0.0002 (a/a 1.0) J between/within 1.0002  MBON 5.86 Hz vary 26  ALPN CV 0.0315  216s
=== apl5_poisson_vth0  {'label': 'apl5_poisson_vth0', 'apl_scale': 5.0, 'drive': 'poisson', 'kc_vth_offset_mv': 0.0, 'kc_input_norm': 0.0}
    [apl5_poisson_vth0] 250/2000  32s
    [apl5_poisson_vth0] 500/2000  68s
    [apl5_poisson_vth0] 750/2000  102s
    [apl5_poisson_vth0] 1000/2000  133s
    [apl5_poisson_vth0] 1250/2000  163s
    [apl5_poisson_vth0] 1500/2000  193s
    [apl5_poisson_vth0] 1750/2000  223s
    [apl5_poisson_vth0] 2000/2000  253s
  KC active 0.0047 always-on 0.0015 (a/a 0.319) J between/within 0.6385  MBON 5.73 Hz vary 35  ALPN CV 0.0283  253s
=== apl5_poisson_vth4  {'label': 'apl5_poisson_vth4', 'apl_scale': 5.0, 'drive': 'poisson', 'kc_vth_offset_mv': 4.0, 'kc_input_norm': 0.0}
    [apl5_poisson_vth4] 250/2000  32s
    [apl5_poisson_vth4] 500/2000  65s
    [apl5_poisson_vth4] 750/2000  101s
    [apl5_poisson_vth4] 1000/2000  133s
    [apl5_poisson_vth4] 1250/2000  163s
    [apl5_poisson_vth4] 1500/2000  194s
    [apl5_poisson_vth4] 1750/2000  224s
    [apl5_poisson_vth4] 2000/2000  254s
  KC active 0.0003 always-on 0.0002 (a/a 0.667) J between/within 1.001  MBON 5.67 Hz vary 26  ALPN CV 0.0285  254s
wrote /Users/abhipoluri/fly-balatro/outputs/mb2/grid.json
=== apl2_tonic_vth0_norm1  {'label': 'apl2_tonic_vth0_norm1', 'apl_scale': 2.0, 'drive': 'tonic', 'kc_vth_offset_mv': 0.0, 'kc_input_norm': 1.0}
    [apl2_tonic_vth0_norm1] 250/2000  27s
    [apl2_tonic_vth0_norm1] 500/2000  53s
    [apl2_tonic_vth0_norm1] 750/2000  79s
    [apl2_tonic_vth0_norm1] 1000/2000  105s
    [apl2_tonic_vth0_norm1] 1250/2000  131s
    [apl2_tonic_vth0_norm1] 1500/2000  157s
    [apl2_tonic_vth0_norm1] 1750/2000  183s
    [apl2_tonic_vth0_norm1] 2000/2000  209s
  KC active 0.0656 always-on 0.0605 (a/a 0.922) J between/within 0.8862  MBON 8.05 Hz vary 45  ALPN CV 0.0283  209s
wrote /Users/abhipoluri/fly-balatro/outputs/mb2/grid.json
