  apl1_tonic_vth4          KC.full.hand_type      acc 1.0 grp 0.9985 perm 0.102 margin 0.898 cols 1719 (18.4s)
  apl1_tonic_vth4          KC.full.sel_is_best    acc 1.0 grp 1.0 perm 0.864 margin 0.136 cols 1719 (7.1s)
  apl1_tonic_vth4          KC.full.intensity      acc 0.9685 grp 0.9545 perm 0.522 margin 0.4465 cols 1719 (9.2s)
  apl1_tonic_vth4          KC.late.hand_type      acc 1.0 grp 0.9995 perm 0.0985 margin 0.9015 cols 1719 (14.8s)
  apl1_tonic_vth4          KC.late.sel_is_best    acc 1.0 grp 1.0 perm 0.8645 margin 0.1355 cols 1719 (7.0s)
  apl1_tonic_vth4          KC.late.intensity      acc 0.9685 grp 0.9535 perm 0.514 margin 0.4545 cols 1719 (9.3s)
  apl1_tonic_vth4          KCbin.full.hand_type   acc 0.999 grp 0.9975 perm 0.1035 margin 0.8955 cols 1719 (15.9s)
  apl1_tonic_vth4          KCbin.full.sel_is_best acc 1.0 grp 1.0 perm 0.8615 margin 0.1385 cols 1719 (7.0s)
  apl1_tonic_vth4          KCbin.full.intensity   acc 0.962 grp 0.9355 perm 0.5285 margin 0.4335 cols 1719 (8.9s)
  apl1_tonic_vth4          KCbin.late.hand_type   acc 0.999 grp 0.9975 perm 0.1045 margin 0.8945 cols 1719 (14.5s)
  apl1_tonic_vth4          KCbin.late.sel_is_best acc 1.0 grp 1.0 perm 0.861 margin 0.139 cols 1719 (7.0s)
  apl1_tonic_vth4          KCbin.late.intensity   acc 0.962 grp 0.9355 perm 0.5295 margin 0.4325 cols 1719 (9.0s)
  apl1_tonic_vth4          MBON.full.hand_type    acc 0.5955 grp 0.449 perm 0.13 margin 0.4655 cols 64 (1.2s)
  apl1_tonic_vth4          MBON.full.sel_is_best  acc 0.9255 grp 0.916 perm 0.89 margin 0.0355 cols 64 (1.1s)
  apl1_tonic_vth4          MBON.full.intensity    acc 0.7955 grp 0.767 perm 0.5275 margin 0.268 cols 64 (0.9s)
  apl1_tonic_vth4          MBON.late.hand_type    acc 0.5895 grp 0.4405 perm 0.1275 margin 0.462 cols 64 (1.2s)
  apl1_tonic_vth4          MBON.late.sel_is_best  acc 0.923 grp 0.9155 perm 0.89 margin 0.033 cols 64 (1.0s)
  apl1_tonic_vth4          MBON.late.intensity    acc 0.7835 grp 0.7695 perm 0.522 margin 0.2615 cols 64 (0.9s)
  apl1_tonic_vth4          ALPN.full.hand_type    acc 1.0 grp 1.0 perm 0.1035 margin 0.8965 cols 605 (5.3s)
  apl1_tonic_vth4          ALPN.full.sel_is_best  acc 1.0 grp 1.0 perm 0.8775 margin 0.1225 cols 605 (3.1s)
  apl1_tonic_vth4          ALPN.full.intensity    acc 0.9775 grp 0.962 perm 0.531 margin 0.4465 cols 605 (3.3s)
  apl1_tonic_vth4          ALPN.late.hand_type    acc 1.0 grp 1.0 perm 0.106 margin 0.894 cols 601 (5.1s)
  apl1_tonic_vth4          ALPN.late.sel_is_best  acc 1.0 grp 1.0 perm 0.8765 margin 0.1235 cols 601 (3.2s)
  apl1_tonic_vth4          ALPN.late.intensity    acc 0.972 grp 0.957 perm 0.518 margin 0.454 cols 601 (3.1s)
  apl1_tonic_vth4          DN.full.hand_type      acc 0.852 grp 0.719 perm 0.107 margin 0.745 cols 634 (8.5s)
  apl1_tonic_vth4          DN.full.sel_is_best    acc 0.96 grp 0.9405 perm 0.8755 margin 0.0845 cols 634 (3.6s)
  apl1_tonic_vth4          DN.full.intensity      acc 0.916 grp 0.8715 perm 0.5165 margin 0.3995 cols 634 (3.5s)
  apl1_tonic_vth4          DN.late.hand_type      acc 0.8525 grp 0.735 perm 0.107 margin 0.7455 cols 631 (7.5s)
  apl1_tonic_vth4          DN.late.sel_is_best    acc 0.9555 grp 0.9375 perm 0.876 margin 0.0795 cols 631 (3.4s)
  apl1_tonic_vth4          DN.late.intensity      acc 0.9115 grp 0.861 perm 0.525 margin 0.3865 cols 631 (3.3s)
wrote /Users/abhipoluri/fly-balatro/outputs/mb2/probes.json
  apl1_poisson_vth0        KC.full.hand_type      acc 0.999 grp 0.999 perm 0.111 margin 0.888 cols 2258 (14.3s)
  apl1_poisson_vth0        KC.full.sel_is_best    acc 1.0 grp 1.0 perm 0.864 margin 0.136 cols 2258 (6.8s)
  apl1_poisson_vth0        KC.full.intensity      acc 0.9505 grp 0.9465 perm 0.4935 margin 0.457 cols 2258 (7.9s)
  apl1_poisson_vth0        KC.late.hand_type      acc 0.9985 grp 0.999 perm 0.1135 margin 0.885 cols 2203 (10.1s)
  apl1_poisson_vth0        KC.late.sel_is_best    acc 1.0 grp 1.0 perm 0.866 margin 0.134 cols 2203 (6.5s)
  apl1_poisson_vth0        KC.late.intensity      acc 0.9485 grp 0.9435 perm 0.4995 margin 0.449 cols 2203 (7.2s)
  apl1_poisson_vth0        KCbin.full.hand_type   acc 0.997 grp 0.9965 perm 0.108 margin 0.889 cols 2258 (10.9s)
  apl1_poisson_vth0        KCbin.full.sel_is_best acc 1.0 grp 1.0 perm 0.8575 margin 0.1425 cols 2258 (7.1s)
  apl1_poisson_vth0        KCbin.full.intensity   acc 0.93 grp 0.924 perm 0.5105 margin 0.4195 cols 2258 (9.1s)
  apl1_poisson_vth0        KCbin.late.hand_type   acc 0.9955 grp 0.996 perm 0.1105 margin 0.885 cols 2203 (11.0s)
  apl1_poisson_vth0        KCbin.late.sel_is_best acc 1.0 grp 1.0 perm 0.8585 margin 0.1415 cols 2203 (7.0s)
  apl1_poisson_vth0        KCbin.late.intensity   acc 0.924 grp 0.9185 perm 0.511 margin 0.413 cols 2203 (9.2s)
  apl1_poisson_vth0        MBON.full.hand_type    acc 0.4705 grp 0.4645 perm 0.1115 margin 0.359 cols 71 (2.3s)
  apl1_poisson_vth0        MBON.full.sel_is_best  acc 0.9195 grp 0.92 perm 0.8895 margin 0.03 cols 71 (2.4s)
  apl1_poisson_vth0        MBON.full.intensity    acc 0.761 grp 0.7615 perm 0.487 margin 0.274 cols 71 (2.1s)
  apl1_poisson_vth0        MBON.late.hand_type    acc 0.4625 grp 0.456 perm 0.1125 margin 0.35 cols 71 (2.4s)
  apl1_poisson_vth0        MBON.late.sel_is_best  acc 0.917 grp 0.9185 perm 0.89 margin 0.027 cols 71 (2.4s)
  apl1_poisson_vth0        MBON.late.intensity    acc 0.763 grp 0.76 perm 0.503 margin 0.26 cols 71 (2.0s)
  apl1_poisson_vth0        ALPN.full.hand_type    acc 1.0 grp 1.0 perm 0.123 margin 0.877 cols 610 (4.8s)
  apl1_poisson_vth0        ALPN.full.sel_is_best  acc 1.0 grp 1.0 perm 0.8655 margin 0.1345 cols 610 (3.2s)
  apl1_poisson_vth0        ALPN.full.intensity    acc 0.954 grp 0.9545 perm 0.488 margin 0.466 cols 610 (2.8s)
  apl1_poisson_vth0        ALPN.late.hand_type    acc 1.0 grp 1.0 perm 0.117 margin 0.883 cols 603 (4.3s)
  apl1_poisson_vth0        ALPN.late.sel_is_best  acc 1.0 grp 1.0 perm 0.8625 margin 0.1375 cols 603 (3.2s)
  apl1_poisson_vth0        ALPN.late.intensity    acc 0.95 grp 0.9505 perm 0.5045 margin 0.4455 cols 603 (2.8s)
  apl1_poisson_vth0        DN.full.hand_type      acc 0.6255 grp 0.599 perm 0.1065 margin 0.519 cols 654 (7.7s)
  apl1_poisson_vth0        DN.full.sel_is_best    acc 0.9135 grp 0.9075 perm 0.871 margin 0.0425 cols 654 (3.4s)
  apl1_poisson_vth0        DN.full.intensity      acc 0.796 grp 0.796 perm 0.511 margin 0.285 cols 654 (3.4s)
  apl1_poisson_vth0        DN.late.hand_type      acc 0.6225 grp 0.599 perm 0.111 margin 0.5115 cols 649 (7.0s)
  apl1_poisson_vth0        DN.late.sel_is_best    acc 0.911 grp 0.9065 perm 0.8725 margin 0.0385 cols 649 (3.4s)
  apl1_poisson_vth0        DN.late.intensity      acc 0.788 grp 0.7895 perm 0.512 margin 0.276 cols 649 (3.6s)
wrote /Users/abhipoluri/fly-balatro/outputs/mb2/probes.json
wrote /Users/abhipoluri/fly-balatro/outputs/mb2/probes.json
wrote /Users/abhipoluri/fly-balatro/outputs/mb2/probes.json
wrote /Users/abhipoluri/fly-balatro/outputs/mb2/probes.json
wrote /Users/abhipoluri/fly-balatro/outputs/mb2/probes.json
  apl1_poisson_vth4        KC.full.hand_type      acc 0.996 grp 0.997 perm 0.1155 margin 0.8805 cols 1611 (12.0s)
  apl1_poisson_vth4        KC.full.sel_is_best    acc 1.0 grp 1.0 perm 0.861 margin 0.139 cols 1611 (5.4s)
  apl1_poisson_vth4        KC.full.intensity      acc 0.942 grp 0.933 perm 0.4915 margin 0.4505 cols 1611 (6.4s)
  apl1_poisson_vth4        KC.late.hand_type      acc 0.997 grp 0.9975 perm 0.114 margin 0.883 cols 1611 (7.5s)
  apl1_poisson_vth4        KC.late.sel_is_best    acc 1.0 grp 1.0 perm 0.862 margin 0.138 cols 1611 (5.3s)
  apl1_poisson_vth4        KC.late.intensity      acc 0.943 grp 0.933 perm 0.4845 margin 0.4585 cols 1611 (6.3s)
  apl1_poisson_vth4        KCbin.full.hand_type   acc 0.9925 grp 0.992 perm 0.1195 margin 0.873 cols 1611 (7.9s)
  apl1_poisson_vth4        KCbin.full.sel_is_best acc 1.0 grp 1.0 perm 0.851 margin 0.149 cols 1611 (5.3s)
  apl1_poisson_vth4        KCbin.full.intensity   acc 0.9325 grp 0.924 perm 0.5055 margin 0.427 cols 1611 (6.9s)
  apl1_poisson_vth4        KCbin.late.hand_type   acc 0.9925 grp 0.9915 perm 0.1195 margin 0.873 cols 1611 (8.0s)
  apl1_poisson_vth4        KCbin.late.sel_is_best acc 1.0 grp 1.0 perm 0.852 margin 0.148 cols 1611 (5.4s)
  apl1_poisson_vth4        KCbin.late.intensity   acc 0.9315 grp 0.9245 perm 0.502 margin 0.4295 cols 1611 (6.9s)
  apl1_poisson_vth4        MBON.full.hand_type    acc 0.4475 grp 0.444 perm 0.1155 margin 0.332 cols 63 (1.1s)
  apl1_poisson_vth4        MBON.full.sel_is_best  acc 0.9095 grp 0.908 perm 0.89 margin 0.0195 cols 63 (1.0s)
  apl1_poisson_vth4        MBON.full.intensity    acc 0.732 grp 0.736 perm 0.5305 margin 0.2015 cols 63 (1.0s)
  apl1_poisson_vth4        MBON.late.hand_type    acc 0.445 grp 0.435 perm 0.1085 margin 0.3365 cols 63 (1.1s)
  apl1_poisson_vth4        MBON.late.sel_is_best  acc 0.908 grp 0.9065 perm 0.89 margin 0.018 cols 63 (1.0s)
  apl1_poisson_vth4        MBON.late.intensity    acc 0.7275 grp 0.726 perm 0.527 margin 0.2005 cols 63 (0.9s)
  apl1_poisson_vth4        ALPN.full.hand_type    acc 1.0 grp 1.0 perm 0.1115 margin 0.8885 cols 609 (4.6s)
  apl1_poisson_vth4        ALPN.full.sel_is_best  acc 1.0 grp 1.0 perm 0.8705 margin 0.1295 cols 609 (3.3s)
  apl1_poisson_vth4        ALPN.full.intensity    acc 0.9575 grp 0.9605 perm 0.494 margin 0.4635 cols 609 (3.0s)
  apl1_poisson_vth4        ALPN.late.hand_type    acc 1.0 grp 1.0 perm 0.1195 margin 0.8805 cols 602 (4.3s)
  apl1_poisson_vth4        ALPN.late.sel_is_best  acc 1.0 grp 1.0 perm 0.867 margin 0.133 cols 602 (3.1s)
  apl1_poisson_vth4        ALPN.late.intensity    acc 0.9505 grp 0.951 perm 0.5125 margin 0.438 cols 602 (3.0s)
  apl1_poisson_vth4        DN.full.hand_type      acc 0.6135 grp 0.5935 perm 0.109 margin 0.5045 cols 658 (8.2s)
  apl1_poisson_vth4        DN.full.sel_is_best    acc 0.9165 grp 0.9155 perm 0.8715 margin 0.045 cols 658 (3.3s)
  apl1_poisson_vth4        DN.full.intensity      acc 0.785 grp 0.789 perm 0.5235 margin 0.2615 cols 658 (3.6s)
  apl1_poisson_vth4        DN.late.hand_type      acc 0.6055 grp 0.5745 perm 0.1115 margin 0.494 cols 653 (7.1s)
  apl1_poisson_vth4        DN.late.sel_is_best    acc 0.9105 grp 0.9105 perm 0.8685 margin 0.042 cols 653 (3.4s)
  apl1_poisson_vth4        DN.late.intensity      acc 0.7895 grp 0.786 perm 0.5195 margin 0.27 cols 653 (3.5s)
wrote /Users/abhipoluri/fly-balatro/outputs/mb2/probes.json
wrote /Users/abhipoluri/fly-balatro/outputs/mb2/probes.json
wrote /Users/abhipoluri/fly-balatro/outputs/mb2/probes.json
  apl2_tonic_vth0          KC.full.hand_type      acc 1.0 grp 0.995 perm 0.1075 margin 0.8925 cols 888 (10.2s)
  apl2_tonic_vth0          KC.full.sel_is_best    acc 1.0 grp 1.0 perm 0.86 margin 0.14 cols 888 (3.8s)
  apl2_tonic_vth0          KC.full.intensity      acc 0.959 grp 0.94 perm 0.5105 margin 0.4485 cols 888 (4.1s)
  apl2_tonic_vth0          KC.late.hand_type      acc 0.998 grp 0.993 perm 0.1065 margin 0.8915 cols 636 (4.9s)
  apl2_tonic_vth0          KC.late.sel_is_best    acc 1.0 grp 1.0 perm 0.86 margin 0.14 cols 636 (3.3s)
  apl2_tonic_vth0          KC.late.intensity      acc 0.9425 grp 0.902 perm 0.519 margin 0.4235 cols 636 (3.3s)
  apl2_tonic_vth0          KCbin.full.hand_type   acc 1.0 grp 0.9945 perm 0.108 margin 0.892 cols 888 (6.7s)
  apl2_tonic_vth0          KCbin.full.sel_is_best acc 1.0 grp 1.0 perm 0.863 margin 0.137 cols 888 (3.8s)
  apl2_tonic_vth0          KCbin.full.intensity   acc 0.951 grp 0.9265 perm 0.5035 margin 0.4475 cols 888 (4.0s)
  apl2_tonic_vth0          KCbin.late.hand_type   acc 0.9945 grp 0.9885 perm 0.109 margin 0.8855 cols 636 (5.0s)
  apl2_tonic_vth0          KCbin.late.sel_is_best acc 1.0 grp 1.0 perm 0.8625 margin 0.1375 cols 636 (3.1s)
  apl2_tonic_vth0          KCbin.late.intensity   acc 0.9335 grp 0.8885 perm 0.5195 margin 0.414 cols 636 (3.2s)
  apl2_tonic_vth0          MBON.full.hand_type    acc 0.511 grp 0.4265 perm 0.1155 margin 0.3955 cols 45 (1.1s)
  apl2_tonic_vth0          MBON.full.sel_is_best  acc 0.9205 grp 0.918 perm 0.889 margin 0.0315 cols 45 (1.0s)
  apl2_tonic_vth0          MBON.full.intensity    acc 0.7505 grp 0.7245 perm 0.502 margin 0.2485 cols 45 (0.9s)
  apl2_tonic_vth0          MBON.late.hand_type    acc 0.5155 grp 0.4365 perm 0.1085 margin 0.407 cols 45 (1.1s)
  apl2_tonic_vth0          MBON.late.sel_is_best  acc 0.9135 grp 0.91 perm 0.889 margin 0.0245 cols 45 (1.0s)
  apl2_tonic_vth0          MBON.late.intensity    acc 0.7315 grp 0.718 perm 0.504 margin 0.2275 cols 45 (0.9s)
  apl2_tonic_vth0          ALPN.full.hand_type    acc 1.0 grp 1.0 perm 0.0945 margin 0.9055 cols 605 (5.5s)
  apl2_tonic_vth0          ALPN.full.sel_is_best  acc 1.0 grp 1.0 perm 0.8745 margin 0.1255 cols 605 (3.2s)
  apl2_tonic_vth0          ALPN.full.intensity    acc 0.9755 grp 0.967 perm 0.5155 margin 0.46 cols 605 (3.3s)
  apl2_tonic_vth0          ALPN.late.hand_type    acc 1.0 grp 1.0 perm 0.106 margin 0.894 cols 601 (5.4s)
  apl2_tonic_vth0          ALPN.late.sel_is_best  acc 1.0 grp 1.0 perm 0.8725 margin 0.1275 cols 601 (3.2s)
  apl2_tonic_vth0          ALPN.late.intensity    acc 0.977 grp 0.964 perm 0.502 margin 0.475 cols 601 (3.0s)
  apl2_tonic_vth0          DN.full.hand_type      acc 0.8415 grp 0.752 perm 0.1135 margin 0.728 cols 638 (8.2s)
  apl2_tonic_vth0          DN.full.sel_is_best    acc 0.9625 grp 0.9375 perm 0.8755 margin 0.087 cols 638 (3.4s)
  apl2_tonic_vth0          DN.full.intensity      acc 0.9185 grp 0.865 perm 0.5345 margin 0.384 cols 638 (3.8s)
  apl2_tonic_vth0          DN.late.hand_type      acc 0.8495 grp 0.7355 perm 0.108 margin 0.7415 cols 635 (7.7s)
  apl2_tonic_vth0          DN.late.sel_is_best    acc 0.959 grp 0.939 perm 0.878 margin 0.081 cols 635 (3.5s)
  apl2_tonic_vth0          DN.late.intensity      acc 0.9195 grp 0.863 perm 0.528 margin 0.3915 cols 635 (3.5s)
wrote /Users/abhipoluri/fly-balatro/outputs/mb2/probes.json
wrote /Users/abhipoluri/fly-balatro/outputs/mb2/probes.json
wrote /Users/abhipoluri/fly-balatro/outputs/mb2/probes.json
wrote /Users/abhipoluri/fly-balatro/outputs/mb2/probes.json
  apl2_tonic_vth4          KC.full.hand_type      acc 0.9725 grp 0.938 perm 0.1165 margin 0.856 cols 411 (9.2s)
  apl2_tonic_vth4          KC.full.sel_is_best    acc 1.0 grp 1.0 perm 0.876 margin 0.124 cols 411 (2.8s)
  apl2_tonic_vth4          KC.full.intensity      acc 0.9165 grp 0.8715 perm 0.54 margin 0.3765 cols 411 (2.7s)
  apl2_tonic_vth4          KC.late.hand_type      acc 0.9685 grp 0.9305 perm 0.1145 margin 0.854 cols 411 (3.7s)
  apl2_tonic_vth4          KC.late.sel_is_best    acc 1.0 grp 1.0 perm 0.8775 margin 0.1225 cols 411 (2.8s)
  apl2_tonic_vth4          KC.late.intensity      acc 0.915 grp 0.867 perm 0.543 margin 0.372 cols 411 (2.6s)
  apl2_tonic_vth4          KCbin.full.hand_type   acc 0.9615 grp 0.913 perm 0.114 margin 0.8475 cols 411 (3.6s)
  apl2_tonic_vth4          KCbin.full.sel_is_best acc 1.0 grp 1.0 perm 0.8755 margin 0.1245 cols 411 (2.8s)
  apl2_tonic_vth4          KCbin.full.intensity   acc 0.909 grp 0.872 perm 0.539 margin 0.37 cols 411 (2.8s)
  apl2_tonic_vth4          KCbin.late.hand_type   acc 0.9615 grp 0.913 perm 0.115 margin 0.8465 cols 411 (3.8s)
  apl2_tonic_vth4          KCbin.late.sel_is_best acc 1.0 grp 1.0 perm 0.875 margin 0.125 cols 411 (2.9s)
  apl2_tonic_vth4          KCbin.late.intensity   acc 0.9095 grp 0.872 perm 0.5395 margin 0.37 cols 411 (2.6s)
  apl2_tonic_vth4          MBON.full.hand_type    acc 0.4465 grp 0.372 perm 0.111 margin 0.3355 cols 29 (1.1s)
  apl2_tonic_vth4          MBON.full.sel_is_best  acc 0.8885 grp 0.887 perm 0.89 margin -0.0015 cols 29 (0.9s)
  apl2_tonic_vth4          MBON.full.intensity    acc 0.7315 grp 0.7135 perm 0.525 margin 0.2065 cols 29 (0.8s)
  apl2_tonic_vth4          MBON.late.hand_type    acc 0.441 grp 0.346 perm 0.1165 margin 0.3245 cols 29 (1.0s)
  apl2_tonic_vth4          MBON.late.sel_is_best  acc 0.89 grp 0.89 perm 0.89 margin 0.0 cols 29 (0.9s)
  apl2_tonic_vth4          MBON.late.intensity    acc 0.704 grp 0.6985 perm 0.5195 margin 0.1845 cols 29 (0.8s)
  apl2_tonic_vth4          ALPN.full.hand_type    acc 1.0 grp 1.0 perm 0.105 margin 0.895 cols 605 (5.4s)
  apl2_tonic_vth4          ALPN.full.sel_is_best  acc 1.0 grp 1.0 perm 0.876 margin 0.124 cols 605 (3.3s)
  apl2_tonic_vth4          ALPN.full.intensity    acc 0.978 grp 0.956 perm 0.504 margin 0.474 cols 605 (3.2s)
  apl2_tonic_vth4          ALPN.late.hand_type    acc 1.0 grp 1.0 perm 0.1085 margin 0.8915 cols 601 (5.5s)
  apl2_tonic_vth4          ALPN.late.sel_is_best  acc 1.0 grp 1.0 perm 0.872 margin 0.128 cols 601 (3.1s)
  apl2_tonic_vth4          ALPN.late.intensity    acc 0.9745 grp 0.942 perm 0.5215 margin 0.453 cols 601 (3.1s)
  apl2_tonic_vth4          DN.full.hand_type      acc 0.839 grp 0.753 perm 0.1135 margin 0.7255 cols 633 (8.7s)
  apl2_tonic_vth4          DN.full.sel_is_best    acc 0.964 grp 0.9465 perm 0.878 margin 0.086 cols 633 (3.6s)
  apl2_tonic_vth4          DN.full.intensity      acc 0.911 grp 0.8605 perm 0.5425 margin 0.3685 cols 633 (3.6s)
  apl2_tonic_vth4          DN.late.hand_type      acc 0.8425 grp 0.758 perm 0.1075 margin 0.735 cols 630 (7.5s)
  apl2_tonic_vth4          DN.late.sel_is_best    acc 0.9575 grp 0.9445 perm 0.876 margin 0.0815 cols 630 (3.3s)
  apl2_tonic_vth4          DN.late.intensity      acc 0.9185 grp 0.8535 perm 0.532 margin 0.3865 cols 630 (3.6s)
wrote /Users/abhipoluri/fly-balatro/outputs/mb2/probes.json
wrote /Users/abhipoluri/fly-balatro/outputs/mb2/probes.json
wrote /Users/abhipoluri/fly-balatro/outputs/mb2/probes.json
wrote /Users/abhipoluri/fly-balatro/outputs/mb2/probes.json
wrote /Users/abhipoluri/fly-balatro/outputs/mb2/probes.json
  apl2_poisson_vth0        KC.full.hand_type      acc 0.995 grp 0.991 perm 0.1115 margin 0.8835 cols 874 (9.6s)
  apl2_poisson_vth0        KC.full.sel_is_best    acc 1.0 grp 1.0 perm 0.861 margin 0.139 cols 874 (3.8s)
  apl2_poisson_vth0        KC.full.intensity      acc 0.926 grp 0.9135 perm 0.504 margin 0.422 cols 874 (4.1s)
  apl2_poisson_vth0        KC.late.hand_type      acc 0.985 grp 0.9765 perm 0.1075 margin 0.8775 cols 638 (4.3s)
  apl2_poisson_vth0        KC.late.sel_is_best    acc 1.0 grp 1.0 perm 0.863 margin 0.137 cols 638 (3.3s)
  apl2_poisson_vth0        KC.late.intensity      acc 0.889 grp 0.8775 perm 0.504 margin 0.385 cols 638 (3.1s)
  apl2_poisson_vth0        KCbin.full.hand_type   acc 0.989 grp 0.986 perm 0.1035 margin 0.8855 cols 874 (5.6s)
  apl2_poisson_vth0        KCbin.full.sel_is_best acc 1.0 grp 1.0 perm 0.863 margin 0.137 cols 874 (4.0s)
  apl2_poisson_vth0        KCbin.full.intensity   acc 0.917 grp 0.909 perm 0.521 margin 0.396 cols 874 (4.1s)
  apl2_poisson_vth0        KCbin.late.hand_type   acc 0.9715 grp 0.967 perm 0.1055 margin 0.866 cols 638 (4.7s)
  apl2_poisson_vth0        KCbin.late.sel_is_best acc 1.0 grp 1.0 perm 0.862 margin 0.138 cols 638 (3.1s)
  apl2_poisson_vth0        KCbin.late.intensity   acc 0.8855 grp 0.871 perm 0.508 margin 0.3775 cols 638 (2.8s)
  apl2_poisson_vth0        MBON.full.hand_type    acc 0.394 grp 0.383 perm 0.111 margin 0.283 cols 45 (1.1s)
  apl2_poisson_vth0        MBON.full.sel_is_best  acc 0.8905 grp 0.8905 perm 0.89 margin 0.0005 cols 45 (1.0s)
  apl2_poisson_vth0        MBON.full.intensity    acc 0.7225 grp 0.716 perm 0.5015 margin 0.221 cols 45 (0.9s)
  apl2_poisson_vth0        MBON.late.hand_type    acc 0.3825 grp 0.381 perm 0.111 margin 0.2715 cols 44 (1.1s)
  apl2_poisson_vth0        MBON.late.sel_is_best  acc 0.888 grp 0.889 perm 0.89 margin -0.002 cols 44 (1.0s)
  apl2_poisson_vth0        MBON.late.intensity    acc 0.674 grp 0.666 perm 0.501 margin 0.173 cols 44 (0.9s)
  apl2_poisson_vth0        ALPN.full.hand_type    acc 1.0 grp 1.0 perm 0.107 margin 0.893 cols 610 (4.8s)
  apl2_poisson_vth0        ALPN.full.sel_is_best  acc 1.0 grp 1.0 perm 0.864 margin 0.136 cols 610 (3.0s)
  apl2_poisson_vth0        ALPN.full.intensity    acc 0.9485 grp 0.951 perm 0.518 margin 0.4305 cols 610 (3.1s)
  apl2_poisson_vth0        ALPN.late.hand_type    acc 1.0 grp 1.0 perm 0.106 margin 0.894 cols 603 (4.5s)
  apl2_poisson_vth0        ALPN.late.sel_is_best  acc 1.0 grp 1.0 perm 0.8615 margin 0.1385 cols 603 (3.2s)
  apl2_poisson_vth0        ALPN.late.intensity    acc 0.9435 grp 0.943 perm 0.522 margin 0.4215 cols 603 (3.1s)
  apl2_poisson_vth0        DN.full.hand_type      acc 0.597 grp 0.578 perm 0.121 margin 0.476 cols 661 (8.3s)
  apl2_poisson_vth0        DN.full.sel_is_best    acc 0.9125 grp 0.9075 perm 0.8715 margin 0.041 cols 661 (3.5s)
  apl2_poisson_vth0        DN.full.intensity      acc 0.793 grp 0.7955 perm 0.509 margin 0.284 cols 661 (3.6s)
  apl2_poisson_vth0        DN.late.hand_type      acc 0.596 grp 0.5745 perm 0.121 margin 0.475 cols 657 (7.0s)
  apl2_poisson_vth0        DN.late.sel_is_best    acc 0.9105 grp 0.9055 perm 0.8675 margin 0.043 cols 657 (3.2s)
  apl2_poisson_vth0        DN.late.intensity      acc 0.791 grp 0.7825 perm 0.5045 margin 0.2865 cols 657 (3.6s)
wrote /Users/abhipoluri/fly-balatro/outputs/mb2/probes.json
wrote /Users/abhipoluri/fly-balatro/outputs/mb2/probes.json
wrote /Users/abhipoluri/fly-balatro/outputs/mb2/probes.json
wrote /Users/abhipoluri/fly-balatro/outputs/mb2/probes.json
wrote /Users/abhipoluri/fly-balatro/outputs/mb2/probes.json
  apl2_poisson_vth4        KC.full.hand_type      acc 0.9235 grp 0.911 perm 0.1185 margin 0.805 cols 365 (9.0s)
  apl2_poisson_vth4        KC.full.sel_is_best    acc 0.998 grp 0.9985 perm 0.875 margin 0.123 cols 365 (2.9s)
  apl2_poisson_vth4        KC.full.intensity      acc 0.8635 grp 0.8565 perm 0.483 margin 0.3805 cols 365 (2.6s)
  apl2_poisson_vth4        KC.late.hand_type      acc 0.92 grp 0.9085 perm 0.121 margin 0.799 cols 364 (3.3s)
  apl2_poisson_vth4        KC.late.sel_is_best    acc 0.998 grp 0.999 perm 0.8735 margin 0.1245 cols 364 (2.9s)
  apl2_poisson_vth4        KC.late.intensity      acc 0.858 grp 0.852 perm 0.484 margin 0.374 cols 364 (2.7s)
  apl2_poisson_vth4        KCbin.full.hand_type   acc 0.9105 grp 0.897 perm 0.117 margin 0.7935 cols 365 (3.2s)
  apl2_poisson_vth4        KCbin.full.sel_is_best acc 0.997 grp 0.9975 perm 0.8755 margin 0.1215 cols 365 (2.9s)
  apl2_poisson_vth4        KCbin.full.intensity   acc 0.859 grp 0.846 perm 0.5 margin 0.359 cols 365 (2.6s)
  apl2_poisson_vth4        KCbin.late.hand_type   acc 0.9115 grp 0.9 perm 0.1155 margin 0.796 cols 364 (3.3s)
  apl2_poisson_vth4        KCbin.late.sel_is_best acc 0.997 grp 0.9975 perm 0.8755 margin 0.1215 cols 364 (2.8s)
  apl2_poisson_vth4        KCbin.late.intensity   acc 0.8575 grp 0.8465 perm 0.5 margin 0.3575 cols 364 (2.4s)
  apl2_poisson_vth4        MBON.full.hand_type    acc 0.3725 grp 0.356 perm 0.111 margin 0.2615 cols 28 (1.0s)
  apl2_poisson_vth4        MBON.full.sel_is_best  acc 0.889 grp 0.8895 perm 0.89 margin -0.001 cols 28 (0.9s)
  apl2_poisson_vth4        MBON.full.intensity    acc 0.701 grp 0.689 perm 0.5215 margin 0.1795 cols 28 (0.9s)
  apl2_poisson_vth4        MBON.late.hand_type    acc 0.3435 grp 0.3325 perm 0.1025 margin 0.241 cols 28 (1.0s)
  apl2_poisson_vth4        MBON.late.sel_is_best  acc 0.8895 grp 0.89 perm 0.89 margin -0.0005 cols 28 (0.9s)
  apl2_poisson_vth4        MBON.late.intensity    acc 0.662 grp 0.656 perm 0.519 margin 0.143 cols 28 (0.9s)
  apl2_poisson_vth4        ALPN.full.hand_type    acc 1.0 grp 1.0 perm 0.1235 margin 0.8765 cols 610 (4.5s)
  apl2_poisson_vth4        ALPN.full.sel_is_best  acc 1.0 grp 1.0 perm 0.867 margin 0.133 cols 610 (3.0s)
  apl2_poisson_vth4        ALPN.full.intensity    acc 0.9555 grp 0.9535 perm 0.507 margin 0.4485 cols 610 (3.2s)
  apl2_poisson_vth4        ALPN.late.hand_type    acc 1.0 grp 1.0 perm 0.1305 margin 0.8695 cols 603 (4.2s)
  apl2_poisson_vth4        ALPN.late.sel_is_best  acc 1.0 grp 1.0 perm 0.8655 margin 0.1345 cols 603 (3.2s)
  apl2_poisson_vth4        ALPN.late.intensity    acc 0.952 grp 0.948 perm 0.508 margin 0.444 cols 603 (3.0s)
  apl2_poisson_vth4        DN.full.hand_type      acc 0.608 grp 0.5825 perm 0.127 margin 0.481 cols 667 (8.3s)
  apl2_poisson_vth4        DN.full.sel_is_best    acc 0.9115 grp 0.907 perm 0.869 margin 0.0425 cols 667 (3.6s)
  apl2_poisson_vth4        DN.full.intensity      acc 0.8 grp 0.787 perm 0.503 margin 0.297 cols 667 (3.9s)
  apl2_poisson_vth4        DN.late.hand_type      acc 0.6015 grp 0.57 perm 0.1275 margin 0.474 cols 664 (6.8s)
  apl2_poisson_vth4        DN.late.sel_is_best    acc 0.9125 grp 0.908 perm 0.8625 margin 0.05 cols 664 (3.3s)
  apl2_poisson_vth4        DN.late.intensity      acc 0.791 grp 0.7915 perm 0.5045 margin 0.2865 cols 664 (3.4s)
wrote /Users/abhipoluri/fly-balatro/outputs/mb2/probes.json
wrote /Users/abhipoluri/fly-balatro/outputs/mb2/probes.json
wrote /Users/abhipoluri/fly-balatro/outputs/mb2/probes.json
wrote /Users/abhipoluri/fly-balatro/outputs/mb2/probes.json
  apl5_tonic_vth0          KC.full.hand_type      acc 0.984 grp 0.968 perm 0.114 margin 0.87 cols 416 (9.7s)
  apl5_tonic_vth0          KC.full.sel_is_best    acc 1.0 grp 1.0 perm 0.8845 margin 0.1155 cols 416 (3.0s)
  apl5_tonic_vth0          KC.full.intensity      acc 0.936 grp 0.917 perm 0.497 margin 0.439 cols 416 (2.7s)
  apl5_tonic_vth0          KC.late.hand_type      acc 0.201 grp 0.2065 perm 0.1145 margin 0.0865 cols 7 (1.0s)
  apl5_tonic_vth0          KC.late.sel_is_best    acc 0.9015 grp 0.896 perm 0.89 margin 0.0115 cols 7 (0.9s)
  apl5_tonic_vth0          KC.late.intensity      acc 0.5335 grp 0.5225 perm 0.5005 margin 0.033 cols 7 (0.8s)
  apl5_tonic_vth0          KCbin.full.hand_type   acc 0.9845 grp 0.9685 perm 0.1155 margin 0.869 cols 416 (3.9s)
  apl5_tonic_vth0          KCbin.full.sel_is_best acc 1.0 grp 1.0 perm 0.885 margin 0.115 cols 416 (2.9s)
  apl5_tonic_vth0          KCbin.full.intensity   acc 0.935 grp 0.918 perm 0.4935 margin 0.4415 cols 416 (2.7s)
  apl5_tonic_vth0          KCbin.late.hand_type   acc 0.185 grp 0.1845 perm 0.111 margin 0.074 cols 7 (1.0s)
  apl5_tonic_vth0          KCbin.late.sel_is_best acc 0.899 grp 0.896 perm 0.89 margin 0.009 cols 7 (0.9s)
  apl5_tonic_vth0          KCbin.late.intensity   acc 0.5345 grp 0.53 perm 0.5085 margin 0.026 cols 7 (0.8s)
  apl5_tonic_vth0          MBON.full.hand_type    acc 0.466 grp 0.3925 perm 0.1145 margin 0.3515 cols 35 (1.0s)
  apl5_tonic_vth0          MBON.full.sel_is_best  acc 0.8905 grp 0.8905 perm 0.89 margin 0.0005 cols 35 (0.9s)
  apl5_tonic_vth0          MBON.full.intensity    acc 0.728 grp 0.696 perm 0.516 margin 0.212 cols 35 (0.9s)
  apl5_tonic_vth0          MBON.late.hand_type    acc 0.4595 grp 0.363 perm 0.1155 margin 0.344 cols 31 (1.1s)
  apl5_tonic_vth0          MBON.late.sel_is_best  acc 0.8895 grp 0.89 perm 0.89 margin -0.0005 cols 31 (0.9s)
  apl5_tonic_vth0          MBON.late.intensity    acc 0.7135 grp 0.697 perm 0.523 margin 0.1905 cols 31 (0.9s)
  apl5_tonic_vth0          ALPN.full.hand_type    acc 1.0 grp 1.0 perm 0.1015 margin 0.8985 cols 606 (5.4s)
  apl5_tonic_vth0          ALPN.full.sel_is_best  acc 1.0 grp 1.0 perm 0.8725 margin 0.1275 cols 606 (3.4s)
  apl5_tonic_vth0          ALPN.full.intensity    acc 0.977 grp 0.944 perm 0.5325 margin 0.4445 cols 606 (3.4s)
  apl5_tonic_vth0          ALPN.late.hand_type    acc 1.0 grp 1.0 perm 0.1015 margin 0.8985 cols 601 (5.3s)
  apl5_tonic_vth0          ALPN.late.sel_is_best  acc 1.0 grp 1.0 perm 0.8685 margin 0.1315 cols 601 (3.3s)
  apl5_tonic_vth0          ALPN.late.intensity    acc 0.969 grp 0.9415 perm 0.521 margin 0.448 cols 601 (3.1s)
  apl5_tonic_vth0          DN.full.hand_type      acc 0.843 grp 0.7275 perm 0.118 margin 0.725 cols 635 (8.5s)
  apl5_tonic_vth0          DN.full.sel_is_best    acc 0.96 grp 0.946 perm 0.8775 margin 0.0825 cols 635 (3.8s)
  apl5_tonic_vth0          DN.full.intensity      acc 0.903 grp 0.8465 perm 0.5105 margin 0.3925 cols 635 (3.8s)
  apl5_tonic_vth0          DN.late.hand_type      acc 0.838 grp 0.7365 perm 0.1135 margin 0.7245 cols 633 (7.9s)
  apl5_tonic_vth0          DN.late.sel_is_best    acc 0.9545 grp 0.9465 perm 0.875 margin 0.0795 cols 633 (3.2s)
  apl5_tonic_vth0          DN.late.intensity      acc 0.9095 grp 0.8565 perm 0.509 margin 0.4005 cols 633 (3.5s)
wrote /Users/abhipoluri/fly-balatro/outputs/mb2/probes.json
wrote /Users/abhipoluri/fly-balatro/outputs/mb2/probes.json
wrote /Users/abhipoluri/fly-balatro/outputs/mb2/probes.json
wrote /Users/abhipoluri/fly-balatro/outputs/mb2/probes.json
  apl5_tonic_vth4          KC.full.hand_type      acc 0.1355 grp 0.1285 perm 0.12 margin 0.0155 cols 8 (5.8s)
  apl5_tonic_vth4          KC.full.sel_is_best    acc 0.8905 grp 0.891 perm 0.89 margin 0.0005 cols 8 (0.9s)
  apl5_tonic_vth4          KC.full.intensity      acc 0.509 grp 0.5075 perm 0.5045 margin 0.0045 cols 8 (0.9s)
  apl5_tonic_vth4          KC.late.hand_type      acc 0.1345 grp 0.1275 perm 0.124 margin 0.0105 cols 4 (0.9s)
  apl5_tonic_vth4          KC.late.sel_is_best    acc 0.8905 grp 0.891 perm 0.89 margin 0.0005 cols 4 (0.9s)
  apl5_tonic_vth4          KC.late.intensity      acc 0.508 grp 0.5065 perm 0.505 margin 0.003 cols 4 (0.8s)
  apl5_tonic_vth4          KCbin.full.hand_type   acc 0.1295 grp 0.121 perm 0.12 margin 0.0095 cols 8 (1.1s)
  apl5_tonic_vth4          KCbin.full.sel_is_best acc 0.8905 grp 0.891 perm 0.89 margin 0.0005 cols 8 (0.9s)
  apl5_tonic_vth4          KCbin.full.intensity   acc 0.5105 grp 0.5105 perm 0.509 margin 0.0015 cols 8 (0.8s)
  apl5_tonic_vth4          KCbin.late.hand_type   acc 0.1315 grp 0.121 perm 0.122 margin 0.0095 cols 4 (1.0s)
  apl5_tonic_vth4          KCbin.late.sel_is_best acc 0.8905 grp 0.891 perm 0.89 margin 0.0005 cols 4 (0.9s)
  apl5_tonic_vth4          KCbin.late.intensity   acc 0.5095 grp 0.5095 perm 0.5095 margin 0.0 cols 4 (0.8s)
  apl5_tonic_vth4          MBON.full.hand_type    acc 0.475 grp 0.375 perm 0.106 margin 0.369 cols 26 (1.0s)
  apl5_tonic_vth4          MBON.full.sel_is_best  acc 0.89 grp 0.89 perm 0.89 margin 0.0 cols 26 (0.9s)
  apl5_tonic_vth4          MBON.full.intensity    acc 0.729 grp 0.714 perm 0.516 margin 0.213 cols 26 (0.8s)
  apl5_tonic_vth4          MBON.late.hand_type    acc 0.4535 grp 0.3535 perm 0.1115 margin 0.342 cols 26 (1.0s)
  apl5_tonic_vth4          MBON.late.sel_is_best  acc 0.89 grp 0.89 perm 0.89 margin 0.0 cols 26 (0.9s)
  apl5_tonic_vth4          MBON.late.intensity    acc 0.7055 grp 0.6825 perm 0.5185 margin 0.187 cols 26 (0.8s)
  apl5_tonic_vth4          ALPN.full.hand_type    acc 1.0 grp 1.0 perm 0.103 margin 0.897 cols 605 (5.5s)
  apl5_tonic_vth4          ALPN.full.sel_is_best  acc 1.0 grp 1.0 perm 0.8825 margin 0.1175 cols 605 (3.2s)
  apl5_tonic_vth4          ALPN.full.intensity    acc 0.9775 grp 0.9705 perm 0.519 margin 0.4585 cols 605 (3.2s)
  apl5_tonic_vth4          ALPN.late.hand_type    acc 1.0 grp 1.0 perm 0.1 margin 0.9 cols 600 (5.3s)
  apl5_tonic_vth4          ALPN.late.sel_is_best  acc 1.0 grp 1.0 perm 0.8755 margin 0.1245 cols 600 (3.2s)
  apl5_tonic_vth4          ALPN.late.intensity    acc 0.9755 grp 0.965 perm 0.5105 margin 0.465 cols 600 (3.1s)
  apl5_tonic_vth4          DN.full.hand_type      acc 0.848 grp 0.738 perm 0.0985 margin 0.7495 cols 635 (8.7s)
  apl5_tonic_vth4          DN.full.sel_is_best    acc 0.9605 grp 0.948 perm 0.876 margin 0.0845 cols 635 (3.6s)
  apl5_tonic_vth4          DN.full.intensity      acc 0.912 grp 0.8685 perm 0.512 margin 0.4 cols 635 (3.8s)
  apl5_tonic_vth4          DN.late.hand_type      acc 0.852 grp 0.753 perm 0.105 margin 0.747 cols 633 (8.0s)
  apl5_tonic_vth4          DN.late.sel_is_best    acc 0.959 grp 0.9425 perm 0.8715 margin 0.0875 cols 633 (3.4s)
  apl5_tonic_vth4          DN.late.intensity      acc 0.9085 grp 0.877 perm 0.511 margin 0.3975 cols 633 (3.7s)
wrote /Users/abhipoluri/fly-balatro/outputs/mb2/probes.json
wrote /Users/abhipoluri/fly-balatro/outputs/mb2/probes.json
wrote /Users/abhipoluri/fly-balatro/outputs/mb2/probes.json
wrote /Users/abhipoluri/fly-balatro/outputs/mb2/probes.json
wrote /Users/abhipoluri/fly-balatro/outputs/mb2/probes.json
wrote /Users/abhipoluri/fly-balatro/outputs/mb2/probes.json
  apl5_poisson_vth0        KC.full.hand_type      acc 0.883 grp 0.8565 perm 0.105 margin 0.778 cols 430 (8.4s)
  apl5_poisson_vth0        KC.full.sel_is_best    acc 0.9985 grp 0.9985 perm 0.8815 margin 0.117 cols 430 (2.9s)
  apl5_poisson_vth0        KC.full.intensity      acc 0.897 grp 0.888 perm 0.5035 margin 0.3935 cols 430 (2.7s)
  apl5_poisson_vth0        KC.late.hand_type      acc 0.19 grp 0.1915 perm 0.13 margin 0.06 cols 11 (1.0s)
  apl5_poisson_vth0        KC.late.sel_is_best    acc 0.8895 grp 0.889 perm 0.8895 margin 0.0 cols 11 (0.9s)
  apl5_poisson_vth0        KC.late.intensity      acc 0.538 grp 0.5395 perm 0.521 margin 0.017 cols 11 (0.9s)
  apl5_poisson_vth0        KCbin.full.hand_type   acc 0.8835 grp 0.859 perm 0.1035 margin 0.78 cols 430 (3.8s)
  apl5_poisson_vth0        KCbin.full.sel_is_best acc 0.9985 grp 0.9985 perm 0.8815 margin 0.117 cols 430 (2.9s)
  apl5_poisson_vth0        KCbin.full.intensity   acc 0.8975 grp 0.8905 perm 0.5025 margin 0.395 cols 430 (2.7s)
  apl5_poisson_vth0        KCbin.late.hand_type   acc 0.1665 grp 0.168 perm 0.124 margin 0.0425 cols 11 (1.0s)
  apl5_poisson_vth0        KCbin.late.sel_is_best acc 0.8885 grp 0.8885 perm 0.8895 margin -0.001 cols 11 (0.9s)
  apl5_poisson_vth0        KCbin.late.intensity   acc 0.543 grp 0.544 perm 0.52 margin 0.023 cols 11 (0.9s)
  apl5_poisson_vth0        MBON.full.hand_type    acc 0.367 grp 0.362 perm 0.1075 margin 0.2595 cols 35 (1.0s)
  apl5_poisson_vth0        MBON.full.sel_is_best  acc 0.8905 grp 0.8895 perm 0.89 margin 0.0005 cols 35 (0.9s)
  apl5_poisson_vth0        MBON.full.intensity    acc 0.677 grp 0.67 perm 0.535 margin 0.142 cols 35 (0.9s)
  apl5_poisson_vth0        MBON.late.hand_type    acc 0.359 grp 0.344 perm 0.113 margin 0.246 cols 33 (1.0s)
  apl5_poisson_vth0        MBON.late.sel_is_best  acc 0.89 grp 0.89 perm 0.8895 margin 0.0005 cols 33 (1.0s)
  apl5_poisson_vth0        MBON.late.intensity    acc 0.65 grp 0.648 perm 0.525 margin 0.125 cols 33 (0.9s)
  apl5_poisson_vth0        ALPN.full.hand_type    acc 1.0 grp 1.0 perm 0.1175 margin 0.8825 cols 609 (4.6s)
  apl5_poisson_vth0        ALPN.full.sel_is_best  acc 1.0 grp 1.0 perm 0.87 margin 0.13 cols 609 (3.0s)
  apl5_poisson_vth0        ALPN.full.intensity    acc 0.9475 grp 0.9455 perm 0.4925 margin 0.455 cols 609 (3.1s)
  apl5_poisson_vth0        ALPN.late.hand_type    acc 1.0 grp 1.0 perm 0.118 margin 0.882 cols 602 (4.4s)
  apl5_poisson_vth0        ALPN.late.sel_is_best  acc 1.0 grp 1.0 perm 0.867 margin 0.133 cols 602 (3.0s)
  apl5_poisson_vth0        ALPN.late.intensity    acc 0.944 grp 0.944 perm 0.5 margin 0.444 cols 602 (3.1s)
  apl5_poisson_vth0        DN.full.hand_type      acc 0.5885 grp 0.559 perm 0.119 margin 0.4695 cols 661 (8.2s)
  apl5_poisson_vth0        DN.full.sel_is_best    acc 0.915 grp 0.9085 perm 0.862 margin 0.053 cols 661 (3.4s)
  apl5_poisson_vth0        DN.full.intensity      acc 0.7785 grp 0.7745 perm 0.517 margin 0.2615 cols 661 (3.9s)
  apl5_poisson_vth0        DN.late.hand_type      acc 0.5825 grp 0.571 perm 0.1165 margin 0.466 cols 660 (7.1s)
  apl5_poisson_vth0        DN.late.sel_is_best    acc 0.911 grp 0.9085 perm 0.862 margin 0.049 cols 660 (3.5s)
  apl5_poisson_vth0        DN.late.intensity      acc 0.7725 grp 0.766 perm 0.507 margin 0.2655 cols 660 (3.5s)
wrote /Users/abhipoluri/fly-balatro/outputs/mb2/probes.json
wrote /Users/abhipoluri/fly-balatro/outputs/mb2/probes.json
wrote /Users/abhipoluri/fly-balatro/outputs/mb2/probes.json
wrote /Users/abhipoluri/fly-balatro/outputs/mb2/probes.json
wrote /Users/abhipoluri/fly-balatro/outputs/mb2/probes.json
  apl5_poisson_vth4        KC.full.hand_type      acc 0.1325 grp 0.135 perm 0.1145 margin 0.018 cols 12 (6.4s)
  apl5_poisson_vth4        KC.full.sel_is_best    acc 0.89 grp 0.891 perm 0.89 margin 0.0 cols 12 (0.9s)
  apl5_poisson_vth4        KC.full.intensity      acc 0.519 grp 0.518 perm 0.5055 margin 0.0135 cols 12 (0.9s)
  apl5_poisson_vth4        KC.late.hand_type      acc 0.1265 grp 0.131 perm 0.1155 margin 0.011 cols 4 (0.9s)
  apl5_poisson_vth4        KC.late.sel_is_best    acc 0.8895 grp 0.891 perm 0.8905 margin -0.001 cols 4 (0.9s)
  apl5_poisson_vth4        KC.late.intensity      acc 0.5155 grp 0.5145 perm 0.505 margin 0.0105 cols 4 (0.8s)
  apl5_poisson_vth4        KCbin.full.hand_type   acc 0.133 grp 0.1325 perm 0.1145 margin 0.0185 cols 12 (1.0s)
  apl5_poisson_vth4        KCbin.full.sel_is_best acc 0.89 grp 0.891 perm 0.89 margin 0.0 cols 12 (0.9s)
  apl5_poisson_vth4        KCbin.full.intensity   acc 0.518 grp 0.516 perm 0.509 margin 0.009 cols 12 (0.9s)
  apl5_poisson_vth4        KCbin.late.hand_type   acc 0.1265 grp 0.1275 perm 0.117 margin 0.0095 cols 4 (0.9s)
  apl5_poisson_vth4        KCbin.late.sel_is_best acc 0.89 grp 0.891 perm 0.8905 margin -0.0005 cols 4 (0.9s)
  apl5_poisson_vth4        KCbin.late.intensity   acc 0.5145 grp 0.5125 perm 0.509 margin 0.0055 cols 4 (0.8s)
  apl5_poisson_vth4        MBON.full.hand_type    acc 0.346 grp 0.341 perm 0.1125 margin 0.2335 cols 26 (0.9s)
  apl5_poisson_vth4        MBON.full.sel_is_best  acc 0.89 grp 0.8895 perm 0.89 margin 0.0 cols 26 (0.9s)
  apl5_poisson_vth4        MBON.full.intensity    acc 0.656 grp 0.6585 perm 0.5155 margin 0.1405 cols 26 (0.8s)
  apl5_poisson_vth4        MBON.late.hand_type    acc 0.335 grp 0.344 perm 0.118 margin 0.217 cols 26 (1.0s)
  apl5_poisson_vth4        MBON.late.sel_is_best  acc 0.89 grp 0.8905 perm 0.89 margin 0.0 cols 26 (0.9s)
  apl5_poisson_vth4        MBON.late.intensity    acc 0.65 grp 0.6465 perm 0.519 margin 0.131 cols 26 (0.8s)
  apl5_poisson_vth4        ALPN.full.hand_type    acc 1.0 grp 1.0 perm 0.119 margin 0.881 cols 608 (4.2s)
  apl5_poisson_vth4        ALPN.full.sel_is_best  acc 1.0 grp 1.0 perm 0.8655 margin 0.1345 cols 608 (3.2s)
  apl5_poisson_vth4        ALPN.full.intensity    acc 0.954 grp 0.9505 perm 0.492 margin 0.462 cols 608 (3.0s)
  apl5_poisson_vth4        ALPN.late.hand_type    acc 1.0 grp 1.0 perm 0.1125 margin 0.8875 cols 601 (4.3s)
  apl5_poisson_vth4        ALPN.late.sel_is_best  acc 1.0 grp 1.0 perm 0.8625 margin 0.1375 cols 601 (3.1s)
  apl5_poisson_vth4        ALPN.late.intensity    acc 0.9515 grp 0.9495 perm 0.507 margin 0.4445 cols 601 (2.9s)
  apl5_poisson_vth4        DN.full.hand_type      acc 0.5975 grp 0.57 perm 0.1195 margin 0.478 cols 664 (7.3s)
  apl5_poisson_vth4        DN.full.sel_is_best    acc 0.9195 grp 0.914 perm 0.867 margin 0.0525 cols 664 (3.4s)
  apl5_poisson_vth4        DN.full.intensity      acc 0.7815 grp 0.7725 perm 0.5045 margin 0.277 cols 664 (3.5s)
  apl5_poisson_vth4        DN.late.hand_type      acc 0.5875 grp 0.565 perm 0.122 margin 0.4655 cols 663 (6.6s)
  apl5_poisson_vth4        DN.late.sel_is_best    acc 0.9185 grp 0.9085 perm 0.8635 margin 0.055 cols 663 (3.5s)
  apl5_poisson_vth4        DN.late.intensity      acc 0.7795 grp 0.7665 perm 0.496 margin 0.2835 cols 663 (3.5s)
wrote /Users/abhipoluri/fly-balatro/outputs/mb2/probes.json
wrote /Users/abhipoluri/fly-balatro/outputs/mb2/probes.json
PROBE LOOP DONE
