INFO - [♥] Lovely 0.9.0
INFO - [♥] Game directory is at "<home>/Library/Application Support/Steam/steamapps/common/Balatro/Balatro.app/Contents/MacOS"
INFO - [♥] Writing logs to "<home>/Library/Application Support/Balatro/Mods/lovely/log"
INFO - [♥] Using mod directory at "<home>/Library/Application Support/Balatro/Mods"
INFO - [♥] No blacklist.txt in Mods/lovely.
INFO - [♥] Cleaning up dump directory at "<home>/Library/Application Support/Balatro/Mods/lovely/dump"
INFO - [♥] Cleaning up game-dump directory at "<home>/Library/Application Support/Balatro/Mods/lovely/game-dump"
INFO - [♥] Initialization complete in 42ms
INFO - [♥] Applied 1 patch to '=[love "wrap_GraphicsShader.lua"]'
INFO - [♥] Applied 1 patch to '=[lovely SMODS.preflight.core "src/preflight/core.lua"]'
INFO - [G] Failed to connect to the debug server
INFO - [G] 2026-09-13 17:57:40 :: DEBUG :: DebugConsole :: Steamodded Debug Socket started !
INFO - [G] [stage]	Loading APIs
INFO - [G] [stage]	Processing Mod Files
INFO - [G] <home>/Library/Application Support/Balatro/Mods	balatrobot	1
INFO - [G] 2026-09-13 17:57:40 :: WARN  :: Utils :: Trailing dot found in version "1.~".
INFO - [G] 2026-09-13 17:57:40 :: INFO  :: Loader :: Valid JSON file found
INFO - [G] 2026-09-13 17:57:40 :: DEBUG :: loader :: Blacklist file does not exist
INFO - [G] <home>/Library/Application Support/Balatro/Mods	lovely	1
INFO - [G] <home>/Library/Application Support/Balatro/Mods	smods	1
INFO - [G] 2026-09-13 17:57:40 :: INFO  :: Steamodded :: Preflight loaded after 0.0022617916666667
INFO - [♥] Applied 13 patches to 'main.lua'
INFO - [♥] Applied 6 patches to 'engine/controller.lua'
INFO - [♥] Applied 16 patches to 'back.lua'
INFO - [♥] Applied 10 patches to 'tag.lua'
INFO - [♥] Applied 5 patches to 'engine/event.lua'
INFO - [♥] Applied 1 patch to 'engine/node.lua'
INFO - [♥] Applied 2 patches to 'engine/moveable.lua'
INFO - [♥] Applied 4 patches to 'engine/sprite.lua'
INFO - [♥] Applied 4 patches to 'engine/animatedsprite.lua'
INFO - [♥] Applied 78 patches to 'functions/misc_functions.lua'
INFO - [♥] Applied 65 patches to 'game.lua'
INFO - [♥] Applied 4 patches to 'globals.lua'
INFO - [♥] Applied 15 patches to 'engine/ui.lua'
WARN - [♥] Pattern '{n=G.UIT.O, config={draw_layer = 1, object = DynaText({scale = args.scale, string = args.text, maxw = args.maxw, colours = {args.colour},float = true, shadow = true, silent = not args.noisy, args.scale, pop_in = 0, pop_in_rate = 6, rotate = args.rotate or nil})}},\n' on target 'functions/UI_definitions.lua' for pattern patch from smods/lovely/calc_returns.toml resulted in no matches
INFO - [♥] Applied 141 patches to 'functions/UI_definitions.lua'
INFO - [♥] Applied 63 patches to 'functions/state_events.lua'
INFO - [♥] Applied 148 patches to 'functions/common_events.lua'
INFO - [♥] Applied 65 patches to 'functions/button_callbacks.lua'
INFO - [♥] Applied 238 patches to 'card.lua'
INFO - [♥] Applied 21 patches to 'cardarea.lua'
INFO - [♥] Applied 41 patches to 'blind.lua'
INFO - [♥] Applied 10 patches to 'card_character.lua'
INFO - [♥] Applied 24 patches to 'engine/text.lua'
INFO - [G] 2026-09-13 17:57:41 :: INFO  :: SMODS :: Steamodded v1.0.0~BETA-1814a
INFO - [♥] Applied 1 patch to 'CRT.fs'
INFO - [♥] Applied 9 patches to 'engine/sound_manager.lua'
INFO - [♥] Applied 1 patch to 'engine/save_manager.lua'
INFO - [♥] Applied 2 patches to 'flame.fs'
INFO - [G] 2026-09-13 17:57:42 :: DEBUG :: BB.SETTINGS :: Patched love.update with dt=0.016666666666667
INFO - [G] 2026-09-13 17:57:42 :: DEBUG :: BB.SERVER :: Loaded OpenRPC spec from <home>/Library/Application Support/Balatro/Mods/balatrobot/src/lua/utils/openrpc.json
INFO - [G] 2026-09-13 17:57:42 :: DEBUG :: BB.SERVER :: HTTP server listening on http://127.0.0.1:12346
INFO - [G] 2026-09-13 17:57:42 :: DEBUG :: BB.DISPATCHER :: Loading endpoint: src/lua/endpoints/health.lua
INFO - [G] 2026-09-13 17:57:42 :: DEBUG :: BB.DISPATCHER :: Registered endpoint: health
INFO - [G] 2026-09-13 17:57:42 :: DEBUG :: BB.DISPATCHER :: Loading endpoint: src/lua/endpoints/gamestate.lua
INFO - [G] 2026-09-13 17:57:42 :: DEBUG :: BB.DISPATCHER :: Registered endpoint: gamestate
INFO - [G] 2026-09-13 17:57:42 :: DEBUG :: BB.DISPATCHER :: Loading endpoint: src/lua/endpoints/save.lua
INFO - [G] 2026-09-13 17:57:42 :: DEBUG :: BB.DISPATCHER :: Registered endpoint: save
INFO - [G] 2026-09-13 17:57:42 :: DEBUG :: BB.DISPATCHER :: Loading endpoint: src/lua/endpoints/load.lua
INFO - [G] 2026-09-13 17:57:42 :: DEBUG :: BB.DISPATCHER :: Registered endpoint: load
INFO - [G] 2026-09-13 17:57:42 :: DEBUG :: BB.DISPATCHER :: Loading endpoint: src/lua/endpoints/screenshot.lua
INFO - [G] 2026-09-13 17:57:42 :: DEBUG :: BB.DISPATCHER :: Registered endpoint: screenshot
INFO - [G] 2026-09-13 17:57:42 :: DEBUG :: BB.DISPATCHER :: Loading endpoint: src/lua/endpoints/set.lua
INFO - [G] 2026-09-13 17:57:42 :: DEBUG :: BB.DISPATCHER :: Registered endpoint: set
INFO - [G] 2026-09-13 17:57:42 :: DEBUG :: BB.DISPATCHER :: Loading endpoint: src/lua/endpoints/add.lua
INFO - [G] 2026-09-13 17:57:42 :: DEBUG :: BB.DISPATCHER :: Registered endpoint: add
INFO - [G] 2026-09-13 17:57:42 :: DEBUG :: BB.DISPATCHER :: Loading endpoint: src/lua/endpoints/menu.lua
INFO - [G] 2026-09-13 17:57:42 :: DEBUG :: BB.DISPATCHER :: Registered endpoint: menu
INFO - [G] 2026-09-13 17:57:42 :: DEBUG :: BB.DISPATCHER :: Loading endpoint: src/lua/endpoints/start.lua
INFO - [G] 2026-09-13 17:57:42 :: DEBUG :: BB.DISPATCHER :: Registered endpoint: start
INFO - [G] 2026-09-13 17:57:42 :: DEBUG :: BB.DISPATCHER :: Loading endpoint: src/lua/endpoints/skip.lua
INFO - [G] 2026-09-13 17:57:42 :: DEBUG :: BB.DISPATCHER :: Registered endpoint: skip
INFO - [G] 2026-09-13 17:57:42 :: DEBUG :: BB.DISPATCHER :: Loading endpoint: src/lua/endpoints/select.lua
INFO - [G] 2026-09-13 17:57:42 :: DEBUG :: BB.DISPATCHER :: Registered endpoint: select
INFO - [G] 2026-09-13 17:57:42 :: DEBUG :: BB.DISPATCHER :: Loading endpoint: src/lua/endpoints/play.lua
INFO - [G] 2026-09-13 17:57:42 :: DEBUG :: BB.DISPATCHER :: Registered endpoint: play
INFO - [G] 2026-09-13 17:57:42 :: DEBUG :: BB.DISPATCHER :: Loading endpoint: src/lua/endpoints/discard.lua
INFO - [G] 2026-09-13 17:57:42 :: DEBUG :: BB.DISPATCHER :: Registered endpoint: discard
INFO - [G] 2026-09-13 17:57:42 :: DEBUG :: BB.DISPATCHER :: Loading endpoint: src/lua/endpoints/cash_out.lua
INFO - [G] 2026-09-13 17:57:42 :: DEBUG :: BB.DISPATCHER :: Registered endpoint: cash_out
INFO - [G] 2026-09-13 17:57:42 :: DEBUG :: BB.DISPATCHER :: Loading endpoint: src/lua/endpoints/next_round.lua
INFO - [G] 2026-09-13 17:57:42 :: DEBUG :: BB.DISPATCHER :: Registered endpoint: next_round
INFO - [G] 2026-09-13 17:57:42 :: DEBUG :: BB.DISPATCHER :: Loading endpoint: src/lua/endpoints/reroll.lua
INFO - [G] 2026-09-13 17:57:42 :: DEBUG :: BB.DISPATCHER :: Registered endpoint: reroll
INFO - [G] 2026-09-13 17:57:42 :: DEBUG :: BB.DISPATCHER :: Loading endpoint: src/lua/endpoints/buy.lua
INFO - [G] 2026-09-13 17:57:42 :: DEBUG :: BB.DISPATCHER :: Registered endpoint: buy
INFO - [G] 2026-09-13 17:57:42 :: DEBUG :: BB.DISPATCHER :: Loading endpoint: src/lua/endpoints/pack.lua
INFO - [G] 2026-09-13 17:57:42 :: DEBUG :: BB.DISPATCHER :: Registered endpoint: pack
INFO - [G] 2026-09-13 17:57:42 :: DEBUG :: BB.DISPATCHER :: Loading endpoint: src/lua/endpoints/rearrange.lua
INFO - [G] 2026-09-13 17:57:42 :: DEBUG :: BB.DISPATCHER :: Registered endpoint: rearrange
INFO - [G] 2026-09-13 17:57:42 :: DEBUG :: BB.DISPATCHER :: Loading endpoint: src/lua/endpoints/sell.lua
INFO - [G] 2026-09-13 17:57:42 :: DEBUG :: BB.DISPATCHER :: Registered endpoint: sell
INFO - [G] 2026-09-13 17:57:42 :: DEBUG :: BB.DISPATCHER :: Loading endpoint: src/lua/endpoints/use.lua
INFO - [G] 2026-09-13 17:57:42 :: DEBUG :: BB.DISPATCHER :: Registered endpoint: use
INFO - [G] 2026-09-13 17:57:42 :: DEBUG :: BB.DISPATCHER :: Loaded 21 endpoint(s)
INFO - [G] 2026-09-13 17:57:42 :: DEBUG :: BB.DISPATCHER :: Dispatcher initialized successfully
INFO - [G] 2026-09-13 17:57:42 :: INFO  :: BB.BALATROBOT :: BalatroBot loaded - version 1.5.2
INFO - [G] 2026-09-13 17:57:42 :: INFO  :: TIMER :: [0000] Injected Fonts in 0.001 ms
INFO - [G] 2026-09-13 17:57:42 :: INFO  :: TIMER :: [0000] Injected DynaTextEffects in 0.000 ms
INFO - [G] 2026-09-13 17:57:42 :: INFO  :: TIMER :: [0000] Injected Language in 0.000 ms
INFO - [G] 2026-09-13 17:57:42 :: INFO  :: TIMER :: [0064] Injected Attribute in 0.067 ms
INFO - [G] 2026-09-13 17:57:42 :: INFO  :: TIMER :: [0000] Injected [INTERNAL] in 1.521 ms
INFO - [G] 2026-09-13 17:57:42 :: INFO  :: TIMER :: [0003] Injected Atlas in 99.388 ms
INFO - [G] 2026-09-13 17:57:42 :: INFO  :: TIMER :: [0003] Injected Sound in 0.691 ms
INFO - [G] 2026-09-13 17:57:42 :: INFO  :: TIMER :: [0002] Injected nil in 0.011 ms
INFO - [G] 2026-09-13 17:57:42 :: INFO  :: TIMER :: [0008] Injected Stake in 0.159 ms
INFO - [G] 2026-09-13 17:57:42 :: INFO  :: TIMER :: [0004] Injected Rarity in 0.018 ms
INFO - [G] 2026-09-13 17:57:42 :: INFO  :: TIMER :: [0004] Injected ObjectType in 0.028 ms
INFO - [G] 2026-09-13 17:57:42 :: INFO  :: TIMER :: [0050] Injected Center in 0.155 ms
INFO - [G] 2026-09-13 17:57:42 :: INFO  :: TIMER :: [0007] Injected Undiscovered Sprite in 0.009 ms
INFO - [G] 2026-09-13 17:57:42 :: INFO  :: TIMER :: [0002] Injected Blind in 0.014 ms
INFO - [G] 2026-09-13 17:57:42 :: INFO  :: TIMER :: [0004] Injected Seal in 0.054 ms
INFO - [G] 2026-09-13 17:57:42 :: INFO  :: TIMER :: [0004] Injected Suit in 0.073 ms
INFO - [G] 2026-09-13 17:57:42 :: INFO  :: TIMER :: [0013] Injected Rank in 0.044 ms
INFO - [G] 2026-09-13 17:57:42 :: INFO  :: TIMER :: [0028] Injected DeckSkin in 0.095 ms
INFO - [G] 2026-09-13 17:57:42 :: INFO  :: TIMER :: [0017] Injected JimboQuip in 0.024 ms
INFO - [G] 2026-09-13 17:57:42 :: INFO  :: TIMER :: [0012] Injected PokerHand in 0.025 ms
INFO - [G] 2026-09-13 17:57:42 :: INFO  :: TIMER :: [0020] Injected Challenge in 0.020 ms
INFO - [G] 2026-09-13 17:57:42 :: INFO  :: TIMER :: [0000] Injected Tag in 0.000 ms
INFO - [G] 2026-09-13 17:57:42 :: INFO  :: TIMER :: [0004] Injected Sticker in 0.042 ms
INFO - [G] 2026-09-13 17:57:42 :: INFO  :: TIMER :: [0000] Injected Shader in 0.001 ms
INFO - [G] 2026-09-13 17:57:42 :: INFO  :: TIMER :: [0001] Injected ScreenShader in 0.006 ms
INFO - [G] 2026-09-13 17:57:42 :: INFO  :: TIMER :: [0002] Injected Keybind in 0.007 ms
INFO - [G] 2026-09-13 17:57:42 :: INFO  :: TIMER :: [0000] Injected Achievement in 0.037 ms
INFO - [G] 2026-09-13 17:57:42 :: INFO  :: TIMER :: [0002] Injected Scoring_Parameters in 0.050 ms
INFO - [G] 2026-09-13 17:57:42 :: INFO  :: TIMER :: [0003] Injected Scoring_Calculations in 0.007 ms
INFO - [G] 2026-09-13 17:57:42 :: INFO  :: TIMER :: [0022] Injected Draw Step in 0.040 ms
INFO - [G] 2026-09-13 17:57:42 :: INFO  :: TIMER :: [0000] Injected [INTERNAL] in 0.069 ms
[S_API] SteamAPI_Init(): Loaded '<home>/Library/Application Support/Steam/Steam.AppBundle/Steam/Contents/MacOS/steamclient.dylib' OK.
Setting breakpad minidump AppID = 2379780
SteamInternal_SetMinidumpSteamID:  Caching Steam ID:  76561199008564685 [API loaded no]
INFO - [G] 2026-09-13 17:57:42 :: DEBUG :: BB.SERVER :: Client connected
INFO - [G] 2026-09-13 17:57:42 :: DEBUG :: BB.REQUEST :: health()
INFO - [G] 2026-09-13 17:57:42 :: DEBUG :: BB.ENDPOINTS :: Init health()
INFO - [G] 2026-09-13 17:57:42 :: DEBUG :: BB.ENDPOINTS :: Return health()
INFO - [G] 2026-09-13 17:57:42 :: DEBUG :: BB.RESPONSE :: health OK (0ms)
INFO - [G] 2026-09-13 17:58:04 :: DEBUG :: BB.SERVER :: Client connected
INFO - [G] 2026-09-13 17:58:04 :: DEBUG :: BB.REQUEST :: health()
INFO - [G] 2026-09-13 17:58:04 :: DEBUG :: BB.ENDPOINTS :: Init health()
INFO - [G] 2026-09-13 17:58:04 :: DEBUG :: BB.ENDPOINTS :: Return health()
INFO - [G] 2026-09-13 17:58:04 :: DEBUG :: BB.RESPONSE :: health OK (0ms)
INFO - [G] 2026-09-13 17:58:17 :: DEBUG :: BB.SERVER :: Client connected
INFO - [G] 2026-09-13 17:58:17 :: DEBUG :: BB.REQUEST :: health()
INFO - [G] 2026-09-13 17:58:17 :: DEBUG :: BB.ENDPOINTS :: Init health()
INFO - [G] 2026-09-13 17:58:17 :: DEBUG :: BB.ENDPOINTS :: Return health()
INFO - [G] 2026-09-13 17:58:17 :: DEBUG :: BB.RESPONSE :: health OK (0ms)
INFO - [G] 2026-09-13 17:58:18 :: DEBUG :: BB.SERVER :: Client connected
INFO - [G] 2026-09-13 17:58:18 :: DEBUG :: BB.REQUEST :: menu()
INFO - [G] 2026-09-13 17:58:18 :: DEBUG :: BB.ENDPOINTS :: Init menu()
INFO - [G] 2026-09-13 17:58:18 :: DEBUG :: BB.ENDPOINTS :: Return menu()
INFO - [G] 2026-09-13 17:58:18 :: DEBUG :: BB.RESPONSE :: menu OK (17ms)
INFO - [G] 2026-09-13 17:58:18 :: DEBUG :: BB.SERVER :: Client connected
INFO - [G] 2026-09-13 17:58:18 :: DEBUG :: BB.REQUEST :: start({deck="RED", stake="WHITE"})
INFO - [G] 2026-09-13 17:58:18 :: DEBUG :: BB.ENDPOINTS :: Init start()
INFO - [G] 2026-09-13 17:58:18 :: DEBUG :: BB.ENDPOINTS :: Setting deck to: Red Deck (from enum: RED)
INFO - [G] 2026-09-13 17:58:18 :: DEBUG :: BB.ENDPOINTS :: Starting run with stake=1 (WHITE), seed=none
INFO - [G] 2026-09-13 17:58:21 :: DEBUG :: BB.ENDPOINTS :: Return start()
INFO - [G] 2026-09-13 17:58:21 :: DEBUG :: BB.RESPONSE :: start OK (3065ms)
INFO - [G] 2026-09-13 17:58:21 :: DEBUG :: BB.SERVER :: Client connected
INFO - [G] 2026-09-13 17:58:21 :: DEBUG :: BB.REQUEST :: gamestate()
INFO - [G] 2026-09-13 17:58:21 :: DEBUG :: BB.ENDPOINTS :: Init gamestate()
INFO - [G] 2026-09-13 17:58:21 :: DEBUG :: BB.ENDPOINTS :: Return gamestate()
INFO - [G] 2026-09-13 17:58:21 :: DEBUG :: BB.RESPONSE :: gamestate OK (1ms)
INFO - [G] 2026-09-13 17:58:21 :: DEBUG :: BB.SERVER :: Client connected
INFO - [G] 2026-09-13 17:58:21 :: DEBUG :: BB.REQUEST :: select()
INFO - [G] 2026-09-13 17:58:21 :: DEBUG :: BB.ENDPOINTS :: Init select()
INFO - [G] 2026-09-13 17:58:21 :: DEBUG :: BB.ENDPOINTS :: Selecting Small (Small Blind), chips required: ?
INFO - [G] 2026-09-13 17:58:24 :: DEBUG :: BB.ENDPOINTS :: Return select()
INFO - [G] 2026-09-13 17:58:24 :: DEBUG :: BB.RESPONSE :: select OK (3132ms)
INFO - [G] 2026-09-13 17:58:25 :: DEBUG :: BB.SERVER :: Client connected
INFO - [G] 2026-09-13 17:58:25 :: DEBUG :: BB.REQUEST :: gamestate()
INFO - [G] 2026-09-13 17:58:25 :: DEBUG :: BB.ENDPOINTS :: Init gamestate()
INFO - [G] 2026-09-13 17:58:25 :: DEBUG :: BB.ENDPOINTS :: Return gamestate()
INFO - [G] 2026-09-13 17:58:25 :: DEBUG :: BB.RESPONSE :: gamestate OK (1ms)
INFO - [G] 2026-09-13 17:58:25 :: DEBUG :: BB.SERVER :: Client connected
INFO - [G] 2026-09-13 17:58:25 :: DEBUG :: BB.REQUEST :: gamestate()
INFO - [G] 2026-09-13 17:58:25 :: DEBUG :: BB.ENDPOINTS :: Init gamestate()
INFO - [G] 2026-09-13 17:58:25 :: DEBUG :: BB.ENDPOINTS :: Return gamestate()
INFO - [G] 2026-09-13 17:58:25 :: DEBUG :: BB.RESPONSE :: gamestate OK (1ms)
INFO - [G] 2026-09-13 17:58:26 :: DEBUG :: BB.SERVER :: Client connected
INFO - [G] 2026-09-13 17:58:26 :: DEBUG :: BB.REQUEST :: gamestate()
INFO - [G] 2026-09-13 17:58:26 :: DEBUG :: BB.ENDPOINTS :: Init gamestate()
INFO - [G] 2026-09-13 17:58:26 :: DEBUG :: BB.ENDPOINTS :: Return gamestate()
INFO - [G] 2026-09-13 17:58:26 :: DEBUG :: BB.RESPONSE :: gamestate OK (1ms)
INFO - [G] 2026-09-13 17:58:26 :: DEBUG :: BB.SERVER :: Client connected
INFO - [G] 2026-09-13 17:58:26 :: DEBUG :: BB.REQUEST :: gamestate()
INFO - [G] 2026-09-13 17:58:26 :: DEBUG :: BB.ENDPOINTS :: Init gamestate()
INFO - [G] 2026-09-13 17:58:26 :: DEBUG :: BB.ENDPOINTS :: Return gamestate()
INFO - [G] 2026-09-13 17:58:26 :: DEBUG :: BB.RESPONSE :: gamestate OK (1ms)
INFO - [G] 2026-09-13 17:58:26 :: DEBUG :: BB.SERVER :: Client connected
INFO - [G] 2026-09-13 17:58:26 :: DEBUG :: BB.REQUEST :: gamestate()
INFO - [G] 2026-09-13 17:58:26 :: DEBUG :: BB.ENDPOINTS :: Init gamestate()
INFO - [G] 2026-09-13 17:58:26 :: DEBUG :: BB.ENDPOINTS :: Return gamestate()
INFO - [G] 2026-09-13 17:58:26 :: DEBUG :: BB.RESPONSE :: gamestate OK (1ms)
INFO - [G] 2026-09-13 17:58:26 :: DEBUG :: BB.SERVER :: Client connected
INFO - [G] 2026-09-13 17:58:26 :: DEBUG :: BB.REQUEST :: play({cards=[0,1,6,7]})
INFO - [G] 2026-09-13 17:58:26 :: DEBUG :: BB.ENDPOINTS :: Init play()
INFO - [G] 2026-09-13 17:58:26 :: DEBUG :: BB.ENDPOINTS :: Playing 4 cards: A♠, A♥, 4♠, 4♦
INFO - [G] 2026-09-13 17:58:37 :: DEBUG :: BB.ENDPOINTS :: Return play() - same round
INFO - [G] 2026-09-13 17:58:37 :: DEBUG :: BB.RESPONSE :: play OK (10560ms)
INFO - [G] 2026-09-13 17:58:38 :: DEBUG :: BB.SERVER :: Client connected
INFO - [G] 2026-09-13 17:58:38 :: DEBUG :: BB.REQUEST :: gamestate()
INFO - [G] 2026-09-13 17:58:38 :: DEBUG :: BB.ENDPOINTS :: Init gamestate()
INFO - [G] 2026-09-13 17:58:38 :: DEBUG :: BB.ENDPOINTS :: Return gamestate()
INFO - [G] 2026-09-13 17:58:38 :: DEBUG :: BB.RESPONSE :: gamestate OK (1ms)
INFO - [G] 2026-09-13 17:58:38 :: DEBUG :: BB.SERVER :: Client connected
INFO - [G] 2026-09-13 17:58:38 :: DEBUG :: BB.REQUEST :: gamestate()
INFO - [G] 2026-09-13 17:58:38 :: DEBUG :: BB.ENDPOINTS :: Init gamestate()
INFO - [G] 2026-09-13 17:58:38 :: DEBUG :: BB.ENDPOINTS :: Return gamestate()
INFO - [G] 2026-09-13 17:58:38 :: DEBUG :: BB.RESPONSE :: gamestate OK (1ms)
INFO - [G] 2026-09-13 17:58:39 :: DEBUG :: BB.SERVER :: Client connected
INFO - [G] 2026-09-13 17:58:39 :: DEBUG :: BB.REQUEST :: gamestate()
INFO - [G] 2026-09-13 17:58:39 :: DEBUG :: BB.ENDPOINTS :: Init gamestate()
INFO - [G] 2026-09-13 17:58:39 :: DEBUG :: BB.ENDPOINTS :: Return gamestate()
INFO - [G] 2026-09-13 17:58:39 :: DEBUG :: BB.RESPONSE :: gamestate OK (1ms)
INFO - [G] 2026-09-13 17:58:39 :: DEBUG :: BB.SERVER :: Client connected
INFO - [G] 2026-09-13 17:58:39 :: DEBUG :: BB.REQUEST :: gamestate()
INFO - [G] 2026-09-13 17:58:39 :: DEBUG :: BB.ENDPOINTS :: Init gamestate()
INFO - [G] 2026-09-13 17:58:39 :: DEBUG :: BB.ENDPOINTS :: Return gamestate()
INFO - [G] 2026-09-13 17:58:39 :: DEBUG :: BB.RESPONSE :: gamestate OK (1ms)
INFO - [G] 2026-09-13 17:58:39 :: DEBUG :: BB.SERVER :: Client connected
INFO - [G] 2026-09-13 17:58:39 :: DEBUG :: BB.REQUEST :: gamestate()
INFO - [G] 2026-09-13 17:58:39 :: DEBUG :: BB.ENDPOINTS :: Init gamestate()
INFO - [G] 2026-09-13 17:58:39 :: DEBUG :: BB.ENDPOINTS :: Return gamestate()
INFO - [G] 2026-09-13 17:58:39 :: DEBUG :: BB.RESPONSE :: gamestate OK (1ms)
INFO - [G] 2026-09-13 17:58:39 :: DEBUG :: BB.SERVER :: Client connected
INFO - [G] 2026-09-13 17:58:39 :: DEBUG :: BB.REQUEST :: gamestate()
INFO - [G] 2026-09-13 17:58:39 :: DEBUG :: BB.ENDPOINTS :: Init gamestate()
INFO - [G] 2026-09-13 17:58:39 :: DEBUG :: BB.ENDPOINTS :: Return gamestate()
INFO - [G] 2026-09-13 17:58:39 :: DEBUG :: BB.RESPONSE :: gamestate OK (1ms)
INFO - [G] 2026-09-13 17:58:39 :: DEBUG :: BB.SERVER :: Client connected
INFO - [G] 2026-09-13 17:58:39 :: DEBUG :: BB.REQUEST :: play({cards=[1,2,3,4,5]})
INFO - [G] 2026-09-13 17:58:39 :: DEBUG :: BB.ENDPOINTS :: Init play()
INFO - [G] 2026-09-13 17:58:39 :: DEBUG :: BB.ENDPOINTS :: Playing 5 cards: J♥, 10♦, 9♥, 8♦, 7♥
INFO - [G] 2026-09-13 17:58:57 :: DEBUG :: BB.ENDPOINTS :: Return play() - cash out
INFO - [G] 2026-09-13 17:58:57 :: DEBUG :: BB.RESPONSE :: play OK (18017ms)
INFO - [G] 2026-09-13 17:58:59 :: DEBUG :: BB.SERVER :: Client connected
INFO - [G] 2026-09-13 17:58:59 :: DEBUG :: BB.REQUEST :: gamestate()
INFO - [G] 2026-09-13 17:58:59 :: DEBUG :: BB.ENDPOINTS :: Init gamestate()
INFO - [G] 2026-09-13 17:58:59 :: DEBUG :: BB.ENDPOINTS :: Return gamestate()
INFO - [G] 2026-09-13 17:58:59 :: DEBUG :: BB.RESPONSE :: gamestate OK (1ms)
INFO - [G] 2026-09-13 17:58:59 :: DEBUG :: BB.SERVER :: Client connected
INFO - [G] 2026-09-13 17:58:59 :: DEBUG :: BB.REQUEST :: cash_out()
INFO - [G] 2026-09-13 17:58:59 :: DEBUG :: BB.ENDPOINTS :: Init cash_out()
INFO - [G] 2026-09-13 17:59:01 :: DEBUG :: BB.ENDPOINTS :: Return cash_out() - reached SHOP state
INFO - [G] 2026-09-13 17:59:01 :: DEBUG :: BB.RESPONSE :: cash_out OK (1756ms)
INFO - [G] 2026-09-13 17:59:02 :: DEBUG :: BB.SERVER :: Client connected
INFO - [G] 2026-09-13 17:59:02 :: DEBUG :: BB.REQUEST :: gamestate()
INFO - [G] 2026-09-13 17:59:02 :: DEBUG :: BB.ENDPOINTS :: Init gamestate()
INFO - [G] 2026-09-13 17:59:02 :: DEBUG :: BB.ENDPOINTS :: Return gamestate()
INFO - [G] 2026-09-13 17:59:02 :: DEBUG :: BB.RESPONSE :: gamestate OK (2ms)
INFO - [G] 2026-09-13 17:59:02 :: DEBUG :: BB.SERVER :: Client connected
INFO - [G] 2026-09-13 17:59:02 :: DEBUG :: BB.REQUEST :: next_round()
INFO - [G] 2026-09-13 17:59:02 :: DEBUG :: BB.ENDPOINTS :: Init next_round()
INFO - [G] 2026-09-13 17:59:03 :: DEBUG :: BB.ENDPOINTS :: Return next_round() - reached BLIND_SELECT state
INFO - [G] 2026-09-13 17:59:03 :: DEBUG :: BB.RESPONSE :: next_round OK (625ms)
INFO - [G] 2026-09-13 17:59:04 :: DEBUG :: BB.SERVER :: Client connected
INFO - [G] 2026-09-13 17:59:04 :: DEBUG :: BB.REQUEST :: gamestate()
INFO - [G] 2026-09-13 17:59:04 :: DEBUG :: BB.ENDPOINTS :: Init gamestate()
INFO - [G] 2026-09-13 17:59:04 :: DEBUG :: BB.ENDPOINTS :: Return gamestate()
INFO - [G] 2026-09-13 17:59:04 :: DEBUG :: BB.RESPONSE :: gamestate OK (1ms)
INFO - [G] 2026-09-13 17:59:04 :: DEBUG :: BB.SERVER :: Client connected
INFO - [G] 2026-09-13 17:59:04 :: DEBUG :: BB.REQUEST :: select()
INFO - [G] 2026-09-13 17:59:04 :: DEBUG :: BB.ENDPOINTS :: Init select()
INFO - [G] 2026-09-13 17:59:04 :: DEBUG :: BB.ENDPOINTS :: Selecting Big (Big Blind), chips required: ?
INFO - [G] 2026-09-13 17:59:07 :: DEBUG :: BB.ENDPOINTS :: Return select()
INFO - [G] 2026-09-13 17:59:07 :: DEBUG :: BB.RESPONSE :: select OK (3044ms)
INFO - [G] 2026-09-13 17:59:09 :: DEBUG :: BB.SERVER :: Client connected
INFO - [G] 2026-09-13 17:59:09 :: DEBUG :: BB.REQUEST :: gamestate()
INFO - [G] 2026-09-13 17:59:09 :: DEBUG :: BB.ENDPOINTS :: Init gamestate()
INFO - [G] 2026-09-13 17:59:09 :: DEBUG :: BB.ENDPOINTS :: Return gamestate()
INFO - [G] 2026-09-13 17:59:09 :: DEBUG :: BB.RESPONSE :: gamestate OK (1ms)
INFO - [G] 2026-09-13 17:59:09 :: DEBUG :: BB.SERVER :: Client connected
INFO - [G] 2026-09-13 17:59:09 :: DEBUG :: BB.REQUEST :: gamestate()
INFO - [G] 2026-09-13 17:59:09 :: DEBUG :: BB.ENDPOINTS :: Init gamestate()
INFO - [G] 2026-09-13 17:59:09 :: DEBUG :: BB.ENDPOINTS :: Return gamestate()
INFO - [G] 2026-09-13 17:59:09 :: DEBUG :: BB.RESPONSE :: gamestate OK (1ms)
INFO - [G] 2026-09-13 17:59:09 :: DEBUG :: BB.SERVER :: Client connected
INFO - [G] 2026-09-13 17:59:09 :: DEBUG :: BB.REQUEST :: gamestate()
INFO - [G] 2026-09-13 17:59:09 :: DEBUG :: BB.ENDPOINTS :: Init gamestate()
INFO - [G] 2026-09-13 17:59:09 :: DEBUG :: BB.ENDPOINTS :: Return gamestate()
INFO - [G] 2026-09-13 17:59:09 :: DEBUG :: BB.RESPONSE :: gamestate OK (1ms)
INFO - [G] 2026-09-13 17:59:09 :: DEBUG :: BB.SERVER :: Client connected
INFO - [G] 2026-09-13 17:59:09 :: DEBUG :: BB.REQUEST :: gamestate()
INFO - [G] 2026-09-13 17:59:09 :: DEBUG :: BB.ENDPOINTS :: Init gamestate()
INFO - [G] 2026-09-13 17:59:09 :: DEBUG :: BB.ENDPOINTS :: Return gamestate()
INFO - [G] 2026-09-13 17:59:09 :: DEBUG :: BB.RESPONSE :: gamestate OK (1ms)
INFO - [G] 2026-09-13 17:59:09 :: DEBUG :: BB.SERVER :: Client connected
INFO - [G] 2026-09-13 17:59:09 :: DEBUG :: BB.REQUEST :: gamestate()
INFO - [G] 2026-09-13 17:59:09 :: DEBUG :: BB.ENDPOINTS :: Init gamestate()
INFO - [G] 2026-09-13 17:59:09 :: DEBUG :: BB.ENDPOINTS :: Return gamestate()
INFO - [G] 2026-09-13 17:59:09 :: DEBUG :: BB.RESPONSE :: gamestate OK (1ms)
INFO - [G] 2026-09-13 17:59:10 :: DEBUG :: BB.SERVER :: Client connected
INFO - [G] 2026-09-13 17:59:10 :: DEBUG :: BB.REQUEST :: play({cards=[0,1,3,4]})
INFO - [G] 2026-09-13 17:59:10 :: DEBUG :: BB.ENDPOINTS :: Init play()
INFO - [G] 2026-09-13 17:59:10 :: DEBUG :: BB.ENDPOINTS :: Playing 4 cards: A♠, A♦, 10♥, 10♣
INFO - [G] 2026-09-13 17:59:20 :: DEBUG :: BB.ENDPOINTS :: Return play() - same round
INFO - [G] 2026-09-13 17:59:20 :: DEBUG :: BB.RESPONSE :: play OK (10355ms)
INFO - [G] 2026-09-13 17:59:22 :: DEBUG :: BB.SERVER :: Client connected
INFO - [G] 2026-09-13 17:59:22 :: DEBUG :: BB.REQUEST :: gamestate()
INFO - [G] 2026-09-13 17:59:22 :: DEBUG :: BB.ENDPOINTS :: Init gamestate()
INFO - [G] 2026-09-13 17:59:22 :: DEBUG :: BB.ENDPOINTS :: Return gamestate()
INFO - [G] 2026-09-13 17:59:22 :: DEBUG :: BB.RESPONSE :: gamestate OK (1ms)
INFO - [G] 2026-09-13 17:59:22 :: DEBUG :: BB.SERVER :: Client connected
INFO - [G] 2026-09-13 17:59:22 :: DEBUG :: BB.REQUEST :: gamestate()
INFO - [G] 2026-09-13 17:59:22 :: DEBUG :: BB.ENDPOINTS :: Init gamestate()
INFO - [G] 2026-09-13 17:59:22 :: DEBUG :: BB.ENDPOINTS :: Return gamestate()
INFO - [G] 2026-09-13 17:59:22 :: DEBUG :: BB.RESPONSE :: gamestate OK (1ms)
INFO - [G] 2026-09-13 17:59:22 :: DEBUG :: BB.SERVER :: Client connected
INFO - [G] 2026-09-13 17:59:22 :: DEBUG :: BB.REQUEST :: gamestate()
INFO - [G] 2026-09-13 17:59:22 :: DEBUG :: BB.ENDPOINTS :: Init gamestate()
INFO - [G] 2026-09-13 17:59:22 :: DEBUG :: BB.ENDPOINTS :: Return gamestate()
INFO - [G] 2026-09-13 17:59:22 :: DEBUG :: BB.RESPONSE :: gamestate OK (1ms)
INFO - [G] 2026-09-13 17:59:22 :: DEBUG :: BB.SERVER :: Client connected
INFO - [G] 2026-09-13 17:59:22 :: DEBUG :: BB.REQUEST :: gamestate()
INFO - [G] 2026-09-13 17:59:22 :: DEBUG :: BB.ENDPOINTS :: Init gamestate()
INFO - [G] 2026-09-13 17:59:22 :: DEBUG :: BB.ENDPOINTS :: Return gamestate()
INFO - [G] 2026-09-13 17:59:22 :: DEBUG :: BB.RESPONSE :: gamestate OK (1ms)
INFO - [G] 2026-09-13 17:59:22 :: DEBUG :: BB.SERVER :: Client connected
INFO - [G] 2026-09-13 17:59:22 :: DEBUG :: BB.REQUEST :: gamestate()
INFO - [G] 2026-09-13 17:59:22 :: DEBUG :: BB.ENDPOINTS :: Init gamestate()
INFO - [G] 2026-09-13 17:59:22 :: DEBUG :: BB.ENDPOINTS :: Return gamestate()
INFO - [G] 2026-09-13 17:59:22 :: DEBUG :: BB.RESPONSE :: gamestate OK (1ms)
INFO - [G] 2026-09-13 17:59:22 :: DEBUG :: BB.SERVER :: Client connected
INFO - [G] 2026-09-13 17:59:22 :: DEBUG :: BB.REQUEST :: gamestate()
INFO - [G] 2026-09-13 17:59:22 :: DEBUG :: BB.ENDPOINTS :: Init gamestate()
INFO - [G] 2026-09-13 17:59:22 :: DEBUG :: BB.ENDPOINTS :: Return gamestate()
INFO - [G] 2026-09-13 17:59:22 :: DEBUG :: BB.RESPONSE :: gamestate OK (1ms)
INFO - [G] 2026-09-13 17:59:23 :: DEBUG :: BB.SERVER :: Client connected
INFO - [G] 2026-09-13 17:59:23 :: DEBUG :: BB.REQUEST :: discard({cards=[2,3,4,5,6]})
INFO - [G] 2026-09-13 17:59:23 :: DEBUG :: BB.ENDPOINTS :: Init discard()
INFO - [G] 2026-09-13 17:59:23 :: DEBUG :: BB.ENDPOINTS :: Discarding 5 cards: Q♥, 9♣, 7♥, 6♣, 3♣ (3 discards left)
INFO - [G] 2026-09-13 17:59:24 :: DEBUG :: BB.ENDPOINTS :: Return discard()
INFO - [G] 2026-09-13 17:59:24 :: DEBUG :: BB.RESPONSE :: discard OK (1801ms)
INFO - [G] 2026-09-13 17:59:26 :: DEBUG :: BB.SERVER :: Client connected
INFO - [G] 2026-09-13 17:59:26 :: DEBUG :: BB.REQUEST :: gamestate()
INFO - [G] 2026-09-13 17:59:26 :: DEBUG :: BB.ENDPOINTS :: Init gamestate()
INFO - [G] 2026-09-13 17:59:26 :: DEBUG :: BB.ENDPOINTS :: Return gamestate()
INFO - [G] 2026-09-13 17:59:26 :: DEBUG :: BB.RESPONSE :: gamestate OK (1ms)
INFO - [G] 2026-09-13 17:59:26 :: DEBUG :: BB.SERVER :: Client connected
INFO - [G] 2026-09-13 17:59:26 :: DEBUG :: BB.REQUEST :: gamestate()
INFO - [G] 2026-09-13 17:59:26 :: DEBUG :: BB.ENDPOINTS :: Init gamestate()
INFO - [G] 2026-09-13 17:59:26 :: DEBUG :: BB.ENDPOINTS :: Return gamestate()
INFO - [G] 2026-09-13 17:59:26 :: DEBUG :: BB.RESPONSE :: gamestate OK (1ms)
INFO - [G] 2026-09-13 17:59:26 :: DEBUG :: BB.SERVER :: Client connected
INFO - [G] 2026-09-13 17:59:26 :: DEBUG :: BB.REQUEST :: gamestate()
INFO - [G] 2026-09-13 17:59:26 :: DEBUG :: BB.ENDPOINTS :: Init gamestate()
INFO - [G] 2026-09-13 17:59:26 :: DEBUG :: BB.ENDPOINTS :: Return gamestate()
INFO - [G] 2026-09-13 17:59:26 :: DEBUG :: BB.RESPONSE :: gamestate OK (1ms)
INFO - [G] 2026-09-13 17:59:27 :: DEBUG :: BB.SERVER :: Client connected
INFO - [G] 2026-09-13 17:59:27 :: DEBUG :: BB.REQUEST :: gamestate()
INFO - [G] 2026-09-13 17:59:27 :: DEBUG :: BB.ENDPOINTS :: Init gamestate()
INFO - [G] 2026-09-13 17:59:27 :: DEBUG :: BB.ENDPOINTS :: Return gamestate()
INFO - [G] 2026-09-13 17:59:27 :: DEBUG :: BB.RESPONSE :: gamestate OK (1ms)
INFO - [G] 2026-09-13 17:59:27 :: DEBUG :: BB.SERVER :: Client connected
INFO - [G] 2026-09-13 17:59:27 :: DEBUG :: BB.REQUEST :: gamestate()
INFO - [G] 2026-09-13 17:59:27 :: DEBUG :: BB.ENDPOINTS :: Init gamestate()
INFO - [G] 2026-09-13 17:59:27 :: DEBUG :: BB.ENDPOINTS :: Return gamestate()
INFO - [G] 2026-09-13 17:59:27 :: DEBUG :: BB.RESPONSE :: gamestate OK (1ms)
INFO - [G] 2026-09-13 17:59:27 :: DEBUG :: BB.SERVER :: Client connected
INFO - [G] 2026-09-13 17:59:27 :: DEBUG :: BB.REQUEST :: gamestate()
INFO - [G] 2026-09-13 17:59:27 :: DEBUG :: BB.ENDPOINTS :: Init gamestate()
INFO - [G] 2026-09-13 17:59:27 :: DEBUG :: BB.ENDPOINTS :: Return gamestate()
INFO - [G] 2026-09-13 17:59:27 :: DEBUG :: BB.RESPONSE :: gamestate OK (1ms)
INFO - [G] 2026-09-13 17:59:27 :: DEBUG :: BB.SERVER :: Client connected
INFO - [G] 2026-09-13 17:59:27 :: DEBUG :: BB.REQUEST :: play({cards=[0,1,2,5,6]})
INFO - [G] 2026-09-13 17:59:27 :: DEBUG :: BB.ENDPOINTS :: Init play()
INFO - [G] 2026-09-13 17:59:27 :: DEBUG :: BB.ENDPOINTS :: Playing 5 cards: K♥, K♣, K♦, 4♠, 4♦
INFO - [G] 2026-09-13 17:59:41 :: DEBUG :: BB.ENDPOINTS :: Return play() - same round
INFO - [G] 2026-09-13 17:59:41 :: DEBUG :: BB.RESPONSE :: play OK (14301ms)
INFO - [G] 2026-09-13 17:59:43 :: DEBUG :: BB.SERVER :: Client connected
INFO - [G] 2026-09-13 17:59:43 :: DEBUG :: BB.REQUEST :: gamestate()
INFO - [G] 2026-09-13 17:59:43 :: DEBUG :: BB.ENDPOINTS :: Init gamestate()
INFO - [G] 2026-09-13 17:59:43 :: DEBUG :: BB.ENDPOINTS :: Return gamestate()
INFO - [G] 2026-09-13 17:59:43 :: DEBUG :: BB.RESPONSE :: gamestate OK (1ms)
INFO - [G] 2026-09-13 17:59:43 :: DEBUG :: BB.SERVER :: Client connected
INFO - [G] 2026-09-13 17:59:43 :: DEBUG :: BB.REQUEST :: gamestate()
INFO - [G] 2026-09-13 17:59:43 :: DEBUG :: BB.ENDPOINTS :: Init gamestate()
INFO - [G] 2026-09-13 17:59:43 :: DEBUG :: BB.ENDPOINTS :: Return gamestate()
INFO - [G] 2026-09-13 17:59:43 :: DEBUG :: BB.RESPONSE :: gamestate OK (1ms)
INFO - [G] 2026-09-13 17:59:43 :: DEBUG :: BB.SERVER :: Client connected
INFO - [G] 2026-09-13 17:59:43 :: DEBUG :: BB.REQUEST :: gamestate()
INFO - [G] 2026-09-13 17:59:43 :: DEBUG :: BB.ENDPOINTS :: Init gamestate()
INFO - [G] 2026-09-13 17:59:43 :: DEBUG :: BB.ENDPOINTS :: Return gamestate()
INFO - [G] 2026-09-13 17:59:43 :: DEBUG :: BB.RESPONSE :: gamestate OK (1ms)
INFO - [G] 2026-09-13 17:59:43 :: DEBUG :: BB.SERVER :: Client connected
INFO - [G] 2026-09-13 17:59:43 :: DEBUG :: BB.REQUEST :: gamestate()
INFO - [G] 2026-09-13 17:59:43 :: DEBUG :: BB.ENDPOINTS :: Init gamestate()
INFO - [G] 2026-09-13 17:59:43 :: DEBUG :: BB.ENDPOINTS :: Return gamestate()
INFO - [G] 2026-09-13 17:59:43 :: DEBUG :: BB.RESPONSE :: gamestate OK (1ms)
INFO - [G] 2026-09-13 17:59:44 :: DEBUG :: BB.SERVER :: Client connected
INFO - [G] 2026-09-13 17:59:44 :: DEBUG :: BB.REQUEST :: gamestate()
INFO - [G] 2026-09-13 17:59:44 :: DEBUG :: BB.ENDPOINTS :: Init gamestate()
INFO - [G] 2026-09-13 17:59:44 :: DEBUG :: BB.ENDPOINTS :: Return gamestate()
INFO - [G] 2026-09-13 17:59:44 :: DEBUG :: BB.RESPONSE :: gamestate OK (1ms)
INFO - [G] 2026-09-13 17:59:44 :: DEBUG :: BB.SERVER :: Client connected
INFO - [G] 2026-09-13 17:59:44 :: DEBUG :: BB.REQUEST :: play({cards=[4,5,6,7]})
INFO - [G] 2026-09-13 17:59:44 :: DEBUG :: BB.ENDPOINTS :: Init play()
INFO - [G] 2026-09-13 17:59:44 :: DEBUG :: BB.ENDPOINTS :: Playing 4 cards: 4♥, 4♣, 2♠, 2♥
INFO - [G] 2026-09-13 17:59:56 :: DEBUG :: BB.ENDPOINTS :: Return play() - cash out
INFO - [G] 2026-09-13 17:59:56 :: DEBUG :: BB.RESPONSE :: play OK (11858ms)
INFO - [G] 2026-09-13 17:59:57 :: DEBUG :: BB.SERVER :: Client connected
INFO - [G] 2026-09-13 17:59:57 :: DEBUG :: BB.REQUEST :: gamestate()
INFO - [G] 2026-09-13 17:59:57 :: DEBUG :: BB.ENDPOINTS :: Init gamestate()
INFO - [G] 2026-09-13 17:59:57 :: DEBUG :: BB.ENDPOINTS :: Return gamestate()
INFO - [G] 2026-09-13 17:59:57 :: DEBUG :: BB.RESPONSE :: gamestate OK (1ms)
INFO - [G] 2026-09-13 17:59:57 :: DEBUG :: BB.SERVER :: Client connected
INFO - [G] 2026-09-13 17:59:57 :: DEBUG :: BB.REQUEST :: cash_out()
INFO - [G] 2026-09-13 17:59:57 :: DEBUG :: BB.ENDPOINTS :: Init cash_out()
INFO - [G] 2026-09-13 18:00:04 :: DEBUG :: BB.ENDPOINTS :: Return cash_out() - reached SHOP state
INFO - [G] 2026-09-13 18:00:04 :: DEBUG :: BB.RESPONSE :: cash_out OK (6618ms)
INFO - [G] 2026-09-13 18:00:05 :: DEBUG :: BB.SERVER :: Client connected
INFO - [G] 2026-09-13 18:00:05 :: DEBUG :: BB.REQUEST :: gamestate()
INFO - [G] 2026-09-13 18:00:05 :: DEBUG :: BB.ENDPOINTS :: Init gamestate()
INFO - [G] 2026-09-13 18:00:05 :: DEBUG :: BB.ENDPOINTS :: Return gamestate()
INFO - [G] 2026-09-13 18:00:05 :: DEBUG :: BB.RESPONSE :: gamestate OK (2ms)
INFO - [G] 2026-09-13 18:00:05 :: DEBUG :: BB.SERVER :: Client connected
INFO - [G] 2026-09-13 18:00:05 :: DEBUG :: BB.REQUEST :: next_round()
INFO - [G] 2026-09-13 18:00:05 :: DEBUG :: BB.ENDPOINTS :: Init next_round()
INFO - [G] 2026-09-13 18:00:06 :: DEBUG :: BB.ENDPOINTS :: Return next_round() - reached BLIND_SELECT state
INFO - [G] 2026-09-13 18:00:06 :: DEBUG :: BB.RESPONSE :: next_round OK (610ms)
INFO - [G] 2026-09-13 18:00:07 :: DEBUG :: BB.SERVER :: Client connected
INFO - [G] 2026-09-13 18:00:07 :: DEBUG :: BB.REQUEST :: gamestate()
INFO - [G] 2026-09-13 18:00:07 :: DEBUG :: BB.ENDPOINTS :: Init gamestate()
INFO - [G] 2026-09-13 18:00:07 :: DEBUG :: BB.ENDPOINTS :: Return gamestate()
INFO - [G] 2026-09-13 18:00:07 :: DEBUG :: BB.RESPONSE :: gamestate OK (1ms)
INFO - [G] 2026-09-13 18:00:07 :: DEBUG :: BB.SERVER :: Client connected
INFO - [G] 2026-09-13 18:00:07 :: DEBUG :: BB.REQUEST :: select()
INFO - [G] 2026-09-13 18:00:07 :: DEBUG :: BB.ENDPOINTS :: Init select()
INFO - [G] 2026-09-13 18:00:07 :: DEBUG :: BB.ENDPOINTS :: Selecting Boss (The Hook), chips required: ?
INFO - [G] 2026-09-13 18:00:10 :: DEBUG :: BB.ENDPOINTS :: Return select()
INFO - [G] 2026-09-13 18:00:10 :: DEBUG :: BB.RESPONSE :: select OK (2916ms)
INFO - [G] 2026-09-13 18:00:12 :: DEBUG :: BB.SERVER :: Client connected
INFO - [G] 2026-09-13 18:00:12 :: DEBUG :: BB.REQUEST :: gamestate()
INFO - [G] 2026-09-13 18:00:12 :: DEBUG :: BB.ENDPOINTS :: Init gamestate()
INFO - [G] 2026-09-13 18:00:12 :: DEBUG :: BB.ENDPOINTS :: Return gamestate()
INFO - [G] 2026-09-13 18:00:12 :: DEBUG :: BB.RESPONSE :: gamestate OK (1ms)
INFO - [G] 2026-09-13 18:00:12 :: DEBUG :: BB.SERVER :: Client connected
INFO - [G] 2026-09-13 18:00:12 :: DEBUG :: BB.REQUEST :: gamestate()
INFO - [G] 2026-09-13 18:00:12 :: DEBUG :: BB.ENDPOINTS :: Init gamestate()
INFO - [G] 2026-09-13 18:00:12 :: DEBUG :: BB.ENDPOINTS :: Return gamestate()
INFO - [G] 2026-09-13 18:00:12 :: DEBUG :: BB.RESPONSE :: gamestate OK (1ms)
INFO - [G] 2026-09-13 18:00:12 :: DEBUG :: BB.SERVER :: Client connected
INFO - [G] 2026-09-13 18:00:12 :: DEBUG :: BB.REQUEST :: gamestate()
INFO - [G] 2026-09-13 18:00:12 :: DEBUG :: BB.ENDPOINTS :: Init gamestate()
INFO - [G] 2026-09-13 18:00:12 :: DEBUG :: BB.ENDPOINTS :: Return gamestate()
INFO - [G] 2026-09-13 18:00:12 :: DEBUG :: BB.RESPONSE :: gamestate OK (1ms)
INFO - [G] 2026-09-13 18:00:13 :: DEBUG :: BB.SERVER :: Client connected
INFO - [G] 2026-09-13 18:00:13 :: DEBUG :: BB.REQUEST :: gamestate()
INFO - [G] 2026-09-13 18:00:13 :: DEBUG :: BB.ENDPOINTS :: Init gamestate()
INFO - [G] 2026-09-13 18:00:13 :: DEBUG :: BB.ENDPOINTS :: Return gamestate()
INFO - [G] 2026-09-13 18:00:13 :: DEBUG :: BB.RESPONSE :: gamestate OK (1ms)
INFO - [G] 2026-09-13 18:00:13 :: DEBUG :: BB.SERVER :: Client connected
INFO - [G] 2026-09-13 18:00:13 :: DEBUG :: BB.REQUEST :: gamestate()
INFO - [G] 2026-09-13 18:00:13 :: DEBUG :: BB.ENDPOINTS :: Init gamestate()
INFO - [G] 2026-09-13 18:00:13 :: DEBUG :: BB.ENDPOINTS :: Return gamestate()
INFO - [G] 2026-09-13 18:00:13 :: DEBUG :: BB.RESPONSE :: gamestate OK (1ms)
INFO - [G] 2026-09-13 18:00:13 :: DEBUG :: BB.SERVER :: Client connected
INFO - [G] 2026-09-13 18:00:13 :: DEBUG :: BB.REQUEST :: gamestate()
INFO - [G] 2026-09-13 18:00:13 :: DEBUG :: BB.ENDPOINTS :: Init gamestate()
INFO - [G] 2026-09-13 18:00:13 :: DEBUG :: BB.ENDPOINTS :: Return gamestate()
INFO - [G] 2026-09-13 18:00:13 :: DEBUG :: BB.RESPONSE :: gamestate OK (1ms)
INFO - [G] 2026-09-13 18:00:13 :: DEBUG :: BB.SERVER :: Client connected
INFO - [G] 2026-09-13 18:00:13 :: DEBUG :: BB.REQUEST :: discard({cards=[0,1,2,3,4]})
INFO - [G] 2026-09-13 18:00:13 :: DEBUG :: BB.ENDPOINTS :: Init discard()
INFO - [G] 2026-09-13 18:00:13 :: DEBUG :: BB.ENDPOINTS :: Discarding 5 cards: Q♠, 10♠, 7♠, 6♣, 4♦ (3 discards left)
INFO - [G] 2026-09-13 18:00:15 :: DEBUG :: BB.ENDPOINTS :: Return discard()
INFO - [G] 2026-09-13 18:00:15 :: DEBUG :: BB.RESPONSE :: discard OK (1791ms)
INFO - [G] 2026-09-13 18:00:16 :: DEBUG :: BB.SERVER :: Client connected
INFO - [G] 2026-09-13 18:00:16 :: DEBUG :: BB.REQUEST :: gamestate()
INFO - [G] 2026-09-13 18:00:16 :: DEBUG :: BB.ENDPOINTS :: Init gamestate()
INFO - [G] 2026-09-13 18:00:16 :: DEBUG :: BB.ENDPOINTS :: Return gamestate()
INFO - [G] 2026-09-13 18:00:16 :: DEBUG :: BB.RESPONSE :: gamestate OK (1ms)
INFO - [G] 2026-09-13 18:00:17 :: DEBUG :: BB.SERVER :: Client connected
INFO - [G] 2026-09-13 18:00:17 :: DEBUG :: BB.REQUEST :: gamestate()
INFO - [G] 2026-09-13 18:00:17 :: DEBUG :: BB.ENDPOINTS :: Init gamestate()
INFO - [G] 2026-09-13 18:00:17 :: DEBUG :: BB.ENDPOINTS :: Return gamestate()
INFO - [G] 2026-09-13 18:00:17 :: DEBUG :: BB.RESPONSE :: gamestate OK (1ms)
INFO - [G] 2026-09-13 18:00:17 :: DEBUG :: BB.SERVER :: Client connected
INFO - [G] 2026-09-13 18:00:17 :: DEBUG :: BB.REQUEST :: gamestate()
INFO - [G] 2026-09-13 18:00:17 :: DEBUG :: BB.ENDPOINTS :: Init gamestate()
INFO - [G] 2026-09-13 18:00:17 :: DEBUG :: BB.ENDPOINTS :: Return gamestate()
INFO - [G] 2026-09-13 18:00:17 :: DEBUG :: BB.RESPONSE :: gamestate OK (1ms)
INFO - [G] 2026-09-13 18:00:17 :: DEBUG :: BB.SERVER :: Client connected
INFO - [G] 2026-09-13 18:00:17 :: DEBUG :: BB.REQUEST :: gamestate()
INFO - [G] 2026-09-13 18:00:17 :: DEBUG :: BB.ENDPOINTS :: Init gamestate()
INFO - [G] 2026-09-13 18:00:17 :: DEBUG :: BB.ENDPOINTS :: Return gamestate()
INFO - [G] 2026-09-13 18:00:17 :: DEBUG :: BB.RESPONSE :: gamestate OK (1ms)
INFO - [G] 2026-09-13 18:00:17 :: DEBUG :: BB.SERVER :: Client connected
INFO - [G] 2026-09-13 18:00:17 :: DEBUG :: BB.REQUEST :: gamestate()
INFO - [G] 2026-09-13 18:00:17 :: DEBUG :: BB.ENDPOINTS :: Init gamestate()
INFO - [G] 2026-09-13 18:00:17 :: DEBUG :: BB.ENDPOINTS :: Return gamestate()
INFO - [G] 2026-09-13 18:00:17 :: DEBUG :: BB.RESPONSE :: gamestate OK (1ms)
INFO - [G] 2026-09-13 18:00:17 :: DEBUG :: BB.SERVER :: Client connected
INFO - [G] 2026-09-13 18:00:17 :: DEBUG :: BB.REQUEST :: gamestate()
INFO - [G] 2026-09-13 18:00:17 :: DEBUG :: BB.ENDPOINTS :: Init gamestate()
INFO - [G] 2026-09-13 18:00:17 :: DEBUG :: BB.ENDPOINTS :: Return gamestate()
INFO - [G] 2026-09-13 18:00:17 :: DEBUG :: BB.RESPONSE :: gamestate OK (1ms)
INFO - [G] 2026-09-13 18:00:17 :: DEBUG :: BB.SERVER :: Client connected
INFO - [G] 2026-09-13 18:00:17 :: DEBUG :: BB.REQUEST :: play({cards=[3,4,5,6,7]})
INFO - [G] 2026-09-13 18:00:17 :: DEBUG :: BB.ENDPOINTS :: Init play()
INFO - [G] 2026-09-13 18:00:17 :: DEBUG :: BB.ENDPOINTS :: Playing 5 cards: 3♥, 3♣, 3♦, 2♥, 2♣
INFO - [G] 2026-09-13 18:00:31 :: DEBUG :: BB.ENDPOINTS :: Return play() - same round
INFO - [G] 2026-09-13 18:00:31 :: DEBUG :: BB.RESPONSE :: play OK (13325ms)
INFO - [G] 2026-09-13 18:00:32 :: DEBUG :: BB.SERVER :: Client connected
INFO - [G] 2026-09-13 18:00:32 :: DEBUG :: BB.REQUEST :: gamestate()
INFO - [G] 2026-09-13 18:00:32 :: DEBUG :: BB.ENDPOINTS :: Init gamestate()
INFO - [G] 2026-09-13 18:00:32 :: DEBUG :: BB.ENDPOINTS :: Return gamestate()
INFO - [G] 2026-09-13 18:00:32 :: DEBUG :: BB.RESPONSE :: gamestate OK (1ms)
INFO - [G] 2026-09-13 18:00:33 :: DEBUG :: BB.SERVER :: Client connected
INFO - [G] 2026-09-13 18:00:33 :: DEBUG :: BB.REQUEST :: gamestate()
INFO - [G] 2026-09-13 18:00:33 :: DEBUG :: BB.ENDPOINTS :: Init gamestate()
INFO - [G] 2026-09-13 18:00:33 :: DEBUG :: BB.ENDPOINTS :: Return gamestate()
INFO - [G] 2026-09-13 18:00:33 :: DEBUG :: BB.RESPONSE :: gamestate OK (1ms)
INFO - [G] 2026-09-13 18:00:33 :: DEBUG :: BB.SERVER :: Client connected
INFO - [G] 2026-09-13 18:00:33 :: DEBUG :: BB.REQUEST :: gamestate()
INFO - [G] 2026-09-13 18:00:33 :: DEBUG :: BB.ENDPOINTS :: Init gamestate()
INFO - [G] 2026-09-13 18:00:33 :: DEBUG :: BB.ENDPOINTS :: Return gamestate()
INFO - [G] 2026-09-13 18:00:33 :: DEBUG :: BB.RESPONSE :: gamestate OK (1ms)
INFO - [G] 2026-09-13 18:00:33 :: DEBUG :: BB.SERVER :: Client connected
INFO - [G] 2026-09-13 18:00:33 :: DEBUG :: BB.REQUEST :: gamestate()
INFO - [G] 2026-09-13 18:00:33 :: DEBUG :: BB.ENDPOINTS :: Init gamestate()
INFO - [G] 2026-09-13 18:00:33 :: DEBUG :: BB.ENDPOINTS :: Return gamestate()
INFO - [G] 2026-09-13 18:00:33 :: DEBUG :: BB.RESPONSE :: gamestate OK (1ms)
INFO - [G] 2026-09-13 18:00:33 :: DEBUG :: BB.SERVER :: Client connected
INFO - [G] 2026-09-13 18:00:33 :: DEBUG :: BB.REQUEST :: gamestate()
INFO - [G] 2026-09-13 18:00:33 :: DEBUG :: BB.ENDPOINTS :: Init gamestate()
INFO - [G] 2026-09-13 18:00:33 :: DEBUG :: BB.ENDPOINTS :: Return gamestate()
INFO - [G] 2026-09-13 18:00:33 :: DEBUG :: BB.RESPONSE :: gamestate OK (1ms)
INFO - [G] 2026-09-13 18:00:33 :: DEBUG :: BB.SERVER :: Client connected
INFO - [G] 2026-09-13 18:00:33 :: DEBUG :: BB.REQUEST :: play({cards=[0,1,3,4]})
INFO - [G] 2026-09-13 18:00:33 :: DEBUG :: BB.ENDPOINTS :: Init play()
INFO - [G] 2026-09-13 18:00:33 :: DEBUG :: BB.ENDPOINTS :: Playing 4 cards: A♣, A♦, 10♥, 10♦
INFO - [G] 2026-09-13 18:00:45 :: DEBUG :: BB.ENDPOINTS :: Return play() - same round
INFO - [G] 2026-09-13 18:00:45 :: DEBUG :: BB.RESPONSE :: play OK (12090ms)
INFO - [G] 2026-09-13 18:00:47 :: DEBUG :: BB.SERVER :: Client connected
INFO - [G] 2026-09-13 18:00:47 :: DEBUG :: BB.REQUEST :: gamestate()
INFO - [G] 2026-09-13 18:00:47 :: DEBUG :: BB.ENDPOINTS :: Init gamestate()
INFO - [G] 2026-09-13 18:00:47 :: DEBUG :: BB.ENDPOINTS :: Return gamestate()
INFO - [G] 2026-09-13 18:00:47 :: DEBUG :: BB.RESPONSE :: gamestate OK (1ms)
INFO - [G] 2026-09-13 18:00:47 :: DEBUG :: BB.SERVER :: Client connected
INFO - [G] 2026-09-13 18:00:47 :: DEBUG :: BB.REQUEST :: gamestate()
INFO - [G] 2026-09-13 18:00:47 :: DEBUG :: BB.ENDPOINTS :: Init gamestate()
INFO - [G] 2026-09-13 18:00:47 :: DEBUG :: BB.ENDPOINTS :: Return gamestate()
INFO - [G] 2026-09-13 18:00:47 :: DEBUG :: BB.RESPONSE :: gamestate OK (1ms)
INFO - [G] 2026-09-13 18:00:47 :: DEBUG :: BB.SERVER :: Client connected
INFO - [G] 2026-09-13 18:00:47 :: DEBUG :: BB.REQUEST :: gamestate()
INFO - [G] 2026-09-13 18:00:47 :: DEBUG :: BB.ENDPOINTS :: Init gamestate()
INFO - [G] 2026-09-13 18:00:47 :: DEBUG :: BB.ENDPOINTS :: Return gamestate()
INFO - [G] 2026-09-13 18:00:47 :: DEBUG :: BB.RESPONSE :: gamestate OK (1ms)
INFO - [G] 2026-09-13 18:00:47 :: DEBUG :: BB.SERVER :: Client connected
INFO - [G] 2026-09-13 18:00:47 :: DEBUG :: BB.REQUEST :: gamestate()
INFO - [G] 2026-09-13 18:00:47 :: DEBUG :: BB.ENDPOINTS :: Init gamestate()
INFO - [G] 2026-09-13 18:00:47 :: DEBUG :: BB.ENDPOINTS :: Return gamestate()
INFO - [G] 2026-09-13 18:00:47 :: DEBUG :: BB.RESPONSE :: gamestate OK (1ms)
INFO - [G] 2026-09-13 18:00:48 :: DEBUG :: BB.SERVER :: Client connected
INFO - [G] 2026-09-13 18:00:48 :: DEBUG :: BB.REQUEST :: gamestate()
INFO - [G] 2026-09-13 18:00:48 :: DEBUG :: BB.ENDPOINTS :: Init gamestate()
INFO - [G] 2026-09-13 18:00:48 :: DEBUG :: BB.ENDPOINTS :: Return gamestate()
INFO - [G] 2026-09-13 18:00:48 :: DEBUG :: BB.RESPONSE :: gamestate OK (1ms)
INFO - [G] 2026-09-13 18:00:48 :: DEBUG :: BB.SERVER :: Client connected
INFO - [G] 2026-09-13 18:00:48 :: DEBUG :: BB.REQUEST :: gamestate()
INFO - [G] 2026-09-13 18:00:48 :: DEBUG :: BB.ENDPOINTS :: Init gamestate()
INFO - [G] 2026-09-13 18:00:48 :: DEBUG :: BB.ENDPOINTS :: Return gamestate()
INFO - [G] 2026-09-13 18:00:48 :: DEBUG :: BB.RESPONSE :: gamestate OK (1ms)
INFO - [G] 2026-09-13 18:00:48 :: DEBUG :: BB.SERVER :: Client connected
INFO - [G] 2026-09-13 18:00:48 :: DEBUG :: BB.REQUEST :: discard({cards=[2,3,4,5,6]})
INFO - [G] 2026-09-13 18:00:48 :: DEBUG :: BB.ENDPOINTS :: Init discard()
INFO - [G] 2026-09-13 18:00:48 :: DEBUG :: BB.ENDPOINTS :: Discarding 5 cards: Q♥, J♦, 9♦, 8♣, 5♥ (2 discards left)
INFO - [G] 2026-09-13 18:00:50 :: DEBUG :: BB.ENDPOINTS :: Return discard()
INFO - [G] 2026-09-13 18:00:50 :: DEBUG :: BB.RESPONSE :: discard OK (1778ms)
INFO - [G] 2026-09-13 18:00:51 :: DEBUG :: BB.SERVER :: Client connected
INFO - [G] 2026-09-13 18:00:51 :: DEBUG :: BB.REQUEST :: gamestate()
INFO - [G] 2026-09-13 18:00:51 :: DEBUG :: BB.ENDPOINTS :: Init gamestate()
INFO - [G] 2026-09-13 18:00:51 :: DEBUG :: BB.ENDPOINTS :: Return gamestate()
INFO - [G] 2026-09-13 18:00:51 :: DEBUG :: BB.RESPONSE :: gamestate OK (1ms)
INFO - [G] 2026-09-13 18:00:52 :: DEBUG :: BB.SERVER :: Client connected
INFO - [G] 2026-09-13 18:00:52 :: DEBUG :: BB.REQUEST :: gamestate()
INFO - [G] 2026-09-13 18:00:52 :: DEBUG :: BB.ENDPOINTS :: Init gamestate()
INFO - [G] 2026-09-13 18:00:52 :: DEBUG :: BB.ENDPOINTS :: Return gamestate()
INFO - [G] 2026-09-13 18:00:52 :: DEBUG :: BB.RESPONSE :: gamestate OK (1ms)
INFO - [G] 2026-09-13 18:00:52 :: DEBUG :: BB.SERVER :: Client connected
INFO - [G] 2026-09-13 18:00:52 :: DEBUG :: BB.REQUEST :: gamestate()
INFO - [G] 2026-09-13 18:00:52 :: DEBUG :: BB.ENDPOINTS :: Init gamestate()
INFO - [G] 2026-09-13 18:00:52 :: DEBUG :: BB.ENDPOINTS :: Return gamestate()
INFO - [G] 2026-09-13 18:00:52 :: DEBUG :: BB.RESPONSE :: gamestate OK (1ms)
INFO - [G] 2026-09-13 18:00:52 :: DEBUG :: BB.SERVER :: Client connected
INFO - [G] 2026-09-13 18:00:52 :: DEBUG :: BB.REQUEST :: gamestate()
INFO - [G] 2026-09-13 18:00:52 :: DEBUG :: BB.ENDPOINTS :: Init gamestate()
INFO - [G] 2026-09-13 18:00:52 :: DEBUG :: BB.ENDPOINTS :: Return gamestate()
INFO - [G] 2026-09-13 18:00:52 :: DEBUG :: BB.RESPONSE :: gamestate OK (1ms)
INFO - [G] 2026-09-13 18:00:52 :: DEBUG :: BB.SERVER :: Client connected
INFO - [G] 2026-09-13 18:00:52 :: DEBUG :: BB.REQUEST :: gamestate()
INFO - [G] 2026-09-13 18:00:52 :: DEBUG :: BB.ENDPOINTS :: Init gamestate()
INFO - [G] 2026-09-13 18:00:52 :: DEBUG :: BB.ENDPOINTS :: Return gamestate()
INFO - [G] 2026-09-13 18:00:52 :: DEBUG :: BB.RESPONSE :: gamestate OK (1ms)
INFO - [G] 2026-09-13 18:00:52 :: DEBUG :: BB.SERVER :: Client connected
INFO - [G] 2026-09-13 18:00:52 :: DEBUG :: BB.REQUEST :: gamestate()
INFO - [G] 2026-09-13 18:00:52 :: DEBUG :: BB.ENDPOINTS :: Init gamestate()
INFO - [G] 2026-09-13 18:00:52 :: DEBUG :: BB.ENDPOINTS :: Return gamestate()
INFO - [G] 2026-09-13 18:00:52 :: DEBUG :: BB.RESPONSE :: gamestate OK (1ms)
INFO - [G] 2026-09-13 18:00:53 :: DEBUG :: BB.SERVER :: Client connected
INFO - [G] 2026-09-13 18:00:53 :: DEBUG :: BB.REQUEST :: discard({cards=[2,3,4,5,6]})
INFO - [G] 2026-09-13 18:00:53 :: DEBUG :: BB.ENDPOINTS :: Init discard()
INFO - [G] 2026-09-13 18:00:53 :: DEBUG :: BB.ENDPOINTS :: Discarding 5 cards: J♣, 9♠, 8♠, 7♦, 4♣ (1 discards left)
INFO - [G] 2026-09-13 18:00:54 :: DEBUG :: BB.ENDPOINTS :: Return discard()
INFO - [G] 2026-09-13 18:00:54 :: DEBUG :: BB.RESPONSE :: discard OK (1774ms)
INFO - [G] 2026-09-13 18:00:56 :: DEBUG :: BB.SERVER :: Client connected
INFO - [G] 2026-09-13 18:00:56 :: DEBUG :: BB.REQUEST :: gamestate()
INFO - [G] 2026-09-13 18:00:56 :: DEBUG :: BB.ENDPOINTS :: Init gamestate()
INFO - [G] 2026-09-13 18:00:56 :: DEBUG :: BB.ENDPOINTS :: Return gamestate()
INFO - [G] 2026-09-13 18:00:56 :: DEBUG :: BB.RESPONSE :: gamestate OK (1ms)
INFO - [G] 2026-09-13 18:00:56 :: DEBUG :: BB.SERVER :: Client connected
INFO - [G] 2026-09-13 18:00:56 :: DEBUG :: BB.REQUEST :: gamestate()
INFO - [G] 2026-09-13 18:00:56 :: DEBUG :: BB.ENDPOINTS :: Init gamestate()
INFO - [G] 2026-09-13 18:00:56 :: DEBUG :: BB.ENDPOINTS :: Return gamestate()
INFO - [G] 2026-09-13 18:00:56 :: DEBUG :: BB.RESPONSE :: gamestate OK (1ms)
INFO - [G] 2026-09-13 18:00:56 :: DEBUG :: BB.SERVER :: Client connected
INFO - [G] 2026-09-13 18:00:56 :: DEBUG :: BB.REQUEST :: gamestate()
INFO - [G] 2026-09-13 18:00:56 :: DEBUG :: BB.ENDPOINTS :: Init gamestate()
INFO - [G] 2026-09-13 18:00:56 :: DEBUG :: BB.ENDPOINTS :: Return gamestate()
INFO - [G] 2026-09-13 18:00:56 :: DEBUG :: BB.RESPONSE :: gamestate OK (1ms)
INFO - [G] 2026-09-13 18:00:56 :: DEBUG :: BB.SERVER :: Client connected
INFO - [G] 2026-09-13 18:00:56 :: DEBUG :: BB.REQUEST :: gamestate()
INFO - [G] 2026-09-13 18:00:56 :: DEBUG :: BB.ENDPOINTS :: Init gamestate()
INFO - [G] 2026-09-13 18:00:56 :: DEBUG :: BB.ENDPOINTS :: Return gamestate()
INFO - [G] 2026-09-13 18:00:56 :: DEBUG :: BB.RESPONSE :: gamestate OK (1ms)
INFO - [G] 2026-09-13 18:00:57 :: DEBUG :: BB.SERVER :: Client connected
INFO - [G] 2026-09-13 18:00:57 :: DEBUG :: BB.REQUEST :: gamestate()
INFO - [G] 2026-09-13 18:00:57 :: DEBUG :: BB.ENDPOINTS :: Init gamestate()
INFO - [G] 2026-09-13 18:00:57 :: DEBUG :: BB.ENDPOINTS :: Return gamestate()
INFO - [G] 2026-09-13 18:00:57 :: DEBUG :: BB.RESPONSE :: gamestate OK (1ms)
INFO - [G] 2026-09-13 18:00:57 :: DEBUG :: BB.SERVER :: Client connected
INFO - [G] 2026-09-13 18:00:57 :: DEBUG :: BB.REQUEST :: play({cards=[0,1,6,7]})
INFO - [G] 2026-09-13 18:00:57 :: DEBUG :: BB.ENDPOINTS :: Init play()
INFO - [G] 2026-09-13 18:00:57 :: DEBUG :: BB.ENDPOINTS :: Playing 4 cards: K♥, K♣, 2♠, 2♦
INFO - [G] 2026-09-13 18:01:09 :: DEBUG :: BB.ENDPOINTS :: Return play() - same round
INFO - [G] 2026-09-13 18:01:09 :: DEBUG :: BB.RESPONSE :: play OK (12055ms)
INFO - [G] 2026-09-13 18:01:10 :: DEBUG :: BB.SERVER :: Client connected
INFO - [G] 2026-09-13 18:01:10 :: DEBUG :: BB.REQUEST :: gamestate()
INFO - [G] 2026-09-13 18:01:10 :: DEBUG :: BB.ENDPOINTS :: Init gamestate()
INFO - [G] 2026-09-13 18:01:10 :: DEBUG :: BB.ENDPOINTS :: Return gamestate()
INFO - [G] 2026-09-13 18:01:10 :: DEBUG :: BB.RESPONSE :: gamestate OK (1ms)
INFO - [G] 2026-09-13 18:01:11 :: DEBUG :: BB.SERVER :: Client connected
INFO - [G] 2026-09-13 18:01:11 :: DEBUG :: BB.REQUEST :: gamestate()
INFO - [G] 2026-09-13 18:01:11 :: DEBUG :: BB.ENDPOINTS :: Init gamestate()
INFO - [G] 2026-09-13 18:01:11 :: DEBUG :: BB.ENDPOINTS :: Return gamestate()
INFO - [G] 2026-09-13 18:01:11 :: DEBUG :: BB.RESPONSE :: gamestate OK (0ms)
INFO - [G] 2026-09-13 18:01:11 :: DEBUG :: BB.SERVER :: Client connected
INFO - [G] 2026-09-13 18:01:11 :: DEBUG :: BB.REQUEST :: gamestate()
INFO - [G] 2026-09-13 18:01:11 :: DEBUG :: BB.ENDPOINTS :: Init gamestate()
INFO - [G] 2026-09-13 18:01:11 :: DEBUG :: BB.ENDPOINTS :: Return gamestate()
INFO - [G] 2026-09-13 18:01:11 :: DEBUG :: BB.RESPONSE :: gamestate OK (0ms)
INFO - [G] 2026-09-13 18:01:11 :: DEBUG :: BB.SERVER :: Client connected
INFO - [G] 2026-09-13 18:01:11 :: DEBUG :: BB.REQUEST :: gamestate()
INFO - [G] 2026-09-13 18:01:11 :: DEBUG :: BB.ENDPOINTS :: Init gamestate()
INFO - [G] 2026-09-13 18:01:11 :: DEBUG :: BB.ENDPOINTS :: Return gamestate()
INFO - [G] 2026-09-13 18:01:11 :: DEBUG :: BB.RESPONSE :: gamestate OK (0ms)
INFO - [G] 2026-09-13 18:01:11 :: DEBUG :: BB.SERVER :: Client connected
INFO - [G] 2026-09-13 18:01:11 :: DEBUG :: BB.REQUEST :: play({cards=[3,4,5]})
INFO - [G] 2026-09-13 18:01:11 :: DEBUG :: BB.ENDPOINTS :: Init play()
INFO - [G] 2026-09-13 18:01:11 :: DEBUG :: BB.ENDPOINTS :: Playing 3 cards: 6♠, 6♥, 6♦
INFO - [G] 2026-09-13 18:01:21 :: DEBUG :: BB.RESPONSE :: play OK (9780ms)
INFO - [G] 2026-09-13 18:01:22 :: DEBUG :: BB.SERVER :: Client connected
INFO - [G] 2026-09-13 18:01:22 :: DEBUG :: BB.REQUEST :: gamestate()
INFO - [G] 2026-09-13 18:01:22 :: DEBUG :: BB.ENDPOINTS :: Init gamestate()
INFO - [G] 2026-09-13 18:01:22 :: DEBUG :: BB.ENDPOINTS :: Return gamestate()
INFO - [G] 2026-09-13 18:01:22 :: DEBUG :: BB.RESPONSE :: gamestate OK (0ms)
INFO - [G] 2026-09-13 18:22:45 :: DEBUG :: BB.SERVER :: Client connected
INFO - [G] 2026-09-13 18:22:45 :: DEBUG :: BB.REQUEST :: health()
INFO - [G] 2026-09-13 18:22:45 :: DEBUG :: BB.ENDPOINTS :: Init health()
INFO - [G] 2026-09-13 18:22:45 :: DEBUG :: BB.ENDPOINTS :: Return health()
INFO - [G] 2026-09-13 18:22:45 :: DEBUG :: BB.RESPONSE :: health OK (0ms)
INFO - [G] 2026-09-13 18:22:46 :: DEBUG :: BB.SERVER :: Client connected
INFO - [G] 2026-09-13 18:22:46 :: DEBUG :: BB.REQUEST :: menu()
INFO - [G] 2026-09-13 18:22:46 :: DEBUG :: BB.ENDPOINTS :: Init menu()
INFO - [G] 2026-09-13 18:22:50 :: DEBUG :: BB.ENDPOINTS :: Return menu()
INFO - [G] 2026-09-13 18:22:50 :: DEBUG :: BB.RESPONSE :: menu OK (3876ms)
INFO - [G] 2026-09-13 18:22:50 :: DEBUG :: BB.SERVER :: Client connected
INFO - [G] 2026-09-13 18:22:50 :: DEBUG :: BB.REQUEST :: start({deck="RED", stake="WHITE"})
INFO - [G] 2026-09-13 18:22:50 :: DEBUG :: BB.ENDPOINTS :: Init start()
INFO - [G] 2026-09-13 18:22:50 :: DEBUG :: BB.ENDPOINTS :: Setting deck to: Red Deck (from enum: RED)
INFO - [G] 2026-09-13 18:22:50 :: DEBUG :: BB.ENDPOINTS :: Starting run with stake=1 (WHITE), seed=none
INFO - [G] 2026-09-13 18:22:53 :: DEBUG :: BB.ENDPOINTS :: Return start()
INFO - [G] 2026-09-13 18:22:53 :: DEBUG :: BB.RESPONSE :: start OK (3065ms)
INFO - [G] 2026-09-13 18:22:53 :: DEBUG :: BB.SERVER :: Client connected
INFO - [G] 2026-09-13 18:22:53 :: DEBUG :: BB.REQUEST :: gamestate()
INFO - [G] 2026-09-13 18:22:53 :: DEBUG :: BB.ENDPOINTS :: Init gamestate()
INFO - [G] 2026-09-13 18:22:53 :: DEBUG :: BB.ENDPOINTS :: Return gamestate()
INFO - [G] 2026-09-13 18:22:53 :: DEBUG :: BB.RESPONSE :: gamestate OK (1ms)
INFO - [G] 2026-09-13 18:22:53 :: DEBUG :: BB.SERVER :: Client connected
INFO - [G] 2026-09-13 18:22:53 :: DEBUG :: BB.REQUEST :: select()
INFO - [G] 2026-09-13 18:22:53 :: DEBUG :: BB.ENDPOINTS :: Init select()
INFO - [G] 2026-09-13 18:22:53 :: DEBUG :: BB.ENDPOINTS :: Selecting Small (Small Blind), chips required: ?
INFO - [G] 2026-09-13 18:22:58 :: DEBUG :: BB.ENDPOINTS :: Return select()
INFO - [G] 2026-09-13 18:22:58 :: DEBUG :: BB.RESPONSE :: select OK (4763ms)
INFO - [G] 2026-09-13 18:22:59 :: DEBUG :: BB.SERVER :: Client connected
INFO - [G] 2026-09-13 18:22:59 :: DEBUG :: BB.REQUEST :: gamestate()
INFO - [G] 2026-09-13 18:22:59 :: DEBUG :: BB.ENDPOINTS :: Init gamestate()
INFO - [G] 2026-09-13 18:22:59 :: DEBUG :: BB.ENDPOINTS :: Return gamestate()
INFO - [G] 2026-09-13 18:22:59 :: DEBUG :: BB.RESPONSE :: gamestate OK (1ms)
INFO - [G] 2026-09-13 18:23:00 :: DEBUG :: BB.SERVER :: Client connected
INFO - [G] 2026-09-13 18:23:00 :: DEBUG :: BB.REQUEST :: gamestate()
INFO - [G] 2026-09-13 18:23:00 :: DEBUG :: BB.ENDPOINTS :: Init gamestate()
INFO - [G] 2026-09-13 18:23:00 :: DEBUG :: BB.ENDPOINTS :: Return gamestate()
INFO - [G] 2026-09-13 18:23:00 :: DEBUG :: BB.RESPONSE :: gamestate OK (1ms)
INFO - [G] 2026-09-13 18:23:00 :: DEBUG :: BB.SERVER :: Client connected
INFO - [G] 2026-09-13 18:23:00 :: DEBUG :: BB.REQUEST :: gamestate()
INFO - [G] 2026-09-13 18:23:00 :: DEBUG :: BB.ENDPOINTS :: Init gamestate()
INFO - [G] 2026-09-13 18:23:00 :: DEBUG :: BB.ENDPOINTS :: Return gamestate()
INFO - [G] 2026-09-13 18:23:00 :: DEBUG :: BB.RESPONSE :: gamestate OK (1ms)
INFO - [G] 2026-09-13 18:23:00 :: DEBUG :: BB.SERVER :: Client connected
INFO - [G] 2026-09-13 18:23:00 :: DEBUG :: BB.REQUEST :: gamestate()
INFO - [G] 2026-09-13 18:23:00 :: DEBUG :: BB.ENDPOINTS :: Init gamestate()
INFO - [G] 2026-09-13 18:23:00 :: DEBUG :: BB.ENDPOINTS :: Return gamestate()
INFO - [G] 2026-09-13 18:23:00 :: DEBUG :: BB.RESPONSE :: gamestate OK (1ms)
INFO - [G] 2026-09-13 18:23:00 :: DEBUG :: BB.SERVER :: Client connected
INFO - [G] 2026-09-13 18:23:00 :: DEBUG :: BB.REQUEST :: gamestate()
INFO - [G] 2026-09-13 18:23:00 :: DEBUG :: BB.ENDPOINTS :: Init gamestate()
INFO - [G] 2026-09-13 18:23:00 :: DEBUG :: BB.ENDPOINTS :: Return gamestate()
INFO - [G] 2026-09-13 18:23:00 :: DEBUG :: BB.RESPONSE :: gamestate OK (1ms)
INFO - [G] 2026-09-13 18:23:01 :: DEBUG :: BB.SERVER :: Client connected
INFO - [G] 2026-09-13 18:23:01 :: DEBUG :: BB.REQUEST :: play({cards=[1,2,5,6]})
INFO - [G] 2026-09-13 18:23:01 :: DEBUG :: BB.ENDPOINTS :: Init play()
INFO - [G] 2026-09-13 18:23:01 :: DEBUG :: BB.ENDPOINTS :: Playing 4 cards: J♠, J♣, 7♣, 7♦
INFO - [G] 2026-09-13 18:23:11 :: DEBUG :: BB.ENDPOINTS :: Return play() - same round
INFO - [G] 2026-09-13 18:23:11 :: DEBUG :: BB.RESPONSE :: play OK (10668ms)
INFO - [G] 2026-09-13 18:23:13 :: DEBUG :: BB.SERVER :: Client connected
INFO - [G] 2026-09-13 18:23:13 :: DEBUG :: BB.REQUEST :: gamestate()
INFO - [G] 2026-09-13 18:23:13 :: DEBUG :: BB.ENDPOINTS :: Init gamestate()
INFO - [G] 2026-09-13 18:23:13 :: DEBUG :: BB.ENDPOINTS :: Return gamestate()
INFO - [G] 2026-09-13 18:23:13 :: DEBUG :: BB.RESPONSE :: gamestate OK (1ms)
INFO - [G] 2026-09-13 18:23:13 :: DEBUG :: BB.SERVER :: Client connected
INFO - [G] 2026-09-13 18:23:13 :: DEBUG :: BB.REQUEST :: gamestate()
INFO - [G] 2026-09-13 18:23:13 :: DEBUG :: BB.ENDPOINTS :: Init gamestate()
INFO - [G] 2026-09-13 18:23:13 :: DEBUG :: BB.ENDPOINTS :: Return gamestate()
INFO - [G] 2026-09-13 18:23:13 :: DEBUG :: BB.RESPONSE :: gamestate OK (1ms)
INFO - [G] 2026-09-13 18:23:13 :: DEBUG :: BB.SERVER :: Client connected
INFO - [G] 2026-09-13 18:23:13 :: DEBUG :: BB.REQUEST :: gamestate()
INFO - [G] 2026-09-13 18:23:13 :: DEBUG :: BB.ENDPOINTS :: Init gamestate()
INFO - [G] 2026-09-13 18:23:13 :: DEBUG :: BB.ENDPOINTS :: Return gamestate()
INFO - [G] 2026-09-13 18:23:13 :: DEBUG :: BB.RESPONSE :: gamestate OK (1ms)
INFO - [G] 2026-09-13 18:23:14 :: DEBUG :: BB.SERVER :: Client connected
INFO - [G] 2026-09-13 18:23:14 :: DEBUG :: BB.REQUEST :: gamestate()
INFO - [G] 2026-09-13 18:23:14 :: DEBUG :: BB.ENDPOINTS :: Init gamestate()
INFO - [G] 2026-09-13 18:23:14 :: DEBUG :: BB.ENDPOINTS :: Return gamestate()
INFO - [G] 2026-09-13 18:23:14 :: DEBUG :: BB.RESPONSE :: gamestate OK (1ms)
INFO - [G] 2026-09-13 18:23:14 :: DEBUG :: BB.SERVER :: Client connected
INFO - [G] 2026-09-13 18:23:14 :: DEBUG :: BB.REQUEST :: gamestate()
INFO - [G] 2026-09-13 18:23:14 :: DEBUG :: BB.ENDPOINTS :: Init gamestate()
INFO - [G] 2026-09-13 18:23:14 :: DEBUG :: BB.ENDPOINTS :: Return gamestate()
INFO - [G] 2026-09-13 18:23:14 :: DEBUG :: BB.RESPONSE :: gamestate OK (1ms)
INFO - [G] 2026-09-13 18:23:14 :: DEBUG :: BB.SERVER :: Client connected
INFO - [G] 2026-09-13 18:23:14 :: DEBUG :: BB.REQUEST :: play({cards=[2,3,5,6]})
INFO - [G] 2026-09-13 18:23:14 :: DEBUG :: BB.ENDPOINTS :: Init play()
INFO - [G] 2026-09-13 18:23:14 :: DEBUG :: BB.ENDPOINTS :: Playing 4 cards: 10♠, 10♥, 8♣, 8♦
INFO - [G] 2026-09-13 18:23:25 :: DEBUG :: BB.ENDPOINTS :: Return play() - same round
INFO - [G] 2026-09-13 18:23:25 :: DEBUG :: BB.RESPONSE :: play OK (10612ms)
INFO - [G] 2026-09-13 18:23:26 :: DEBUG :: BB.SERVER :: Client connected
INFO - [G] 2026-09-13 18:23:26 :: DEBUG :: BB.REQUEST :: gamestate()
INFO - [G] 2026-09-13 18:23:26 :: DEBUG :: BB.ENDPOINTS :: Init gamestate()
INFO - [G] 2026-09-13 18:23:26 :: DEBUG :: BB.ENDPOINTS :: Return gamestate()
INFO - [G] 2026-09-13 18:23:26 :: DEBUG :: BB.RESPONSE :: gamestate OK (1ms)
INFO - [G] 2026-09-13 18:23:27 :: DEBUG :: BB.SERVER :: Client connected
INFO - [G] 2026-09-13 18:23:27 :: DEBUG :: BB.REQUEST :: gamestate()
INFO - [G] 2026-09-13 18:23:27 :: DEBUG :: BB.ENDPOINTS :: Init gamestate()
INFO - [G] 2026-09-13 18:23:27 :: DEBUG :: BB.ENDPOINTS :: Return gamestate()
INFO - [G] 2026-09-13 18:23:27 :: DEBUG :: BB.RESPONSE :: gamestate OK (1ms)
INFO - [G] 2026-09-13 18:23:27 :: DEBUG :: BB.SERVER :: Client connected
INFO - [G] 2026-09-13 18:23:27 :: DEBUG :: BB.REQUEST :: gamestate()
INFO - [G] 2026-09-13 18:23:27 :: DEBUG :: BB.ENDPOINTS :: Init gamestate()
INFO - [G] 2026-09-13 18:23:27 :: DEBUG :: BB.ENDPOINTS :: Return gamestate()
INFO - [G] 2026-09-13 18:23:27 :: DEBUG :: BB.RESPONSE :: gamestate OK (1ms)
INFO - [G] 2026-09-13 18:23:27 :: DEBUG :: BB.SERVER :: Client connected
INFO - [G] 2026-09-13 18:23:27 :: DEBUG :: BB.REQUEST :: gamestate()
INFO - [G] 2026-09-13 18:23:27 :: DEBUG :: BB.ENDPOINTS :: Init gamestate()
INFO - [G] 2026-09-13 18:23:27 :: DEBUG :: BB.ENDPOINTS :: Return gamestate()
INFO - [G] 2026-09-13 18:23:27 :: DEBUG :: BB.RESPONSE :: gamestate OK (1ms)
INFO - [G] 2026-09-13 18:23:28 :: DEBUG :: BB.SERVER :: Client connected
INFO - [G] 2026-09-13 18:23:28 :: DEBUG :: BB.REQUEST :: gamestate()
INFO - [G] 2026-09-13 18:23:28 :: DEBUG :: BB.ENDPOINTS :: Init gamestate()
INFO - [G] 2026-09-13 18:23:28 :: DEBUG :: BB.ENDPOINTS :: Return gamestate()
INFO - [G] 2026-09-13 18:23:28 :: DEBUG :: BB.RESPONSE :: gamestate OK (1ms)
INFO - [G] 2026-09-13 18:23:28 :: DEBUG :: BB.SERVER :: Client connected
INFO - [G] 2026-09-13 18:23:28 :: DEBUG :: BB.REQUEST :: play({cards=[0,1,3,4]})
INFO - [G] 2026-09-13 18:23:28 :: DEBUG :: BB.ENDPOINTS :: Init play()
INFO - [G] 2026-09-13 18:23:28 :: DEBUG :: BB.ENDPOINTS :: Playing 4 cards: A♥, A♦, Q♠, Q♦
INFO - [G] 2026-09-13 18:23:45 :: DEBUG :: BB.ENDPOINTS :: Return play() - cash out
INFO - [G] 2026-09-13 18:23:45 :: DEBUG :: BB.RESPONSE :: play OK (17057ms)
INFO - [G] 2026-09-13 18:23:46 :: DEBUG :: BB.SERVER :: Client connected
INFO - [G] 2026-09-13 18:23:46 :: DEBUG :: BB.REQUEST :: gamestate()
INFO - [G] 2026-09-13 18:23:46 :: DEBUG :: BB.ENDPOINTS :: Init gamestate()
INFO - [G] 2026-09-13 18:23:46 :: DEBUG :: BB.ENDPOINTS :: Return gamestate()
INFO - [G] 2026-09-13 18:23:46 :: DEBUG :: BB.RESPONSE :: gamestate OK (1ms)
INFO - [G] 2026-09-13 18:23:46 :: DEBUG :: BB.SERVER :: Client connected
INFO - [G] 2026-09-13 18:23:46 :: DEBUG :: BB.REQUEST :: cash_out()
INFO - [G] 2026-09-13 18:23:46 :: DEBUG :: BB.ENDPOINTS :: Init cash_out()
INFO - [G] 2026-09-13 18:23:48 :: DEBUG :: BB.ENDPOINTS :: Return cash_out() - reached SHOP state
INFO - [G] 2026-09-13 18:23:48 :: DEBUG :: BB.RESPONSE :: cash_out OK (1816ms)
INFO - [G] 2026-09-13 18:23:50 :: DEBUG :: BB.SERVER :: Client connected
INFO - [G] 2026-09-13 18:23:50 :: DEBUG :: BB.REQUEST :: gamestate()
INFO - [G] 2026-09-13 18:23:50 :: DEBUG :: BB.ENDPOINTS :: Init gamestate()
INFO - [G] 2026-09-13 18:23:50 :: DEBUG :: BB.ENDPOINTS :: Return gamestate()
INFO - [G] 2026-09-13 18:23:50 :: DEBUG :: BB.RESPONSE :: gamestate OK (2ms)
INFO - [G] 2026-09-13 18:23:50 :: DEBUG :: BB.SERVER :: Client connected
INFO - [G] 2026-09-13 18:23:50 :: DEBUG :: BB.REQUEST :: next_round()
INFO - [G] 2026-09-13 18:23:50 :: DEBUG :: BB.ENDPOINTS :: Init next_round()
INFO - [G] 2026-09-13 18:23:50 :: DEBUG :: BB.ENDPOINTS :: Return next_round() - reached BLIND_SELECT state
INFO - [G] 2026-09-13 18:23:50 :: DEBUG :: BB.RESPONSE :: next_round OK (626ms)
INFO - [G] 2026-09-13 18:23:52 :: DEBUG :: BB.SERVER :: Client connected
INFO - [G] 2026-09-13 18:23:52 :: DEBUG :: BB.REQUEST :: gamestate()
INFO - [G] 2026-09-13 18:23:52 :: DEBUG :: BB.ENDPOINTS :: Init gamestate()
INFO - [G] 2026-09-13 18:23:52 :: DEBUG :: BB.ENDPOINTS :: Return gamestate()
INFO - [G] 2026-09-13 18:23:52 :: DEBUG :: BB.RESPONSE :: gamestate OK (1ms)
INFO - [G] 2026-09-13 18:23:52 :: DEBUG :: BB.SERVER :: Client connected
INFO - [G] 2026-09-13 18:23:52 :: DEBUG :: BB.REQUEST :: select()
INFO - [G] 2026-09-13 18:23:52 :: DEBUG :: BB.ENDPOINTS :: Init select()
INFO - [G] 2026-09-13 18:23:52 :: DEBUG :: BB.ENDPOINTS :: Selecting Big (Big Blind), chips required: ?
INFO - [G] 2026-09-13 18:23:55 :: DEBUG :: BB.ENDPOINTS :: Return select()
INFO - [G] 2026-09-13 18:23:55 :: DEBUG :: BB.RESPONSE :: select OK (3015ms)
INFO - [G] 2026-09-13 18:23:56 :: DEBUG :: BB.SERVER :: Client connected
INFO - [G] 2026-09-13 18:23:56 :: DEBUG :: BB.REQUEST :: gamestate()
INFO - [G] 2026-09-13 18:23:56 :: DEBUG :: BB.ENDPOINTS :: Init gamestate()
INFO - [G] 2026-09-13 18:23:56 :: DEBUG :: BB.ENDPOINTS :: Return gamestate()
INFO - [G] 2026-09-13 18:23:56 :: DEBUG :: BB.RESPONSE :: gamestate OK (1ms)
INFO - [G] 2026-09-13 18:23:57 :: DEBUG :: BB.SERVER :: Client connected
INFO - [G] 2026-09-13 18:23:57 :: DEBUG :: BB.REQUEST :: gamestate()
INFO - [G] 2026-09-13 18:23:57 :: DEBUG :: BB.ENDPOINTS :: Init gamestate()
INFO - [G] 2026-09-13 18:23:57 :: DEBUG :: BB.ENDPOINTS :: Return gamestate()
INFO - [G] 2026-09-13 18:23:57 :: DEBUG :: BB.RESPONSE :: gamestate OK (1ms)
INFO - [G] 2026-09-13 18:23:57 :: DEBUG :: BB.SERVER :: Client connected
INFO - [G] 2026-09-13 18:23:57 :: DEBUG :: BB.REQUEST :: gamestate()
INFO - [G] 2026-09-13 18:23:57 :: DEBUG :: BB.ENDPOINTS :: Init gamestate()
INFO - [G] 2026-09-13 18:23:57 :: DEBUG :: BB.ENDPOINTS :: Return gamestate()
INFO - [G] 2026-09-13 18:23:57 :: DEBUG :: BB.RESPONSE :: gamestate OK (1ms)
INFO - [G] 2026-09-13 18:23:57 :: DEBUG :: BB.SERVER :: Client connected
INFO - [G] 2026-09-13 18:23:57 :: DEBUG :: BB.REQUEST :: gamestate()
INFO - [G] 2026-09-13 18:23:57 :: DEBUG :: BB.ENDPOINTS :: Init gamestate()
INFO - [G] 2026-09-13 18:23:57 :: DEBUG :: BB.ENDPOINTS :: Return gamestate()
INFO - [G] 2026-09-13 18:23:57 :: DEBUG :: BB.RESPONSE :: gamestate OK (1ms)
INFO - [G] 2026-09-13 18:23:58 :: DEBUG :: BB.SERVER :: Client connected
INFO - [G] 2026-09-13 18:23:58 :: DEBUG :: BB.REQUEST :: gamestate()
INFO - [G] 2026-09-13 18:23:58 :: DEBUG :: BB.ENDPOINTS :: Init gamestate()
INFO - [G] 2026-09-13 18:23:58 :: DEBUG :: BB.ENDPOINTS :: Return gamestate()
INFO - [G] 2026-09-13 18:23:58 :: DEBUG :: BB.RESPONSE :: gamestate OK (1ms)
INFO - [G] 2026-09-13 18:23:58 :: DEBUG :: BB.SERVER :: Client connected
INFO - [G] 2026-09-13 18:23:58 :: DEBUG :: BB.REQUEST :: gamestate()
INFO - [G] 2026-09-13 18:23:58 :: DEBUG :: BB.ENDPOINTS :: Init gamestate()
INFO - [G] 2026-09-13 18:23:58 :: DEBUG :: BB.ENDPOINTS :: Return gamestate()
INFO - [G] 2026-09-13 18:23:58 :: DEBUG :: BB.RESPONSE :: gamestate OK (1ms)
INFO - [G] 2026-09-13 18:23:58 :: DEBUG :: BB.SERVER :: Client connected
INFO - [G] 2026-09-13 18:23:58 :: DEBUG :: BB.REQUEST :: discard({cards=[0,3,4,5,6]})
INFO - [G] 2026-09-13 18:23:58 :: DEBUG :: BB.ENDPOINTS :: Init discard()
INFO - [G] 2026-09-13 18:23:58 :: DEBUG :: BB.ENDPOINTS :: Discarding 5 cards: K♣, 9♦, 8♦, 7♥, 5♠ (3 discards left)
INFO - [G] 2026-09-13 18:24:00 :: DEBUG :: BB.ENDPOINTS :: Return discard()
INFO - [G] 2026-09-13 18:24:00 :: DEBUG :: BB.RESPONSE :: discard OK (1795ms)
INFO - [G] 2026-09-13 18:24:01 :: DEBUG :: BB.SERVER :: Client connected
INFO - [G] 2026-09-13 18:24:01 :: DEBUG :: BB.REQUEST :: gamestate()
INFO - [G] 2026-09-13 18:24:01 :: DEBUG :: BB.ENDPOINTS :: Init gamestate()
INFO - [G] 2026-09-13 18:24:01 :: DEBUG :: BB.ENDPOINTS :: Return gamestate()
INFO - [G] 2026-09-13 18:24:01 :: DEBUG :: BB.RESPONSE :: gamestate OK (1ms)
INFO - [G] 2026-09-13 18:24:02 :: DEBUG :: BB.SERVER :: Client connected
INFO - [G] 2026-09-13 18:24:02 :: DEBUG :: BB.REQUEST :: gamestate()
INFO - [G] 2026-09-13 18:24:02 :: DEBUG :: BB.ENDPOINTS :: Init gamestate()
INFO - [G] 2026-09-13 18:24:02 :: DEBUG :: BB.ENDPOINTS :: Return gamestate()
INFO - [G] 2026-09-13 18:24:02 :: DEBUG :: BB.RESPONSE :: gamestate OK (1ms)
INFO - [G] 2026-09-13 18:24:02 :: DEBUG :: BB.SERVER :: Client connected
INFO - [G] 2026-09-13 18:24:02 :: DEBUG :: BB.REQUEST :: gamestate()
INFO - [G] 2026-09-13 18:24:02 :: DEBUG :: BB.ENDPOINTS :: Init gamestate()
INFO - [G] 2026-09-13 18:24:02 :: DEBUG :: BB.ENDPOINTS :: Return gamestate()
INFO - [G] 2026-09-13 18:24:02 :: DEBUG :: BB.RESPONSE :: gamestate OK (1ms)
INFO - [G] 2026-09-13 18:24:02 :: DEBUG :: BB.SERVER :: Client connected
INFO - [G] 2026-09-13 18:24:02 :: DEBUG :: BB.REQUEST :: gamestate()
INFO - [G] 2026-09-13 18:24:02 :: DEBUG :: BB.ENDPOINTS :: Init gamestate()
INFO - [G] 2026-09-13 18:24:02 :: DEBUG :: BB.ENDPOINTS :: Return gamestate()
INFO - [G] 2026-09-13 18:24:02 :: DEBUG :: BB.RESPONSE :: gamestate OK (1ms)
INFO - [G] 2026-09-13 18:24:03 :: DEBUG :: BB.SERVER :: Client connected
INFO - [G] 2026-09-13 18:24:03 :: DEBUG :: BB.REQUEST :: gamestate()
INFO - [G] 2026-09-13 18:24:03 :: DEBUG :: BB.ENDPOINTS :: Init gamestate()
INFO - [G] 2026-09-13 18:24:03 :: DEBUG :: BB.ENDPOINTS :: Return gamestate()
INFO - [G] 2026-09-13 18:24:03 :: DEBUG :: BB.RESPONSE :: gamestate OK (1ms)
INFO - [G] 2026-09-13 18:24:03 :: DEBUG :: BB.SERVER :: Client connected
INFO - [G] 2026-09-13 18:24:03 :: DEBUG :: BB.REQUEST :: discard({cards=[2,3,4,7]})
INFO - [G] 2026-09-13 18:24:03 :: DEBUG :: BB.ENDPOINTS :: Init discard()
INFO - [G] 2026-09-13 18:24:03 :: DEBUG :: BB.ENDPOINTS :: Discarding 4 cards: 9♣, 7♣, 4♥, 2♣ (2 discards left)
INFO - [G] 2026-09-13 18:24:04 :: DEBUG :: BB.ENDPOINTS :: Return discard()
INFO - [G] 2026-09-13 18:24:04 :: DEBUG :: BB.RESPONSE :: discard OK (1543ms)
INFO - [G] 2026-09-13 18:24:06 :: DEBUG :: BB.SERVER :: Client connected
INFO - [G] 2026-09-13 18:24:06 :: DEBUG :: BB.REQUEST :: gamestate()
INFO - [G] 2026-09-13 18:24:06 :: DEBUG :: BB.ENDPOINTS :: Init gamestate()
INFO - [G] 2026-09-13 18:24:06 :: DEBUG :: BB.ENDPOINTS :: Return gamestate()
INFO - [G] 2026-09-13 18:24:06 :: DEBUG :: BB.RESPONSE :: gamestate OK (1ms)
INFO - [G] 2026-09-13 18:24:06 :: DEBUG :: BB.SERVER :: Client connected
INFO - [G] 2026-09-13 18:24:06 :: DEBUG :: BB.REQUEST :: gamestate()
INFO - [G] 2026-09-13 18:24:06 :: DEBUG :: BB.ENDPOINTS :: Init gamestate()
INFO - [G] 2026-09-13 18:24:06 :: DEBUG :: BB.ENDPOINTS :: Return gamestate()
INFO - [G] 2026-09-13 18:24:06 :: DEBUG :: BB.RESPONSE :: gamestate OK (1ms)
INFO - [G] 2026-09-13 18:24:07 :: DEBUG :: BB.SERVER :: Client connected
INFO - [G] 2026-09-13 18:24:07 :: DEBUG :: BB.REQUEST :: gamestate()
INFO - [G] 2026-09-13 18:24:07 :: DEBUG :: BB.ENDPOINTS :: Init gamestate()
INFO - [G] 2026-09-13 18:24:07 :: DEBUG :: BB.ENDPOINTS :: Return gamestate()
INFO - [G] 2026-09-13 18:24:07 :: DEBUG :: BB.RESPONSE :: gamestate OK (1ms)
INFO - [G] 2026-09-13 18:24:07 :: DEBUG :: BB.SERVER :: Client connected
INFO - [G] 2026-09-13 18:24:07 :: DEBUG :: BB.REQUEST :: gamestate()
INFO - [G] 2026-09-13 18:24:07 :: DEBUG :: BB.ENDPOINTS :: Init gamestate()
INFO - [G] 2026-09-13 18:24:07 :: DEBUG :: BB.ENDPOINTS :: Return gamestate()
INFO - [G] 2026-09-13 18:24:07 :: DEBUG :: BB.RESPONSE :: gamestate OK (1ms)
INFO - [G] 2026-09-13 18:24:07 :: DEBUG :: BB.SERVER :: Client connected
INFO - [G] 2026-09-13 18:24:07 :: DEBUG :: BB.REQUEST :: gamestate()
INFO - [G] 2026-09-13 18:24:07 :: DEBUG :: BB.ENDPOINTS :: Init gamestate()
INFO - [G] 2026-09-13 18:24:07 :: DEBUG :: BB.ENDPOINTS :: Return gamestate()
INFO - [G] 2026-09-13 18:24:07 :: DEBUG :: BB.RESPONSE :: gamestate OK (1ms)
INFO - [G] 2026-09-13 18:24:08 :: DEBUG :: BB.SERVER :: Client connected
INFO - [G] 2026-09-13 18:24:08 :: DEBUG :: BB.REQUEST :: discard({cards=[0,3,4,7]})
INFO - [G] 2026-09-13 18:24:08 :: DEBUG :: BB.ENDPOINTS :: Init discard()
INFO - [G] 2026-09-13 18:24:08 :: DEBUG :: BB.ENDPOINTS :: Discarding 4 cards: Q♣, 8♠, 5♦, 2♥ (1 discards left)
INFO - [G] 2026-09-13 18:24:09 :: DEBUG :: BB.ENDPOINTS :: Return discard()
INFO - [G] 2026-09-13 18:24:09 :: DEBUG :: BB.RESPONSE :: discard OK (1542ms)
INFO - [G] 2026-09-13 18:24:11 :: DEBUG :: BB.SERVER :: Client connected
INFO - [G] 2026-09-13 18:24:11 :: DEBUG :: BB.REQUEST :: gamestate()
INFO - [G] 2026-09-13 18:24:11 :: DEBUG :: BB.ENDPOINTS :: Init gamestate()
INFO - [G] 2026-09-13 18:24:11 :: DEBUG :: BB.ENDPOINTS :: Return gamestate()
INFO - [G] 2026-09-13 18:24:11 :: DEBUG :: BB.RESPONSE :: gamestate OK (1ms)
INFO - [G] 2026-09-13 18:24:11 :: DEBUG :: BB.SERVER :: Client connected
INFO - [G] 2026-09-13 18:24:11 :: DEBUG :: BB.REQUEST :: gamestate()
INFO - [G] 2026-09-13 18:24:11 :: DEBUG :: BB.ENDPOINTS :: Init gamestate()
INFO - [G] 2026-09-13 18:24:11 :: DEBUG :: BB.ENDPOINTS :: Return gamestate()
INFO - [G] 2026-09-13 18:24:11 :: DEBUG :: BB.RESPONSE :: gamestate OK (1ms)
INFO - [G] 2026-09-13 18:24:11 :: DEBUG :: BB.SERVER :: Client connected
INFO - [G] 2026-09-13 18:24:11 :: DEBUG :: BB.REQUEST :: gamestate()
INFO - [G] 2026-09-13 18:24:11 :: DEBUG :: BB.ENDPOINTS :: Init gamestate()
INFO - [G] 2026-09-13 18:24:11 :: DEBUG :: BB.ENDPOINTS :: Return gamestate()
INFO - [G] 2026-09-13 18:24:11 :: DEBUG :: BB.RESPONSE :: gamestate OK (1ms)
INFO - [G] 2026-09-13 18:24:12 :: DEBUG :: BB.SERVER :: Client connected
INFO - [G] 2026-09-13 18:24:12 :: DEBUG :: BB.REQUEST :: gamestate()
INFO - [G] 2026-09-13 18:24:12 :: DEBUG :: BB.ENDPOINTS :: Init gamestate()
INFO - [G] 2026-09-13 18:24:12 :: DEBUG :: BB.ENDPOINTS :: Return gamestate()
INFO - [G] 2026-09-13 18:24:12 :: DEBUG :: BB.RESPONSE :: gamestate OK (1ms)
INFO - [G] 2026-09-13 18:24:12 :: DEBUG :: BB.SERVER :: Client connected
INFO - [G] 2026-09-13 18:24:12 :: DEBUG :: BB.REQUEST :: gamestate()
INFO - [G] 2026-09-13 18:24:12 :: DEBUG :: BB.ENDPOINTS :: Init gamestate()
INFO - [G] 2026-09-13 18:24:12 :: DEBUG :: BB.ENDPOINTS :: Return gamestate()
INFO - [G] 2026-09-13 18:24:12 :: DEBUG :: BB.RESPONSE :: gamestate OK (1ms)
INFO - [G] 2026-09-13 18:24:13 :: DEBUG :: BB.SERVER :: Client connected
INFO - [G] 2026-09-13 18:24:13 :: DEBUG :: BB.REQUEST :: discard({cards=[0,3,4,7]})
INFO - [G] 2026-09-13 18:24:13 :: DEBUG :: BB.ENDPOINTS :: Init discard()
INFO - [G] 2026-09-13 18:24:13 :: DEBUG :: BB.ENDPOINTS :: Discarding 4 cards: J♦, 7♠, 5♥, 2♠ (0 discards left)
INFO - [G] 2026-09-13 18:24:14 :: DEBUG :: BB.ENDPOINTS :: Return discard()
INFO - [G] 2026-09-13 18:24:14 :: DEBUG :: BB.RESPONSE :: discard OK (1540ms)
INFO - [G] 2026-09-13 18:24:16 :: DEBUG :: BB.SERVER :: Client connected
INFO - [G] 2026-09-13 18:24:16 :: DEBUG :: BB.REQUEST :: gamestate()
INFO - [G] 2026-09-13 18:24:16 :: DEBUG :: BB.ENDPOINTS :: Init gamestate()
INFO - [G] 2026-09-13 18:24:16 :: DEBUG :: BB.ENDPOINTS :: Return gamestate()
INFO - [G] 2026-09-13 18:24:16 :: DEBUG :: BB.RESPONSE :: gamestate OK (1ms)
INFO - [G] 2026-09-13 18:24:16 :: DEBUG :: BB.SERVER :: Client connected
INFO - [G] 2026-09-13 18:24:16 :: DEBUG :: BB.REQUEST :: gamestate()
INFO - [G] 2026-09-13 18:24:16 :: DEBUG :: BB.ENDPOINTS :: Init gamestate()
INFO - [G] 2026-09-13 18:24:16 :: DEBUG :: BB.ENDPOINTS :: Return gamestate()
INFO - [G] 2026-09-13 18:24:16 :: DEBUG :: BB.RESPONSE :: gamestate OK (1ms)
INFO - [G] 2026-09-13 18:24:16 :: DEBUG :: BB.SERVER :: Client connected
INFO - [G] 2026-09-13 18:24:16 :: DEBUG :: BB.REQUEST :: gamestate()
INFO - [G] 2026-09-13 18:24:16 :: DEBUG :: BB.ENDPOINTS :: Init gamestate()
INFO - [G] 2026-09-13 18:24:16 :: DEBUG :: BB.ENDPOINTS :: Return gamestate()
INFO - [G] 2026-09-13 18:24:16 :: DEBUG :: BB.RESPONSE :: gamestate OK (1ms)
INFO - [G] 2026-09-13 18:24:17 :: DEBUG :: BB.SERVER :: Client connected
INFO - [G] 2026-09-13 18:24:17 :: DEBUG :: BB.REQUEST :: gamestate()
INFO - [G] 2026-09-13 18:24:17 :: DEBUG :: BB.ENDPOINTS :: Init gamestate()
INFO - [G] 2026-09-13 18:24:17 :: DEBUG :: BB.ENDPOINTS :: Return gamestate()
INFO - [G] 2026-09-13 18:24:17 :: DEBUG :: BB.RESPONSE :: gamestate OK (1ms)
INFO - [G] 2026-09-13 18:24:17 :: DEBUG :: BB.SERVER :: Client connected
INFO - [G] 2026-09-13 18:24:17 :: DEBUG :: BB.REQUEST :: gamestate()
INFO - [G] 2026-09-13 18:24:17 :: DEBUG :: BB.ENDPOINTS :: Init gamestate()
INFO - [G] 2026-09-13 18:24:17 :: DEBUG :: BB.ENDPOINTS :: Return gamestate()
INFO - [G] 2026-09-13 18:24:17 :: DEBUG :: BB.RESPONSE :: gamestate OK (1ms)
INFO - [G] 2026-09-13 18:24:17 :: DEBUG :: BB.SERVER :: Client connected
INFO - [G] 2026-09-13 18:24:17 :: DEBUG :: BB.REQUEST :: play({cards=[0,1,2,3]})
INFO - [G] 2026-09-13 18:24:17 :: DEBUG :: BB.ENDPOINTS :: Init play()
INFO - [G] 2026-09-13 18:24:17 :: DEBUG :: BB.ENDPOINTS :: Playing 4 cards: 10♠, 10♥, 10♣, 10♦
INFO - [G] 2026-09-13 18:24:29 :: DEBUG :: BB.ENDPOINTS :: Return play() - cash out
INFO - [G] 2026-09-13 18:24:29 :: DEBUG :: BB.RESPONSE :: play OK (12287ms)
INFO - [G] 2026-09-13 18:24:31 :: DEBUG :: BB.SERVER :: Client connected
INFO - [G] 2026-09-13 18:24:31 :: DEBUG :: BB.REQUEST :: gamestate()
INFO - [G] 2026-09-13 18:24:31 :: DEBUG :: BB.ENDPOINTS :: Init gamestate()
INFO - [G] 2026-09-13 18:24:31 :: DEBUG :: BB.ENDPOINTS :: Return gamestate()
INFO - [G] 2026-09-13 18:24:31 :: DEBUG :: BB.RESPONSE :: gamestate OK (1ms)
INFO - [G] 2026-09-13 18:24:31 :: DEBUG :: BB.SERVER :: Client connected
INFO - [G] 2026-09-13 18:24:31 :: DEBUG :: BB.REQUEST :: cash_out()
INFO - [G] 2026-09-13 18:24:31 :: DEBUG :: BB.ENDPOINTS :: Init cash_out()
INFO - [G] 2026-09-13 18:24:38 :: DEBUG :: BB.ENDPOINTS :: Return cash_out() - reached SHOP state
INFO - [G] 2026-09-13 18:24:38 :: DEBUG :: BB.RESPONSE :: cash_out OK (7339ms)
INFO - [G] 2026-09-13 18:24:40 :: DEBUG :: BB.SERVER :: Client connected
INFO - [G] 2026-09-13 18:24:40 :: DEBUG :: BB.REQUEST :: gamestate()
INFO - [G] 2026-09-13 18:24:40 :: DEBUG :: BB.ENDPOINTS :: Init gamestate()
INFO - [G] 2026-09-13 18:24:40 :: DEBUG :: BB.ENDPOINTS :: Return gamestate()
INFO - [G] 2026-09-13 18:24:40 :: DEBUG :: BB.RESPONSE :: gamestate OK (2ms)
INFO - [G] 2026-09-13 18:24:40 :: DEBUG :: BB.SERVER :: Client connected
INFO - [G] 2026-09-13 18:24:40 :: DEBUG :: BB.REQUEST :: next_round()
INFO - [G] 2026-09-13 18:24:40 :: DEBUG :: BB.ENDPOINTS :: Init next_round()
INFO - [G] 2026-09-13 18:24:40 :: DEBUG :: BB.ENDPOINTS :: Return next_round() - reached BLIND_SELECT state
INFO - [G] 2026-09-13 18:24:40 :: DEBUG :: BB.RESPONSE :: next_round OK (632ms)
INFO - [G] 2026-09-13 18:24:42 :: DEBUG :: BB.SERVER :: Client connected
INFO - [G] 2026-09-13 18:24:42 :: DEBUG :: BB.REQUEST :: gamestate()
INFO - [G] 2026-09-13 18:24:42 :: DEBUG :: BB.ENDPOINTS :: Init gamestate()
INFO - [G] 2026-09-13 18:24:42 :: DEBUG :: BB.ENDPOINTS :: Return gamestate()
INFO - [G] 2026-09-13 18:24:42 :: DEBUG :: BB.RESPONSE :: gamestate OK (1ms)
INFO - [G] 2026-09-13 18:24:42 :: DEBUG :: BB.SERVER :: Client connected
INFO - [G] 2026-09-13 18:24:42 :: DEBUG :: BB.REQUEST :: select()
INFO - [G] 2026-09-13 18:24:42 :: DEBUG :: BB.ENDPOINTS :: Init select()
INFO - [G] 2026-09-13 18:24:42 :: DEBUG :: BB.ENDPOINTS :: Selecting Boss (The Goad), chips required: ?
INFO - [G] 2026-09-13 18:24:45 :: DEBUG :: BB.ENDPOINTS :: Return select()
INFO - [G] 2026-09-13 18:24:45 :: DEBUG :: BB.RESPONSE :: select OK (3037ms)
INFO - [G] 2026-09-13 18:24:46 :: DEBUG :: BB.SERVER :: Client connected
INFO - [G] 2026-09-13 18:24:46 :: DEBUG :: BB.REQUEST :: gamestate()
INFO - [G] 2026-09-13 18:24:46 :: DEBUG :: BB.ENDPOINTS :: Init gamestate()
INFO - [G] 2026-09-13 18:24:46 :: DEBUG :: BB.ENDPOINTS :: Return gamestate()
INFO - [G] 2026-09-13 18:24:46 :: DEBUG :: BB.RESPONSE :: gamestate OK (1ms)
INFO - [G] 2026-09-13 18:24:47 :: DEBUG :: BB.SERVER :: Client connected
INFO - [G] 2026-09-13 18:24:47 :: DEBUG :: BB.REQUEST :: gamestate()
INFO - [G] 2026-09-13 18:24:47 :: DEBUG :: BB.ENDPOINTS :: Init gamestate()
INFO - [G] 2026-09-13 18:24:47 :: DEBUG :: BB.ENDPOINTS :: Return gamestate()
INFO - [G] 2026-09-13 18:24:47 :: DEBUG :: BB.RESPONSE :: gamestate OK (1ms)
INFO - [G] 2026-09-13 18:24:47 :: DEBUG :: BB.SERVER :: Client connected
INFO - [G] 2026-09-13 18:24:47 :: DEBUG :: BB.REQUEST :: gamestate()
INFO - [G] 2026-09-13 18:24:47 :: DEBUG :: BB.ENDPOINTS :: Init gamestate()
INFO - [G] 2026-09-13 18:24:47 :: DEBUG :: BB.ENDPOINTS :: Return gamestate()
INFO - [G] 2026-09-13 18:24:47 :: DEBUG :: BB.RESPONSE :: gamestate OK (1ms)
INFO - [G] 2026-09-13 18:24:47 :: DEBUG :: BB.SERVER :: Client connected
INFO - [G] 2026-09-13 18:24:47 :: DEBUG :: BB.REQUEST :: gamestate()
INFO - [G] 2026-09-13 18:24:47 :: DEBUG :: BB.ENDPOINTS :: Init gamestate()
INFO - [G] 2026-09-13 18:24:47 :: DEBUG :: BB.ENDPOINTS :: Return gamestate()
INFO - [G] 2026-09-13 18:24:47 :: DEBUG :: BB.RESPONSE :: gamestate OK (1ms)
INFO - [G] 2026-09-13 18:24:47 :: DEBUG :: BB.SERVER :: Client connected
INFO - [G] 2026-09-13 18:24:47 :: DEBUG :: BB.REQUEST :: gamestate()
INFO - [G] 2026-09-13 18:24:47 :: DEBUG :: BB.ENDPOINTS :: Init gamestate()
INFO - [G] 2026-09-13 18:24:47 :: DEBUG :: BB.ENDPOINTS :: Return gamestate()
INFO - [G] 2026-09-13 18:24:47 :: DEBUG :: BB.RESPONSE :: gamestate OK (1ms)
INFO - [G] 2026-09-13 18:24:48 :: DEBUG :: BB.SERVER :: Client connected
INFO - [G] 2026-09-13 18:24:48 :: DEBUG :: BB.REQUEST :: gamestate()
INFO - [G] 2026-09-13 18:24:48 :: DEBUG :: BB.ENDPOINTS :: Init gamestate()
INFO - [G] 2026-09-13 18:24:48 :: DEBUG :: BB.ENDPOINTS :: Return gamestate()
INFO - [G] 2026-09-13 18:24:48 :: DEBUG :: BB.RESPONSE :: gamestate OK (1ms)
INFO - [G] 2026-09-13 18:24:48 :: DEBUG :: BB.SERVER :: Client connected
INFO - [G] 2026-09-13 18:24:48 :: DEBUG :: BB.REQUEST :: play({cards=[0,1,3,4,6]})
INFO - [G] 2026-09-13 18:24:48 :: DEBUG :: BB.ENDPOINTS :: Init play()
INFO - [G] 2026-09-13 18:24:48 :: DEBUG :: BB.ENDPOINTS :: Playing 5 cards: A♥, Q♥, J♥, 9♥, 5♥
INFO - [G] 2026-09-13 18:24:59 :: DEBUG :: BB.ENDPOINTS :: Return play() - same round
INFO - [G] 2026-09-13 18:24:59 :: DEBUG :: BB.RESPONSE :: play OK (11514ms)
INFO - [G] 2026-09-13 18:25:01 :: DEBUG :: BB.SERVER :: Client connected
INFO - [G] 2026-09-13 18:25:01 :: DEBUG :: BB.REQUEST :: gamestate()
INFO - [G] 2026-09-13 18:25:01 :: DEBUG :: BB.ENDPOINTS :: Init gamestate()
INFO - [G] 2026-09-13 18:25:01 :: DEBUG :: BB.ENDPOINTS :: Return gamestate()
INFO - [G] 2026-09-13 18:25:01 :: DEBUG :: BB.RESPONSE :: gamestate OK (1ms)
INFO - [G] 2026-09-13 18:25:01 :: DEBUG :: BB.SERVER :: Client connected
INFO - [G] 2026-09-13 18:25:01 :: DEBUG :: BB.REQUEST :: gamestate()
INFO - [G] 2026-09-13 18:25:01 :: DEBUG :: BB.ENDPOINTS :: Init gamestate()
INFO - [G] 2026-09-13 18:25:01 :: DEBUG :: BB.ENDPOINTS :: Return gamestate()
INFO - [G] 2026-09-13 18:25:01 :: DEBUG :: BB.RESPONSE :: gamestate OK (1ms)
INFO - [G] 2026-09-13 18:25:01 :: DEBUG :: BB.SERVER :: Client connected
INFO - [G] 2026-09-13 18:25:01 :: DEBUG :: BB.REQUEST :: gamestate()
INFO - [G] 2026-09-13 18:25:01 :: DEBUG :: BB.ENDPOINTS :: Init gamestate()
INFO - [G] 2026-09-13 18:25:01 :: DEBUG :: BB.ENDPOINTS :: Return gamestate()
INFO - [G] 2026-09-13 18:25:01 :: DEBUG :: BB.RESPONSE :: gamestate OK (1ms)
INFO - [G] 2026-09-13 18:25:02 :: DEBUG :: BB.SERVER :: Client connected
INFO - [G] 2026-09-13 18:25:02 :: DEBUG :: BB.REQUEST :: gamestate()
INFO - [G] 2026-09-13 18:25:02 :: DEBUG :: BB.ENDPOINTS :: Init gamestate()
INFO - [G] 2026-09-13 18:25:02 :: DEBUG :: BB.ENDPOINTS :: Return gamestate()
INFO - [G] 2026-09-13 18:25:02 :: DEBUG :: BB.RESPONSE :: gamestate OK (1ms)
INFO - [G] 2026-09-13 18:25:02 :: DEBUG :: BB.SERVER :: Client connected
INFO - [G] 2026-09-13 18:25:02 :: DEBUG :: BB.REQUEST :: gamestate()
INFO - [G] 2026-09-13 18:25:02 :: DEBUG :: BB.ENDPOINTS :: Init gamestate()
INFO - [G] 2026-09-13 18:25:02 :: DEBUG :: BB.ENDPOINTS :: Return gamestate()
INFO - [G] 2026-09-13 18:25:02 :: DEBUG :: BB.RESPONSE :: gamestate OK (1ms)
INFO - [G] 2026-09-13 18:25:02 :: DEBUG :: BB.SERVER :: Client connected
INFO - [G] 2026-09-13 18:25:02 :: DEBUG :: BB.REQUEST :: play({cards=[0,1,4,5]})
INFO - [G] 2026-09-13 18:25:02 :: DEBUG :: BB.ENDPOINTS :: Init play()
INFO - [G] 2026-09-13 18:25:02 :: DEBUG :: BB.ENDPOINTS :: Playing 4 cards: Q♠, Q♦, 6♠, 6♣
INFO - [G] 2026-09-13 18:25:12 :: DEBUG :: BB.ENDPOINTS :: Return play() - same round
INFO - [G] 2026-09-13 18:25:12 :: DEBUG :: BB.RESPONSE :: play OK (10187ms)
INFO - [G] 2026-09-13 18:25:14 :: DEBUG :: BB.SERVER :: Client connected
INFO - [G] 2026-09-13 18:25:14 :: DEBUG :: BB.REQUEST :: gamestate()
INFO - [G] 2026-09-13 18:25:14 :: DEBUG :: BB.ENDPOINTS :: Init gamestate()
INFO - [G] 2026-09-13 18:25:14 :: DEBUG :: BB.ENDPOINTS :: Return gamestate()
INFO - [G] 2026-09-13 18:25:14 :: DEBUG :: BB.RESPONSE :: gamestate OK (1ms)
INFO - [G] 2026-09-13 18:25:14 :: DEBUG :: BB.SERVER :: Client connected
INFO - [G] 2026-09-13 18:25:14 :: DEBUG :: BB.REQUEST :: gamestate()
INFO - [G] 2026-09-13 18:25:14 :: DEBUG :: BB.ENDPOINTS :: Init gamestate()
INFO - [G] 2026-09-13 18:25:14 :: DEBUG :: BB.ENDPOINTS :: Return gamestate()
INFO - [G] 2026-09-13 18:25:14 :: DEBUG :: BB.RESPONSE :: gamestate OK (1ms)
INFO - [G] 2026-09-13 18:25:14 :: DEBUG :: BB.SERVER :: Client connected
INFO - [G] 2026-09-13 18:25:14 :: DEBUG :: BB.REQUEST :: gamestate()
INFO - [G] 2026-09-13 18:25:14 :: DEBUG :: BB.ENDPOINTS :: Init gamestate()
INFO - [G] 2026-09-13 18:25:14 :: DEBUG :: BB.ENDPOINTS :: Return gamestate()
INFO - [G] 2026-09-13 18:25:14 :: DEBUG :: BB.RESPONSE :: gamestate OK (1ms)
INFO - [G] 2026-09-13 18:25:15 :: DEBUG :: BB.SERVER :: Client connected
INFO - [G] 2026-09-13 18:25:15 :: DEBUG :: BB.REQUEST :: gamestate()
INFO - [G] 2026-09-13 18:25:15 :: DEBUG :: BB.ENDPOINTS :: Init gamestate()
INFO - [G] 2026-09-13 18:25:15 :: DEBUG :: BB.ENDPOINTS :: Return gamestate()
INFO - [G] 2026-09-13 18:25:15 :: DEBUG :: BB.RESPONSE :: gamestate OK (1ms)
INFO - [G] 2026-09-13 18:25:15 :: DEBUG :: BB.SERVER :: Client connected
INFO - [G] 2026-09-13 18:25:15 :: DEBUG :: BB.REQUEST :: play({cards=[5,6,7]})
INFO - [G] 2026-09-13 18:25:15 :: DEBUG :: BB.ENDPOINTS :: Init play()
INFO - [G] 2026-09-13 18:25:15 :: DEBUG :: BB.ENDPOINTS :: Playing 3 cards: 3♠, 3♥, 3♣
INFO - [G] 2026-09-13 18:25:24 :: DEBUG :: BB.ENDPOINTS :: Return play() - same round
INFO - [G] 2026-09-13 18:25:24 :: DEBUG :: BB.RESPONSE :: play OK (8721ms)
INFO - [G] 2026-09-13 18:25:25 :: DEBUG :: BB.SERVER :: Client connected
INFO - [G] 2026-09-13 18:25:25 :: DEBUG :: BB.REQUEST :: gamestate()
INFO - [G] 2026-09-13 18:25:25 :: DEBUG :: BB.ENDPOINTS :: Init gamestate()
INFO - [G] 2026-09-13 18:25:25 :: DEBUG :: BB.ENDPOINTS :: Return gamestate()
INFO - [G] 2026-09-13 18:25:25 :: DEBUG :: BB.RESPONSE :: gamestate OK (2ms)
INFO - [G] 2026-09-13 18:25:28 :: DEBUG :: BB.SERVER :: Client connected
INFO - [G] 2026-09-13 18:25:28 :: DEBUG :: BB.REQUEST :: gamestate()
INFO - [G] 2026-09-13 18:25:28 :: DEBUG :: BB.ENDPOINTS :: Init gamestate()
INFO - [G] 2026-09-13 18:25:28 :: DEBUG :: BB.ENDPOINTS :: Return gamestate()
INFO - [G] 2026-09-13 18:25:28 :: DEBUG :: BB.RESPONSE :: gamestate OK (2ms)
INFO - [G] 2026-09-13 18:25:29 :: DEBUG :: BB.SERVER :: Client connected
INFO - [G] 2026-09-13 18:25:29 :: DEBUG :: BB.REQUEST :: gamestate()
INFO - [G] 2026-09-13 18:25:29 :: DEBUG :: BB.ENDPOINTS :: Init gamestate()
INFO - [G] 2026-09-13 18:25:29 :: DEBUG :: BB.ENDPOINTS :: Return gamestate()
INFO - [G] 2026-09-13 18:25:29 :: DEBUG :: BB.RESPONSE :: gamestate OK (1ms)
INFO - [G] 2026-09-13 18:25:30 :: DEBUG :: BB.SERVER :: Client connected
INFO - [G] 2026-09-13 18:25:30 :: DEBUG :: BB.REQUEST :: gamestate()
INFO - [G] 2026-09-13 18:25:30 :: DEBUG :: BB.ENDPOINTS :: Init gamestate()
INFO - [G] 2026-09-13 18:25:30 :: DEBUG :: BB.ENDPOINTS :: Return gamestate()
INFO - [G] 2026-09-13 18:25:30 :: DEBUG :: BB.RESPONSE :: gamestate OK (1ms)
INFO - [G] 2026-09-13 18:25:30 :: DEBUG :: BB.SERVER :: Client connected
INFO - [G] 2026-09-13 18:25:30 :: DEBUG :: BB.REQUEST :: gamestate()
INFO - [G] 2026-09-13 18:25:30 :: DEBUG :: BB.ENDPOINTS :: Init gamestate()
INFO - [G] 2026-09-13 18:25:30 :: DEBUG :: BB.ENDPOINTS :: Return gamestate()
INFO - [G] 2026-09-13 18:25:30 :: DEBUG :: BB.RESPONSE :: gamestate OK (1ms)
INFO - [G] 2026-09-13 18:25:30 :: DEBUG :: BB.SERVER :: Client connected
INFO - [G] 2026-09-13 18:25:30 :: DEBUG :: BB.REQUEST :: gamestate()
INFO - [G] 2026-09-13 18:25:30 :: DEBUG :: BB.ENDPOINTS :: Init gamestate()
INFO - [G] 2026-09-13 18:25:30 :: DEBUG :: BB.ENDPOINTS :: Return gamestate()
INFO - [G] 2026-09-13 18:25:30 :: DEBUG :: BB.RESPONSE :: gamestate OK (1ms)
INFO - [G] 2026-09-13 18:25:31 :: DEBUG :: BB.SERVER :: Client connected
INFO - [G] 2026-09-13 18:25:31 :: DEBUG :: BB.REQUEST :: play({cards=[0,2,3,5,6]})
INFO - [G] 2026-09-13 18:25:31 :: DEBUG :: BB.ENDPOINTS :: Init play()
INFO - [G] 2026-09-13 18:25:31 :: DEBUG :: BB.ENDPOINTS :: Playing 5 cards: J♣, 10♥, 9♠, 8♣, 7♣
INFO - [G] 2026-09-13 18:25:45 :: DEBUG :: BB.ENDPOINTS :: Return play() - cash out
INFO - [G] 2026-09-13 18:25:45 :: DEBUG :: BB.RESPONSE :: play OK (13968ms)
INFO - [G] 2026-09-13 18:25:46 :: DEBUG :: BB.SERVER :: Client connected
INFO - [G] 2026-09-13 18:25:46 :: DEBUG :: BB.REQUEST :: gamestate()
INFO - [G] 2026-09-13 18:25:46 :: DEBUG :: BB.ENDPOINTS :: Init gamestate()
INFO - [G] 2026-09-13 18:25:46 :: DEBUG :: BB.ENDPOINTS :: Return gamestate()
INFO - [G] 2026-09-13 18:25:46 :: DEBUG :: BB.RESPONSE :: gamestate OK (1ms)
